Archive member included to satisfy reference by file (symbol)

../../MCSDK_v5.4.8/MotorControl/lib\libmc-gcc_M0.lib(revup_ctrl.o)
                              ./Application/User/user_interface.o (RUC_SetPhaseDurationms)
../../MCSDK_v5.4.8/MotorControl/lib\libmc-gcc_M0.lib(fast_div.o)
                              ./Middlewares/MotorControl/ramp_ext_mngr.o (FD_Init)
c:/st/stm32cubeide_1.10.0/stm32cubeide/plugins/com.st.stm32cube.ide.mcu.externaltools.gnu-tools-for-stm32.10.3-2021.10.win32_1.0.0.202111181127/tools/bin/../lib/gcc/arm-none-eabi/10.3.1/../../../../arm-none-eabi/lib/thumb/v6-m/nofp\libc_nano.a(lib_a-errno.o)
                              ./Application/User/syscalls.o (__errno)
c:/st/stm32cubeide_1.10.0/stm32cubeide/plugins/com.st.stm32cube.ide.mcu.externaltools.gnu-tools-for-stm32.10.3-2021.10.win32_1.0.0.202111181127/tools/bin/../lib/gcc/arm-none-eabi/10.3.1/../../../../arm-none-eabi/lib/thumb/v6-m/nofp\libc_nano.a(lib_a-exit.o)
                              c:/st/stm32cubeide_1.10.0/stm32cubeide/plugins/com.st.stm32cube.ide.mcu.externaltools.gnu-tools-for-stm32.10.3-2021.10.win32_1.0.0.202111181127/tools/bin/../lib/gcc/arm-none-eabi/10.3.1/../../../../arm-none-eabi/lib/thumb/v6-m/nofp/crt0.o (exit)
c:/st/stm32cubeide_1.10.0/stm32cubeide/plugins/com.st.stm32cube.ide.mcu.externaltools.gnu-tools-for-stm32.10.3-2021.10.win32_1.0.0.202111181127/tools/bin/../lib/gcc/arm-none-eabi/10.3.1/../../../../arm-none-eabi/lib/thumb/v6-m/nofp\libc_nano.a(lib_a-impure.o)
                              c:/st/stm32cubeide_1.10.0/stm32cubeide/plugins/com.st.stm32cube.ide.mcu.externaltools.gnu-tools-for-stm32.10.3-2021.10.win32_1.0.0.202111181127/tools/bin/../lib/gcc/arm-none-eabi/10.3.1/../../../../arm-none-eabi/lib/thumb/v6-m/nofp\libc_nano.a(lib_a-exit.o) (_global_impure_ptr)
c:/st/stm32cubeide_1.10.0/stm32cubeide/plugins/com.st.stm32cube.ide.mcu.externaltools.gnu-tools-for-stm32.10.3-2021.10.win32_1.0.0.202111181127/tools/bin/../lib/gcc/arm-none-eabi/10.3.1/../../../../arm-none-eabi/lib/thumb/v6-m/nofp\libc_nano.a(lib_a-init.o)
                              c:/st/stm32cubeide_1.10.0/stm32cubeide/plugins/com.st.stm32cube.ide.mcu.externaltools.gnu-tools-for-stm32.10.3-2021.10.win32_1.0.0.202111181127/tools/bin/../lib/gcc/arm-none-eabi/10.3.1/../../../../arm-none-eabi/lib/thumb/v6-m/nofp/crt0.o (__libc_init_array)
c:/st/stm32cubeide_1.10.0/stm32cubeide/plugins/com.st.stm32cube.ide.mcu.externaltools.gnu-tools-for-stm32.10.3-2021.10.win32_1.0.0.202111181127/tools/bin/../lib/gcc/arm-none-eabi/10.3.1/../../../../arm-none-eabi/lib/thumb/v6-m/nofp\libc_nano.a(lib_a-memcpy-stub.o)
                              ./Application/User/mc_interface.o (memcpy)
c:/st/stm32cubeide_1.10.0/stm32cubeide/plugins/com.st.stm32cube.ide.mcu.externaltools.gnu-tools-for-stm32.10.3-2021.10.win32_1.0.0.202111181127/tools/bin/../lib/gcc/arm-none-eabi/10.3.1/../../../../arm-none-eabi/lib/thumb/v6-m/nofp\libc_nano.a(lib_a-memset.o)
                              c:/st/stm32cubeide_1.10.0/stm32cubeide/plugins/com.st.stm32cube.ide.mcu.externaltools.gnu-tools-for-stm32.10.3-2021.10.win32_1.0.0.202111181127/tools/bin/../lib/gcc/arm-none-eabi/10.3.1/../../../../arm-none-eabi/lib/thumb/v6-m/nofp/crt0.o (memset)
c:/st/stm32cubeide_1.10.0/stm32cubeide/plugins/com.st.stm32cube.ide.mcu.externaltools.gnu-tools-for-stm32.10.3-2021.10.win32_1.0.0.202111181127/tools/bin/../lib/gcc/arm-none-eabi/10.3.1/../../../../arm-none-eabi/lib/thumb/v6-m/nofp\libc_nano.a(lib_a-sprintf.o)
                              ./Application/User/main.o (sprintf)
c:/st/stm32cubeide_1.10.0/stm32cubeide/plugins/com.st.stm32cube.ide.mcu.externaltools.gnu-tools-for-stm32.10.3-2021.10.win32_1.0.0.202111181127/tools/bin/../lib/gcc/arm-none-eabi/10.3.1/../../../../arm-none-eabi/lib/thumb/v6-m/nofp\libc_nano.a(lib_a-nano-svfprintf.o)
                              c:/st/stm32cubeide_1.10.0/stm32cubeide/plugins/com.st.stm32cube.ide.mcu.externaltools.gnu-tools-for-stm32.10.3-2021.10.win32_1.0.0.202111181127/tools/bin/../lib/gcc/arm-none-eabi/10.3.1/../../../../arm-none-eabi/lib/thumb/v6-m/nofp\libc_nano.a(lib_a-sprintf.o) (_svfprintf_r)
c:/st/stm32cubeide_1.10.0/stm32cubeide/plugins/com.st.stm32cube.ide.mcu.externaltools.gnu-tools-for-stm32.10.3-2021.10.win32_1.0.0.202111181127/tools/bin/../lib/gcc/arm-none-eabi/10.3.1/../../../../arm-none-eabi/lib/thumb/v6-m/nofp\libc_nano.a(lib_a-nano-vfprintf_i.o)
                              c:/st/stm32cubeide_1.10.0/stm32cubeide/plugins/com.st.stm32cube.ide.mcu.externaltools.gnu-tools-for-stm32.10.3-2021.10.win32_1.0.0.202111181127/tools/bin/../lib/gcc/arm-none-eabi/10.3.1/../../../../arm-none-eabi/lib/thumb/v6-m/nofp\libc_nano.a(lib_a-nano-svfprintf.o) (_printf_i)
c:/st/stm32cubeide_1.10.0/stm32cubeide/plugins/com.st.stm32cube.ide.mcu.externaltools.gnu-tools-for-stm32.10.3-2021.10.win32_1.0.0.202111181127/tools/bin/../lib/gcc/arm-none-eabi/10.3.1/../../../../arm-none-eabi/lib/thumb/v6-m/nofp\libc_nano.a(lib_a-memchr-stub.o)
[...]
Memory Configuration

Name             Origin             Length             Attributes
RAM              0x0000000020000000 0x0000000000001000 xrw
FLASH            0x0000000008000000 0x0000000000008000 xr
*default*        0x0000000000000000 0xffffffffffffffff

Linker script and memory map

LOAD c:/st/stm32cubeide_1.10.0/stm32cubeide/plugins/com.st.stm32cube.ide.mcu.externaltools.gnu-tools-for-stm32.10.3-2021.10.win32_1.0.0.202111181127/tools/bin/../lib/gcc/arm-none-eabi/10.3.1/thumb/v6-m/nofp/crti.o
LOAD c:/st/stm32cubeide_1.10.0/stm32cubeide/plugins/com.st.stm32cube.ide.mcu.externaltools.gnu-tools-for-stm32.10.3-2021.10.win32_1.0.0.202111181127/tools/bin/../lib/gcc/arm-none-eabi/10.3.1/thumb/v6-m/nofp/crtbegin.o
LOAD c:/st/stm32cubeide_1.10.0/stm32cubeide/plugins/com.st.stm32cube.ide.mcu.externaltools.gnu-tools-for-stm32.10.3-2021.10.win32_1.0.0.202111181127/tools/bin/../lib/gcc/arm-none-eabi/10.3.1/../../../../arm-none-eabi/lib/thumb/v6-m/nofp/crt0.o
LOAD ./Application/Startup/startup_stm32f031c6tx.o
LOAD ./Application/User/dac_rctimer_ui.o
LOAD ./Application/User/main.o
LOAD ./Application/User/mc_api.o
LOAD ./Application/User/mc_config.o
LOAD ./Application/User/mc_interface.o
LOAD ./Application/User/mc_math.o
LOAD ./Application/User/mc_parameters.o
LOAD ./Application/User/mc_tasks.o
LOAD ./Application/User/motor_control_protocol.o
LOAD ./Application/User/motorcontrol.o
LOAD ./Application/User/regular_conversion_manager.o
LOAD ./Application/User/stm32f0xx_hal_msp.o
LOAD ./Application/User/stm32f0xx_it.o
LOAD ./Application/User/stm32f0xx_mc_it.o
LOAD ./Application/User/syscalls.o
LOAD ./Application/User/sysmem.o
LOAD ./Application/User/ui_task.o
LOAD ./Application/User/user_interface.o
LOAD ./Drivers/CMSIS/system_stm32f0xx.o
LOAD ./Drivers/STM32F0xx_HAL_Driver/stm32f0xx_hal.o
LOAD ./Drivers/STM32F0xx_HAL_Driver/stm32f0xx_hal_adc.o
LOAD ./Drivers/STM32F0xx_HAL_Driver/stm32f0xx_hal_adc_ex.o
LOAD ./Drivers/STM32F0xx_HAL_Driver/stm32f0xx_hal_cortex.o
LOAD ./Drivers/STM32F0xx_HAL_Driver/stm32f0xx_hal_dma.o
LOAD ./Drivers/STM32F0xx_HAL_Driver/stm32f0xx_hal_exti.o
LOAD ./Drivers/STM32F0xx_HAL_Driver/stm32f0xx_hal_flash.o
LOAD ./Drivers/STM32F0xx_HAL_Driver/stm32f0xx_hal_flash_ex.o
LOAD ./Drivers/STM32F0xx_HAL_Driver/stm32f0xx_hal_gpio.o
LOAD ./Drivers/STM32F0xx_HAL_Driver/stm32f0xx_hal_i2c.o
LOAD ./Drivers/STM32F0xx_HAL_Driver/stm32f0xx_hal_i2c_ex.o
LOAD ./Drivers/STM32F0xx_HAL_Driver/stm32f0xx_hal_pwr.o
LOAD ./Drivers/STM32F0xx_HAL_Driver/stm32f0xx_hal_pwr_ex.o
LOAD ./Drivers/STM32F0xx_HAL_Driver/stm32f0xx_hal_rcc.o
LOAD ./Drivers/STM32F0xx_HAL_Driver/stm32f0xx_hal_rcc_ex.o
LOAD ./Drivers/STM32F0xx_HAL_Driver/stm32f0xx_hal_tim.o
LOAD ./Drivers/STM32F0xx_HAL_Driver/stm32f0xx_hal_tim_ex.o
LOAD ./Drivers/STM32F0xx_HAL_Driver/stm32f0xx_hal_uart.o
LOAD ./Drivers/STM32F0xx_HAL_Driver/stm32f0xx_hal_uart_ex.o
LOAD ./Middlewares/MotorControl/bus_voltage_sensor.o
LOAD ./Middlewares/MotorControl/circle_limitation.o
LOAD ./Middlewares/MotorControl/dac_common_ui.o
LOAD ./Middlewares/MotorControl/digital_output.o
LOAD ./Middlewares/MotorControl/frame_communication_protocol.o
LOAD ./Middlewares/MotorControl/hall_speed_pos_fdbk.o
LOAD ./Middlewares/MotorControl/motor_power_measurement.o
LOAD ./Middlewares/MotorControl/ntc_temperature_sensor.o
LOAD ./Middlewares/MotorControl/open_loop.o
LOAD ./Middlewares/MotorControl/pid_regulator.o
LOAD ./Middlewares/MotorControl/pqd_motor_power_measurement.o
LOAD ./Middlewares/MotorControl/pwm_common.o
LOAD ./Middlewares/MotorControl/pwm_curr_fdbk.o
LOAD ./Middlewares/MotorControl/r3_f0xx_pwm_curr_fdbk.o
LOAD ./Middlewares/MotorControl/r_divider_bus_voltage_sensor.o
LOAD ./Middlewares/MotorControl/ramp_ext_mngr.o
LOAD ./Middlewares/MotorControl/speed_pos_fdbk.o
LOAD ./Middlewares/MotorControl/speed_torq_ctrl.o
LOAD ./Middlewares/MotorControl/state_machine.o
LOAD ./Middlewares/MotorControl/ui_irq_handler.o
LOAD ./Middlewares/MotorControl/usart_frame_communication_protocol.o
LOAD ./Middlewares/MotorControl/virtual_speed_sensor.o
LOAD ../../MCSDK_v5.4.8/MotorControl/lib\libmc-gcc_M0.lib
START GROUP
LOAD c:/st/stm32cubeide_1.10.0/stm32cubeide/plugins/com.st.stm32cube.ide.mcu.externaltools.gnu-tools-for-stm32.10.3-2021.10.win32_1.0.0.202111181127/tools/bin/../lib/gcc/arm-none-eabi/10.3.1/../../../../arm-none-eabi/lib/thumb/v6-m/nofp\libc_nano.a
LOAD c:/st/stm32cubeide_1.10.0/stm32cubeide/plugins/com.st.stm32cube.ide.mcu.externaltools.gnu-tools-for-stm32.10.3-2021.10.win32_1.0.0.202111181127/tools/bin/../lib/gcc/arm-none-eabi/10.3.1/../../../../arm-none-eabi/lib/thumb/v6-m/nofp\libm.a
END GROUP
START GROUP
LOAD c:/st/stm32cubeide_1.10.0/stm32cubeide/plugins/com.st.stm32cube.ide.mcu.externaltools.gnu-tools-for-stm32.10.3-2021.10.win32_1.0.0.202111181127/tools/bin/../lib/gcc/arm-none-eabi/10.3.1/thumb/v6-m/nofp\libgcc.a
LOAD c:/st/stm32cubeide_1.10.0/stm32cubeide/plugins/com.st.stm32cube.ide.mcu.externaltools.gnu-tools-for-stm32.10.3-2021.10.win32_1.0.0.202111181127/tools/bin/../lib/gcc/arm-none-eabi/10.3.1/../../../../arm-none-eabi/lib/thumb/v6-m/nofp\libc_nano.a
END GROUP
START GROUP
LOAD c:/st/stm32cubeide_1.10.0/stm32cubeide/plugins/com.st.stm32cube.ide.mcu.externaltools.gnu-tools-for-stm32.10.3-2021.10.win32_1.0.0.202111181127/tools/bin/../lib/gcc/arm-none-eabi/10.3.1/thumb/v6-m/nofp\libgcc.a
LOAD c:/st/stm32cubeide_1.10.0/stm32cubeide/plugins/com.st.stm32cube.ide.mcu.externaltools.gnu-tools-for-stm32.10.3-2021.10.win32_1.0.0.202111181127/tools/bin/../lib/gcc/arm-none-eabi/10.3.1/../../../../arm-none-eabi/lib/thumb/v6-m/nofp\libc_nano.a
LOAD c:/st/stm32cubeide_1.10.0/stm32cubeide/plugins/com.st.stm32cube.ide.mcu.externaltools.gnu-tools-for-stm32.10.3-2021.10.win32_1.0.0.202111181127/tools/bin/../lib/gcc/arm-none-eabi/10.3.1/../../../../arm-none-eabi/lib/thumb/v6-m/nofp\libnosys.a
END GROUP
START GROUP
LOAD c:/st/stm32cubeide_1.10.0/stm32cubeide/plugins/com.st.stm32cube.ide.mcu.externaltools.gnu-tools-for-stm32.10.3-2021.10.win32_1.0.0.202111181127/tools/bin/../lib/gcc/arm-none-eabi/10.3.1/thumb/v6-m/nofp\libgcc.a
LOAD c:/st/stm32cubeide_1.10.0/stm32cubeide/plugins/com.st.stm32cube.ide.mcu.externaltools.gnu-tools-for-stm32.10.3-2021.10.win32_1.0.0.202111181127/tools/bin/../lib/gcc/arm-none-eabi/10.3.1/../../../../arm-none-eabi/lib/thumb/v6-m/nofp\libc_nano.a
LOAD c:/st/stm32cubeide_1.10.0/stm32cubeide/plugins/com.st.stm32cube.ide.mcu.externaltools.gnu-tools-for-stm32.10.3-2021.10.win32_1.0.0.202111181127/tools/bin/../lib/gcc/arm-none-eabi/10.3.1/../../../../arm-none-eabi/lib/thumb/v6-m/nofp\libnosys.a
END GROUP
LOAD c:/st/stm32cubeide_1.10.0/stm32cubeide/plugins/com.st.stm32cube.ide.mcu.externaltools.gnu-tools-for-stm32.10.3-2021.10.win32_1.0.0.202111181127/tools/bin/../lib/gcc/arm-none-eabi/10.3.1/thumb/v6-m/nofp/crtend.o
LOAD c:/st/stm32cubeide_1.10.0/stm32cubeide/plugins/com.st.stm32cube.ide.mcu.externaltools.gnu-tools-for-stm32.10.3-2021.10.win32_1.0.0.202111181127/tools/bin/../lib/gcc/arm-none-eabi/10.3.1/thumb/v6-m/nofp/crtn.o
                0x0000000020001000                _estack = (ORIGIN (RAM) + LENGTH (RAM))
                0x0000000000000080                _Min_Heap_Size = 0x80
                0x0000000000000400                _Min_Stack_Size = 0x400

.isr_vector     0x0000000008000000       0xc0
                0x0000000008000000                . = ALIGN (0x4)
 *(.isr_vector)
 .isr_vector    0x0000000008000000       0xc0 ./Application/Startup/startup_stm32f031c6tx.o
                0x0000000008000000                g_pfnVectors
                0x00000000080000c0                . = ALIGN (0x4)

.text           0x00000000080000c0     0x6384
                0x00000000080000c0                . = ALIGN (0x4)
 *(.text)
 .text          0x00000000080000c0       0x48 c:/st/stm32cubeide_1.10.0/stm32cubeide/plugins/com.st.stm32cube.ide.mcu.externaltools.gnu-tools-for-stm32.10.3-2021.10.win32_1.0.0.202111181127/tools/bin/../lib/gcc/arm-none-eabi/10.3.1/thumb/v6-m/nofp/crtbegin.o
 .text          0x0000000008000108       0x14 c:/st/stm32cubeide_1.10.0/stm32cubeide/plugins/com.st.stm32cube.ide.mcu.externaltools.gnu-tools-for-stm32.10.3-2021.10.win32_1.0.0.202111181127/tools/bin/../lib/gcc/arm-none-eabi/10.3.1/thumb/v6-m/nofp\libgcc.a(_thumb1_case_sqi.o)
                0x0000000008000108                __gnu_thumb1_case_sqi
 .text          0x000000000800011c       0x14 c:/st/stm32cubeide_1.10.0/stm32cubeide/plugins/com.st.stm32cube.ide.mcu.externaltools.gnu-tools-for-stm32.10.3-2021.10.win32_1.0.0.202111181127/tools/bin/../lib/gcc/arm-none-eabi/10.3.1/thumb/v6-m/nofp\libgcc.a(_thumb1_case_uqi.o)
                0x000000000800011c                __gnu_thumb1_case_uqi
 .text          0x0000000008000130       0x14 c:/st/stm32cubeide_1.10.0/stm32cubeide/plugins/com.st.stm32cube.ide.mcu.externaltools.gnu-tools-for-stm32.10.3-2021.10.win32_1.0.0.202111181127/tools/bin/../lib/gcc/arm-none-eabi/10.3.1/thumb/v6-m/nofp\libgcc.a(_thumb1_case_shi.o)
                0x0000000008000130                __gnu_thumb1_case_shi
 .text          0x0000000008000144       0x14 c:/st/stm32cubeide_1.10.0/stm32cubeide/plugins/com.st.stm32cube.ide.mcu.externaltools.gnu-tools-for-stm32.10.3-2021.10.win32_1.0.0.202111181127/tools/bin/../lib/gcc/arm-none-eabi/10.3.1/thumb/v6-m/nofp\libgcc.a(_thumb1_case_uhi.o)
                0x0000000008000144                __gnu_thumb1_case_uhi
 .text          0x0000000008000158      0x114 c:/st/stm32cubeide_1.10.0/stm32cubeide/plugins/com.st.stm32cube.ide.mcu.externaltools.gnu-tools-for-stm32.10.3-2021.10.win32_1.0.0.202111181127/tools/bin/../lib/gcc/arm-none-eabi/10.3.1/thumb/v6-m/nofp\libgcc.a(_udivsi3.o)
                0x0000000008000158                __aeabi_uidiv
                0x0000000008000158                __udivsi3
                0x0000000008000264                __aeabi_uidivmod
 .text          0x000000000800026c      0x1d4 c:/st/stm32cubeide_1.10.0/stm32cubeide/plugins/com.st.stm32cube.ide.mcu.externaltools.gnu-tools-for-stm32.10.3-2021.10.win32_1.0.0.202111181127/tools/bin/../lib/gcc/arm-none-eabi/10.3.1/thumb/v6-m/nofp\libgcc.a(_divsi3.o)
                0x000000000800026c                __divsi3
                0x000000000800026c                __aeabi_idiv
                0x0000000008000438                __aeabi_idivmod
 .text          0x0000000008000440        0x4 c:/st/stm32cubeide_1.10.0/stm32cubeide/plugins/com.st.stm32cube.ide.mcu.externaltools.gnu-tools-for-stm32.10.3-2021.10.win32_1.0.0.202111181127/tools/bin/../lib/gcc/arm-none-eabi/10.3.1/thumb/v6-m/nofp\libgcc.a(_dvmd_tls.o)
                0x0000000008000440                __aeabi_idiv0
                0x0000000008000440                __aeabi_ldiv0
 *(.text*)
 .text.Reset_Handler
                0x0000000008000444       0x50 ./Application/Startup/startup_stm32f031c6tx.o
                0x0000000008000444                Reset_Handler
 .text.Default_Handler
                0x0000000008000494        0x2 ./Application/Startup/startup_stm32f031c6tx.o
                0x0000000008000494                TIM1_CC_IRQHandler
                0x0000000008000494                PVD_IRQHandler
                0x0000000008000494                PendSV_Handler
                0x0000000008000494                NMI_Handler
                0x0000000008000494                I2C1_IRQHandler
                0x0000000008000494                SPI1_IRQHandler
                0x0000000008000494                EXTI2_3_IRQHandler
                0x0000000008000494                ADC1_IRQHandler
                0x0000000008000494                TIM17_IRQHandler
                0x0000000008000494                RTC_IRQHandler
                0x0000000008000494                TIM16_IRQHandler
                0x0000000008000494                TIM3_IRQHandler
                0x0000000008000494                EXTI4_15_IRQHandler
                0x0000000008000494                RCC_IRQHandler
                0x0000000008000494                Default_Handler
                0x0000000008000494                TIM14_IRQHandler
                0x0000000008000494                SVC_Handler
                0x0000000008000494                WWDG_IRQHandler
                0x0000000008000494                DMA1_Channel2_3_IRQHandler
                0x0000000008000494                FLASH_IRQHandler
 *fill*         0x0000000008000496        0x2 
 .text.DACT_Init
                0x0000000008000498       0x20 ./Application/User/dac_rctimer_ui.o
                0x0000000008000498                DACT_Init
 .text.DACT_Exec
                0x00000000080004b8       0x24 ./Application/User/dac_rctimer_ui.o
                0x00000000080004b8                DACT_Exec
 .text.SystemClock_Config
                0x00000000080004dc       0x7e ./Application/User/main.o
                0x00000000080004dc                SystemClock_Config
 *fill*         0x000000000800055a        0x2 
 .text.startup.main
                0x000000000800055c      0x44c ./Application/User/main.o
                0x000000000800055c                main
 .text.Error_Handler
                0x00000000080009a8        0x4 ./Application/User/main.o
                0x00000000080009a8                Error_Handler
 .text.MC_StartMotor1
                0x00000000080009ac       0x10 ./Application/User/mc_api.o
                0x00000000080009ac                MC_StartMotor1
 .text.MC_StopMotor1
                0x00000000080009bc       0x10 ./Application/User/mc_api.o
                0x00000000080009bc                MC_StopMotor1
 .text.MC_GetSTMStateMotor1
                0x00000000080009cc       0x10 ./Application/User/mc_api.o
                0x00000000080009cc                MC_GetSTMStateMotor1
 .text.MCI_Init
                0x00000000080009dc       0x14 ./Application/User/mc_interface.o
                0x00000000080009dc                MCI_Init
 .text.MCI_ExecSpeedRamp
                0x00000000080009f0       0x10 ./Application/User/mc_interface.o
                0x00000000080009f0                MCI_ExecSpeedRamp
 .text.MCI_ExecTorqueRamp
                0x0000000008000a00        0xe ./Application/User/mc_interface.o
                0x0000000008000a00                MCI_ExecTorqueRamp
 .text.MCI_SetCurrentReferences
                0x0000000008000a0e       0x14 ./Application/User/mc_interface.o
                0x0000000008000a0e                MCI_SetCurrentReferences
 .text.MCI_StartMotor
                0x0000000008000a22       0x16 ./Application/User/mc_interface.o
                0x0000000008000a22                MCI_StartMotor
 .text.MCI_StopMotor
                0x0000000008000a38        0xc ./Application/User/mc_interface.o
                0x0000000008000a38                MCI_StopMotor
 .text.MCI_FaultAcknowledged
                0x0000000008000a44        0xa ./Application/User/mc_interface.o
                0x0000000008000a44                MCI_FaultAcknowledged
 .text.MCI_EncoderAlign
                0x0000000008000a4e        0xc ./Application/User/mc_interface.o
                0x0000000008000a4e                MCI_EncoderAlign
 .text.MCI_ExecBufferedCommands
                0x0000000008000a5a       0x6c ./Application/User/mc_interface.o
                0x0000000008000a5a                MCI_ExecBufferedCommands
 .text.MCI_GetSTMState
                0x0000000008000ac6        0xa ./Application/User/mc_interface.o
                0x0000000008000ac6                MCI_GetSTMState
 .text.MCI_GetControlMode
                0x0000000008000ad0        0x4 ./Application/User/mc_interface.o
                0x0000000008000ad0                MCI_GetControlMode
 .text.MCI_GetLastRampFinalSpeed
                0x0000000008000ad4       0x10 ./Application/User/mc_interface.o
                0x0000000008000ad4                MCI_GetLastRampFinalSpeed
 .text.MCI_StopRamp
                0x0000000008000ae4        0xa ./Application/User/mc_interface.o
                0x0000000008000ae4                MCI_StopRamp
 .text.MCI_GetAvrgMecSpeedUnit
                0x0000000008000aee        0xe ./Application/User/mc_interface.o
                0x0000000008000aee                MCI_GetAvrgMecSpeedUnit
 .text.MCI_GetMecSpeedRefUnit
                0x0000000008000afc        0xa ./Application/User/mc_interface.o
                0x0000000008000afc                MCI_GetMecSpeedRefUnit
 .text.MCI_GetIab
                0x0000000008000b06       0x1a ./Application/User/mc_interface.o
                0x0000000008000b06                MCI_GetIab
 .text.MCI_GetIalphabeta
                0x0000000008000b20       0x1c ./Application/User/mc_interface.o
                0x0000000008000b20                MCI_GetIalphabeta
 .text.MCI_GetIqd
                0x0000000008000b3c       0x1c ./Application/User/mc_interface.o
                0x0000000008000b3c                MCI_GetIqd
 .text.MCI_GetIqdref
                0x0000000008000b58       0x1c ./Application/User/mc_interface.o
                0x0000000008000b58                MCI_GetIqdref
 .text.MCI_GetVqd
                0x0000000008000b74       0x1c ./Application/User/mc_interface.o
                0x0000000008000b74                MCI_GetVqd
 .text.MCI_GetValphabeta
                0x0000000008000b90       0x1c ./Application/User/mc_interface.o
                0x0000000008000b90                MCI_GetValphabeta
 .text.MCI_GetTeref
                0x0000000008000bac        0x8 ./Application/User/mc_interface.o
                0x0000000008000bac                MCI_GetTeref
 .text.MCI_SetIdref
                0x0000000008000bb4        0x8 ./Application/User/mc_interface.o
                0x0000000008000bb4                MCI_SetIdref
 .text.MCI_Clear_Iqdref
                0x0000000008000bbc       0x12 ./Application/User/mc_interface.o
                0x0000000008000bbc                MCI_Clear_Iqdref
 *fill*         0x0000000008000bce        0x2 
 .text.MCM_Clarke
                0x0000000008000bd0       0x54 ./Application/User/mc_math.o
                0x0000000008000bd0                MCM_Clarke
 .text.MCM_Trig_Functions
                0x0000000008000c24       0x8c ./Application/User/mc_math.o
                0x0000000008000c24                MCM_Trig_Functions
 .text.MCM_Park
                0x0000000008000cb0       0x88 ./Application/User/mc_math.o
                0x0000000008000cb0                MCM_Park
 .text.MCM_Rev_Park
                0x0000000008000d38       0x32 ./Application/User/mc_math.o
                0x0000000008000d38                MCM_Rev_Park
 .text.LL_GPIO_LockPin
                0x0000000008000d6a       0x18 ./Application/User/mc_tasks.o
 *fill*         0x0000000008000d82        0x2 
 .text.FOC_Clear
                0x0000000008000d84       0x64 ./Application/User/mc_tasks.o
                0x0000000008000d84                FOC_Clear
 .text.MCboot   0x0000000008000de8      0x1ac ./Application/User/mc_tasks.o
                0x0000000008000de8                MCboot
 .text.FOC_InitAdditionalMethods
                0x0000000008000f94        0x2 ./Application/User/mc_tasks.o
                0x0000000008000f94                FOC_InitAdditionalMethods
 *fill*         0x0000000008000f96        0x2 
 .text.FOC_CalcCurrRef
                0x0000000008000f98       0x2c ./Application/User/mc_tasks.o
                0x0000000008000f98                FOC_CalcCurrRef
 .text.TSK_SetChargeBootCapDelayM1
                0x0000000008000fc4        0xc ./Application/User/mc_tasks.o
                0x0000000008000fc4                TSK_SetChargeBootCapDelayM1
 .text.TSK_ChargeBootCapDelayHasElapsedM1
                0x0000000008000fd0       0x10 ./Application/User/mc_tasks.o
                0x0000000008000fd0                TSK_ChargeBootCapDelayHasElapsedM1
 .text.TSK_SetStopPermanencyTimeM1
                0x0000000008000fe0        0xc ./Application/User/mc_tasks.o
                0x0000000008000fe0                TSK_SetStopPermanencyTimeM1
 .text.TSK_StopPermanencyTimeHasElapsedM1
                0x0000000008000fec       0x10 ./Application/User/mc_tasks.o
                0x0000000008000fec                TSK_StopPermanencyTimeHasElapsedM1
 .text.TSK_MediumFrequencyTaskM1
                0x0000000008000ffc      0x130 ./Application/User/mc_tasks.o
                0x0000000008000ffc                TSK_MediumFrequencyTaskM1
 .text.MC_Scheduler
                0x000000000800112c       0x54 ./Application/User/mc_tasks.o
                0x000000000800112c                MC_Scheduler
 .text.TSK_HighFrequencyTask
                0x0000000008001180      0x108 ./Application/User/mc_tasks.o
                0x0000000008001180                TSK_HighFrequencyTask
 .text.TSK_SafetyTask_PWMOFF
                0x0000000008001288       0x8c ./Application/User/mc_tasks.o
                0x0000000008001288                TSK_SafetyTask_PWMOFF
 .text.TSK_SafetyTask
                0x0000000008001314       0x1c ./Application/User/mc_tasks.o
                0x0000000008001314                TSK_SafetyTask
 .text.MC_RunMotorControlTasks
                0x0000000008001330       0x1c ./Application/User/mc_tasks.o
                0x0000000008001330                MC_RunMotorControlTasks
 .text.TSK_HardwareFaultTask
                0x000000000800134c       0x20 ./Application/User/mc_tasks.o
                0x000000000800134c                TSK_HardwareFaultTask
 .text.mc_lock_pins
                0x000000000800136c       0x8c ./Application/User/mc_tasks.o
                0x000000000800136c                mc_lock_pins
 .text.MCP_ReceivedFrame
                0x00000000080013f8      0x468 ./Application/User/motor_control_protocol.o
                0x00000000080013f8                MCP_ReceivedFrame
 .text.MCP_WaitNextFrame
                0x0000000008001860       0x1a ./Application/User/motor_control_protocol.o
                0x0000000008001860                MCP_WaitNextFrame
 *fill*         0x000000000800187a        0x2 
 .text.MCP_Init
                0x000000000800187c       0x44 ./Application/User/motor_control_protocol.o
                0x000000000800187c                MCP_Init
 .text.MCP_OnTimeOut
                0x00000000080018c0        0x8 ./Application/User/motor_control_protocol.o
                0x00000000080018c0                MCP_OnTimeOut
 .text.MCP_SentFrame
                0x00000000080018c8        0x8 ./Application/User/motor_control_protocol.o
                0x00000000080018c8                MCP_SentFrame
 .text.MX_MotorControl_Init
                0x00000000080018d0       0x44 ./Application/User/motorcontrol.o
                0x00000000080018d0                MX_MotorControl_Init
 .text.RCM_RegisterRegConv
                0x0000000008001914       0x90 ./Application/User/regular_conversion_manager.o
                0x0000000008001914                RCM_RegisterRegConv
 .text.RCM_ExecRegularConv
                0x00000000080019a4      0x124 ./Application/User/regular_conversion_manager.o
                0x00000000080019a4                RCM_ExecRegularConv
 .text.RCM_ExecUserConv
                0x0000000008001ac8       0x58 ./Application/User/regular_conversion_manager.o
                0x0000000008001ac8                RCM_ExecUserConv
 .text.RCM_ExecNextConv
                0x0000000008001b20       0x78 ./Application/User/regular_conversion_manager.o
                0x0000000008001b20                RCM_ExecNextConv
 .text.RCM_ReadOngoingConv
                0x0000000008001b98       0x4c ./Application/User/regular_conversion_manager.o
                0x0000000008001b98                RCM_ReadOngoingConv
 .text.HAL_MspInit
                0x0000000008001be4       0x30 ./Application/User/stm32f0xx_hal_msp.o
                0x0000000008001be4                HAL_MspInit
 .text.HAL_ADC_MspInit
                0x0000000008001c14       0xc0 ./Application/User/stm32f0xx_hal_msp.o
                0x0000000008001c14                HAL_ADC_MspInit
 .text.HAL_TIM_PWM_MspInit
                0x0000000008001cd4       0x64 ./Application/User/stm32f0xx_hal_msp.o
                0x0000000008001cd4                HAL_TIM_PWM_MspInit
 .text.HAL_TIM_Base_MspInit
                0x0000000008001d38       0x80 ./Application/User/stm32f0xx_hal_msp.o
                0x0000000008001d38                HAL_TIM_Base_MspInit
 .text.HAL_TIM_MspPostInit
                0x0000000008001db8       0xac ./Application/User/stm32f0xx_hal_msp.o
                0x0000000008001db8                HAL_TIM_MspPostInit
 .text.HAL_UART_MspInit
                0x0000000008001e64       0x60 ./Application/User/stm32f0xx_hal_msp.o
                0x0000000008001e64                HAL_UART_MspInit
 .text.DMA1_Channel1_IRQHandler
                0x0000000008001ec4       0x18 ./Application/User/stm32f0xx_mc_it.o
                0x0000000008001ec4                DMA1_Channel1_IRQHandler
 .text.TIM1_BRK_UP_TRG_COM_IRQHandler
                0x0000000008001edc       0x44 ./Application/User/stm32f0xx_mc_it.o
                0x0000000008001edc                TIM1_BRK_UP_TRG_COM_IRQHandler
 .text.DMA1_Channel4_5_IRQHandler
                0x0000000008001f20       0x14 ./Application/User/stm32f0xx_mc_it.o
                0x0000000008001f20                DMA1_Channel4_5_IRQHandler
 .text.TIM2_IRQHandler
                0x0000000008001f34       0x34 ./Application/User/stm32f0xx_mc_it.o
                0x0000000008001f34                TIM2_IRQHandler
 .text.USART1_IRQHandler
                0x0000000008001f68       0x64 ./Application/User/stm32f0xx_mc_it.o
                0x0000000008001f68                USART1_IRQHandler
 .text.HardFault_Handler
                0x0000000008001fcc       0x68 ./Application/User/stm32f0xx_mc_it.o
                0x0000000008001fcc                HardFault_Handler
 .text.SysTick_Handler
                0x0000000008002034       0x28 ./Application/User/stm32f0xx_mc_it.o
                0x0000000008002034                SysTick_Handler
 .text.EXTI0_1_IRQHandler
                0x000000000800205c       0x18 ./Application/User/stm32f0xx_mc_it.o
                0x000000000800205c                EXTI0_1_IRQHandler
 .text._sbrk    0x0000000008002074       0x40 ./Application/User/sysmem.o
                0x0000000008002074                _sbrk
 .text.UI_TaskInit
                0x00000000080020b4       0xc0 ./Application/User/ui_task.o
                0x00000000080020b4                UI_TaskInit
 .text.UI_Scheduler
                0x0000000008002174       0x40 ./Application/User/ui_task.o
                0x0000000008002174                UI_Scheduler
 .text.UI_DACUpdate
                0x00000000080021b4       0x1c ./Application/User/ui_task.o
                0x00000000080021b4                UI_DACUpdate
 .text.UI_SerialCommunicationTimeOutStop
                0x00000000080021d0        0xc ./Application/User/ui_task.o
                0x00000000080021d0                UI_SerialCommunicationTimeOutStop
 .text.UI_SerialCommunicationTimeOutStart
                0x00000000080021dc        0xc ./Application/User/ui_task.o
                0x00000000080021dc                UI_SerialCommunicationTimeOutStart
 .text.UI_HandleStartStopButton_cb
                0x00000000080021e8       0x16 ./Application/User/ui_task.o
                0x00000000080021e8                UI_HandleStartStopButton_cb
 .text.UI_Init  0x00000000080021fe       0x14 ./Application/User/user_interface.o
                0x00000000080021fe                UI_Init
 .text.UI_SelectMC
                0x0000000008002212       0x12 ./Application/User/user_interface.o
                0x0000000008002212                UI_SelectMC
 .text.UI_GetSelectedMC
                0x0000000008002224        0x6 ./Application/User/user_interface.o
                0x0000000008002224                UI_GetSelectedMC
 .text.UI_SetReg
                0x000000000800222a      0x100 ./Application/User/user_interface.o
                0x000000000800222a                UI_SetReg
 .text.UI_ExecCmd
                0x000000000800232a       0x9a ./Application/User/user_interface.o
                0x000000000800232a                UI_ExecCmd
 .text.UI_ExecSpeedRamp
                0x00000000080023c4       0x26 ./Application/User/user_interface.o
                0x00000000080023c4                UI_ExecSpeedRamp
 .text.UI_ExecTorqueRamp
                0x00000000080023ea       0x16 ./Application/User/user_interface.o
                0x00000000080023ea                UI_ExecTorqueRamp
 .text.UI_GetRevupData
                0x0000000008002400       0x3e ./Application/User/user_interface.o
                0x0000000008002400                UI_GetRevupData
 .text.UI_SetRevupData
                0x000000000800243e       0x3a ./Application/User/user_interface.o
                0x000000000800243e                UI_SetRevupData
 .text.UI_SetCurrentReferences
                0x0000000008002478       0x1c ./Application/User/user_interface.o
                0x0000000008002478                UI_SetCurrentReferences
 .text.UI_GetMPInfo
                0x0000000008002494        0x4 ./Application/User/user_interface.o
                0x0000000008002494                UI_GetMPInfo
 .text.UI_DACInit
                0x0000000008002498        0xc ./Application/User/user_interface.o
                0x0000000008002498                UI_DACInit
 .text.UI_DACExec
                0x00000000080024a4        0xc ./Application/User/user_interface.o
                0x00000000080024a4                UI_DACExec
 .text.UI_SetDAC
                0x00000000080024b0        0xc ./Application/User/user_interface.o
                0x00000000080024b0                UI_SetDAC
 .text.UI_GetDAC
                0x00000000080024bc       0x12 ./Application/User/user_interface.o
                0x00000000080024bc                UI_GetDAC
 *fill*         0x00000000080024ce        0x2 
 .text.UI_GetReg
                0x00000000080024d0      0x3dc ./Application/User/user_interface.o
                0x00000000080024d0                UI_GetReg
 .text.SystemInit
                0x00000000080028ac        0x2 ./Drivers/CMSIS/system_stm32f0xx.o
                0x00000000080028ac                SystemInit
 *fill*         0x00000000080028ae        0x2 
 .text.HAL_InitTick
                0x00000000080028b0       0x48 ./Drivers/STM32F0xx_HAL_Driver/stm32f0xx_hal.o
                0x00000000080028b0                HAL_InitTick
 .text.HAL_Init
                0x00000000080028f8       0x20 ./Drivers/STM32F0xx_HAL_Driver/stm32f0xx_hal.o
                0x00000000080028f8                HAL_Init
 .text.HAL_IncTick
                0x0000000008002918       0x18 ./Drivers/STM32F0xx_HAL_Driver/stm32f0xx_hal.o
                0x0000000008002918                HAL_IncTick
 .text.HAL_GetTick
                0x0000000008002930        0xc ./Drivers/STM32F0xx_HAL_Driver/stm32f0xx_hal.o
                0x0000000008002930                HAL_GetTick
 .text.HAL_Delay
                0x000000000800293c       0x24 ./Drivers/STM32F0xx_HAL_Driver/stm32f0xx_hal.o
                0x000000000800293c                HAL_Delay
 .text.HAL_ADC_Init
                0x0000000008002960      0x150 ./Drivers/STM32F0xx_HAL_Driver/stm32f0xx_hal_adc.o
                0x0000000008002960                HAL_ADC_Init
 .text.HAL_ADC_ConfigChannel
                0x0000000008002ab0      0x10c ./Drivers/STM32F0xx_HAL_Driver/stm32f0xx_hal_adc.o
                0x0000000008002ab0                HAL_ADC_ConfigChannel
 .text.HAL_NVIC_SetPriority
                0x0000000008002bbc       0x54 ./Drivers/STM32F0xx_HAL_Driver/stm32f0xx_hal_cortex.o
                0x0000000008002bbc                HAL_NVIC_SetPriority
 .text.HAL_NVIC_EnableIRQ
                0x0000000008002c10       0x18 ./Drivers/STM32F0xx_HAL_Driver/stm32f0xx_hal_cortex.o
                0x0000000008002c10                HAL_NVIC_EnableIRQ
 .text.HAL_SYSTICK_Config
                0x0000000008002c28       0x34 ./Drivers/STM32F0xx_HAL_Driver/stm32f0xx_hal_cortex.o
                0x0000000008002c28                HAL_SYSTICK_Config
 .text.HAL_SYSTICK_Callback
                0x0000000008002c5c        0x2 ./Drivers/STM32F0xx_HAL_Driver/stm32f0xx_hal_cortex.o
                0x0000000008002c5c                HAL_SYSTICK_Callback
 .text.HAL_SYSTICK_IRQHandler
                0x0000000008002c5e        0x8 ./Drivers/STM32F0xx_HAL_Driver/stm32f0xx_hal_cortex.o
                0x0000000008002c5e                HAL_SYSTICK_IRQHandler
 *fill*         0x0000000008002c66        0x2 
 .text.HAL_DMA_Init
                0x0000000008002c68       0x64 ./Drivers/STM32F0xx_HAL_Driver/stm32f0xx_hal_dma.o
                0x0000000008002c68                HAL_DMA_Init
 .text.HAL_GPIO_Init
                0x0000000008002ccc      0x160 ./Drivers/STM32F0xx_HAL_Driver/stm32f0xx_hal_gpio.o
                0x0000000008002ccc                HAL_GPIO_Init
 .text.HAL_GPIO_WritePin
                0x0000000008002e2c        0xc ./Drivers/STM32F0xx_HAL_Driver/stm32f0xx_hal_gpio.o
                0x0000000008002e2c                HAL_GPIO_WritePin
 .text.HAL_RCC_OscConfig
                0x0000000008002e38      0x400 ./Drivers/STM32F0xx_HAL_Driver/stm32f0xx_hal_rcc.o
                0x0000000008002e38                HAL_RCC_OscConfig
 .text.HAL_RCC_EnableCSS
                0x0000000008003238       0x14 ./Drivers/STM32F0xx_HAL_Driver/stm32f0xx_hal_rcc.o
                0x0000000008003238                HAL_RCC_EnableCSS
 .text.HAL_RCC_GetSysClockFreq
                0x000000000800324c       0x64 ./Drivers/STM32F0xx_HAL_Driver/stm32f0xx_hal_rcc.o
                0x000000000800324c                HAL_RCC_GetSysClockFreq
 .text.HAL_RCC_ClockConfig
                0x00000000080032b0      0x108 ./Drivers/STM32F0xx_HAL_Driver/stm32f0xx_hal_rcc.o
                0x00000000080032b0                HAL_RCC_ClockConfig
 .text.HAL_RCC_GetHCLKFreq
                0x00000000080033b8        0xc ./Drivers/STM32F0xx_HAL_Driver/stm32f0xx_hal_rcc.o
                0x00000000080033b8                HAL_RCC_GetHCLKFreq
 .text.HAL_RCC_GetPCLK1Freq
                0x00000000080033c4       0x20 ./Drivers/STM32F0xx_HAL_Driver/stm32f0xx_hal_rcc.o
                0x00000000080033c4                HAL_RCC_GetPCLK1Freq
 .text.HAL_RCCEx_PeriphCLKConfig
                0x00000000080033e4      0x10c ./Drivers/STM32F0xx_HAL_Driver/stm32f0xx_hal_rcc_ex.o
                0x00000000080033e4                HAL_RCCEx_PeriphCLKConfig
 .text.TIM_OC1_SetConfig
                0x00000000080034f0       0x78 ./Drivers/STM32F0xx_HAL_Driver/stm32f0xx_hal_tim.o
 .text.TIM_OC3_SetConfig
                0x0000000008003568       0x80 ./Drivers/STM32F0xx_HAL_Driver/stm32f0xx_hal_tim.o
 .text.TIM_OC4_SetConfig
                0x00000000080035e8       0x68 ./Drivers/STM32F0xx_HAL_Driver/stm32f0xx_hal_tim.o
 .text.TIM_Base_SetConfig
                0x0000000008003650       0x90 ./Drivers/STM32F0xx_HAL_Driver/stm32f0xx_hal_tim.o
                0x0000000008003650                TIM_Base_SetConfig
 .text.HAL_TIM_Base_Init
                0x00000000080036e0       0x50 ./Drivers/STM32F0xx_HAL_Driver/stm32f0xx_hal_tim.o
                0x00000000080036e0                HAL_TIM_Base_Init
 .text.HAL_TIM_PWM_Init
                0x0000000008003730       0x50 ./Drivers/STM32F0xx_HAL_Driver/stm32f0xx_hal_tim.o
                0x0000000008003730                HAL_TIM_PWM_Init
 .text.TIM_OC2_SetConfig
                0x0000000008003780       0x78 ./Drivers/STM32F0xx_HAL_Driver/stm32f0xx_hal_tim.o
                0x0000000008003780                TIM_OC2_SetConfig
 .text.HAL_TIM_PWM_ConfigChannel
                0x00000000080037f8       0xbc ./Drivers/STM32F0xx_HAL_Driver/stm32f0xx_hal_tim.o
                0x00000000080037f8                HAL_TIM_PWM_ConfigChannel
 .text.TIM_TI1_SetConfig
                0x00000000080038b4       0x50 ./Drivers/STM32F0xx_HAL_Driver/stm32f0xx_hal_tim.o
                0x00000000080038b4                TIM_TI1_SetConfig
 .text.TIM_ETR_SetConfig
                0x0000000008003904       0x18 ./Drivers/STM32F0xx_HAL_Driver/stm32f0xx_hal_tim.o
                0x0000000008003904                TIM_ETR_SetConfig
 .text.HAL_TIM_ConfigClockSource
                0x000000000800391c      0x14c ./Drivers/STM32F0xx_HAL_Driver/stm32f0xx_hal_tim.o
                0x000000000800391c                HAL_TIM_ConfigClockSource
 .text.TIM_CCxChannelCmd
                0x0000000008003a68       0x1a ./Drivers/STM32F0xx_HAL_Driver/stm32f0xx_hal_tim.o
                0x0000000008003a68                TIM_CCxChannelCmd
 *fill*         0x0000000008003a82        0x2 
 .text.HAL_TIM_OC_Start
                0x0000000008003a84       0xb8 ./Drivers/STM32F0xx_HAL_Driver/stm32f0xx_hal_tim.o
                0x0000000008003a84                HAL_TIM_OC_Start
 .text.HAL_TIM_PWM_Start
                0x0000000008003b3c        0x8 ./Drivers/STM32F0xx_HAL_Driver/stm32f0xx_hal_tim.o
                0x0000000008003b3c                HAL_TIM_PWM_Start
 .text.HAL_TIMEx_HallSensor_MspInit
                0x0000000008003b44        0x2 ./Drivers/STM32F0xx_HAL_Driver/stm32f0xx_hal_tim_ex.o
                0x0000000008003b44                HAL_TIMEx_HallSensor_MspInit
 .text.HAL_TIMEx_HallSensor_Init
                0x0000000008003b46       0xc4 ./Drivers/STM32F0xx_HAL_Driver/stm32f0xx_hal_tim_ex.o
                0x0000000008003b46                HAL_TIMEx_HallSensor_Init
 *fill*         0x0000000008003c0a        0x2 
 .text.HAL_TIMEx_MasterConfigSynchronization
                0x0000000008003c0c       0x58 ./Drivers/STM32F0xx_HAL_Driver/stm32f0xx_hal_tim_ex.o
                0x0000000008003c0c                HAL_TIMEx_MasterConfigSynchronization
 .text.HAL_TIMEx_ConfigBreakDeadTime
                0x0000000008003c64       0x64 ./Drivers/STM32F0xx_HAL_Driver/stm32f0xx_hal_tim_ex.o
                0x0000000008003c64                HAL_TIMEx_ConfigBreakDeadTime
 .text.UART_SetConfig
                0x0000000008003cc8      0x118 ./Drivers/STM32F0xx_HAL_Driver/stm32f0xx_hal_uart.o
                0x0000000008003cc8                UART_SetConfig
 .text.UART_AdvFeatureConfig
                0x0000000008003de0       0xd0 ./Drivers/STM32F0xx_HAL_Driver/stm32f0xx_hal_uart.o
                0x0000000008003de0                UART_AdvFeatureConfig
 .text.UART_WaitOnFlagUntilTimeout
                0x0000000008003eb0       0xc4 ./Drivers/STM32F0xx_HAL_Driver/stm32f0xx_hal_uart.o
                0x0000000008003eb0                UART_WaitOnFlagUntilTimeout
 .text.HAL_UART_Transmit
                0x0000000008003f74       0xe2 ./Drivers/STM32F0xx_HAL_Driver/stm32f0xx_hal_uart.o
                0x0000000008003f74                HAL_UART_Transmit
 *fill*         0x0000000008004056        0x2 
 .text.UART_CheckIdleState
                0x0000000008004058       0x64 ./Drivers/STM32F0xx_HAL_Driver/stm32f0xx_hal_uart.o
                0x0000000008004058                UART_CheckIdleState
 .text.HAL_UART_Init
                0x00000000080040bc       0x64 ./Drivers/STM32F0xx_HAL_Driver/stm32f0xx_hal_uart.o
                0x00000000080040bc                HAL_UART_Init
 .text.VBS_GetAvBusVoltage_V
                0x0000000008004120        0xc ./Middlewares/MotorControl/bus_voltage_sensor.o
                0x0000000008004120                VBS_GetAvBusVoltage_V
 .text.Circle_Limitation
                0x000000000800412c       0x54 ./Middlewares/MotorControl/circle_limitation.o
                0x000000000800412c                Circle_Limitation
 .text.DAC_SetChannelConfig
                0x0000000008004180        0x8 ./Middlewares/MotorControl/dac_common_ui.o
                0x0000000008004180                DAC_SetChannelConfig
 .text.DAC_GetChannelConfig
                0x0000000008004188        0x8 ./Middlewares/MotorControl/dac_common_ui.o
                0x0000000008004188                DAC_GetChannelConfig
 .text.DAC_SetUserChannelValue
                0x0000000008004190        0xa ./Middlewares/MotorControl/dac_common_ui.o
                0x0000000008004190                DAC_SetUserChannelValue
 .text.DAC_GetUserChannelValue
                0x000000000800419a        0xc ./Middlewares/MotorControl/dac_common_ui.o
                0x000000000800419a                DAC_GetUserChannelValue
 .text.FCP_Init
                0x00000000080041a6       0x1a ./Middlewares/MotorControl/frame_communication_protocol.o
                0x00000000080041a6                FCP_Init
 .text.FCP_SetClient
                0x00000000080041c0       0x10 ./Middlewares/MotorControl/frame_communication_protocol.o
                0x00000000080041c0                FCP_SetClient
 .text.FCP_CalcCRC
                0x00000000080041d0       0x22 ./Middlewares/MotorControl/frame_communication_protocol.o
                0x00000000080041d0                FCP_CalcCRC
 *fill*         0x00000000080041f2        0x2 
 .text.HALL_Init_Electrical_Angle
                0x00000000080041f4       0xc8 ./Middlewares/MotorControl/hall_speed_pos_fdbk.o
 .text.HALL_Init
                0x00000000080042bc      0x114 ./Middlewares/MotorControl/hall_speed_pos_fdbk.o
                0x00000000080042bc                HALL_Init
 .text.HALL_Clear
                0x00000000080043d0       0x54 ./Middlewares/MotorControl/hall_speed_pos_fdbk.o
                0x00000000080043d0                HALL_Clear
 .text.HALL_CalcElAngle
                0x0000000008004424       0x40 ./Middlewares/MotorControl/hall_speed_pos_fdbk.o
                0x0000000008004424                HALL_CalcElAngle
 .text.HALL_CalcAvrgMecSpeedUnit
                0x0000000008004464       0xa8 ./Middlewares/MotorControl/hall_speed_pos_fdbk.o
                0x0000000008004464                HALL_CalcAvrgMecSpeedUnit
 .text.HALL_TIMx_CC_IRQHandler
                0x000000000800450c      0x350 ./Middlewares/MotorControl/hall_speed_pos_fdbk.o
                0x000000000800450c                HALL_TIMx_CC_IRQHandler
 .text.HALL_TIMx_UP_IRQHandler
                0x000000000800485c       0x86 ./Middlewares/MotorControl/hall_speed_pos_fdbk.o
                0x000000000800485c                HALL_TIMx_UP_IRQHandler
 .text.MPM_Clear
                0x00000000080048e2       0x18 ./Middlewares/MotorControl/motor_power_measurement.o
                0x00000000080048e2                MPM_Clear
 .text.MPM_CalcElMotorPower
                0x00000000080048fa       0x40 ./Middlewares/MotorControl/motor_power_measurement.o
                0x00000000080048fa                MPM_CalcElMotorPower
 .text.MPM_GetAvrgElMotorPowerW
                0x000000000800493a        0x8 ./Middlewares/MotorControl/motor_power_measurement.o
                0x000000000800493a                MPM_GetAvrgElMotorPowerW
 .text.NTC_SetFaultState
                0x0000000008004942       0x18 ./Middlewares/MotorControl/ntc_temperature_sensor.o
                0x0000000008004942                NTC_SetFaultState
 .text.NTC_Clear
                0x000000000800495a        0x6 ./Middlewares/MotorControl/ntc_temperature_sensor.o
                0x000000000800495a                NTC_Clear
 .text.NTC_Init
                0x0000000008004960       0x26 ./Middlewares/MotorControl/ntc_temperature_sensor.o
                0x0000000008004960                NTC_Init
 *fill*         0x0000000008004986        0x2 
 .text.NTC_CalcAvTemp
                0x0000000008004988       0x40 ./Middlewares/MotorControl/ntc_temperature_sensor.o
                0x0000000008004988                NTC_CalcAvTemp
 .text.NTC_GetAvTemp_C
                0x00000000080049c8       0x26 ./Middlewares/MotorControl/ntc_temperature_sensor.o
                0x00000000080049c8                NTC_GetAvTemp_C
 .text.PID_HandleInit
                0x00000000080049ee       0x10 ./Middlewares/MotorControl/pid_regulator.o
                0x00000000080049ee                PID_HandleInit
 .text.PID_SetKP
                0x00000000080049fe        0x4 ./Middlewares/MotorControl/pid_regulator.o
                0x00000000080049fe                PID_SetKP
 .text.PID_SetKI
                0x0000000008004a02        0x4 ./Middlewares/MotorControl/pid_regulator.o
                0x0000000008004a02                PID_SetKI
 .text.PID_GetKP
                0x0000000008004a06        0x6 ./Middlewares/MotorControl/pid_regulator.o
                0x0000000008004a06                PID_GetKP
 .text.PID_GetKI
                0x0000000008004a0c        0x6 ./Middlewares/MotorControl/pid_regulator.o
                0x0000000008004a0c                PID_GetKI
 .text.PID_SetIntegralTerm
                0x0000000008004a12        0x4 ./Middlewares/MotorControl/pid_regulator.o
                0x0000000008004a12                PID_SetIntegralTerm
 .text.PID_GetKPDivisor
                0x0000000008004a16        0x4 ./Middlewares/MotorControl/pid_regulator.o
                0x0000000008004a16                PID_GetKPDivisor
 .text.PID_GetKIDivisor
                0x0000000008004a1a        0x4 ./Middlewares/MotorControl/pid_regulator.o
                0x0000000008004a1a                PID_GetKIDivisor
 .text.PID_SetKD
                0x0000000008004a1e        0x4 ./Middlewares/MotorControl/pid_regulator.o
                0x0000000008004a1e                PID_SetKD
 .text.PID_GetKD
                0x0000000008004a22        0x6 ./Middlewares/MotorControl/pid_regulator.o
                0x0000000008004a22                PID_GetKD
 .text.PI_Controller
                0x0000000008004a28       0x7c ./Middlewares/MotorControl/pid_regulator.o
                0x0000000008004a28                PI_Controller
 .text.PQD_CalcElMotorPower
                0x0000000008004aa4       0x52 ./Middlewares/MotorControl/pqd_motor_power_measurement.o
                0x0000000008004aa4                PQD_CalcElMotorPower
 .text.waitForPolarizationEnd
                0x0000000008004af6       0x48 ./Middlewares/MotorControl/pwm_common.o
                0x0000000008004af6                waitForPolarizationEnd
 .text.PWMC_GetPhaseCurrents
                0x0000000008004b3e        0x8 ./Middlewares/MotorControl/pwm_curr_fdbk.o
                0x0000000008004b3e                PWMC_GetPhaseCurrents
 .text.PWMC_SetPhaseVoltage
                0x0000000008004b46      0x1f0 ./Middlewares/MotorControl/pwm_curr_fdbk.o
                0x0000000008004b46                PWMC_SetPhaseVoltage
 .text.PWMC_SwitchOffPWM
                0x0000000008004d36        0x8 ./Middlewares/MotorControl/pwm_curr_fdbk.o
                0x0000000008004d36                PWMC_SwitchOffPWM
 .text.PWMC_CurrentReadingCalibr
                0x0000000008004d3e       0x46 ./Middlewares/MotorControl/pwm_curr_fdbk.o
                0x0000000008004d3e                PWMC_CurrentReadingCalibr
 .text.PWMC_CheckOverCurrent
                0x0000000008004d84        0x8 ./Middlewares/MotorControl/pwm_curr_fdbk.o
                0x0000000008004d84                PWMC_CheckOverCurrent
 .text.R3_1_GetPhaseCurrents
                0x0000000008004d8c      0x108 ./Middlewares/MotorControl/r3_f0xx_pwm_curr_fdbk.o
                0x0000000008004d8c                R3_1_GetPhaseCurrents
 .text.R3_1_HFCurrentsCalibrationAB
                0x0000000008004e94       0x4c ./Middlewares/MotorControl/r3_f0xx_pwm_curr_fdbk.o
                0x0000000008004e94                R3_1_HFCurrentsCalibrationAB
 .text.R3_1_HFCurrentsCalibrationC
                0x0000000008004ee0       0x48 ./Middlewares/MotorControl/r3_f0xx_pwm_curr_fdbk.o
                0x0000000008004ee0                R3_1_HFCurrentsCalibrationC
 .text.R3_1_Init
                0x0000000008004f28      0x104 ./Middlewares/MotorControl/r3_f0xx_pwm_curr_fdbk.o
                0x0000000008004f28                R3_1_Init
 .text.R3_1_WriteTIMRegisters
                0x000000000800502c       0x2e ./Middlewares/MotorControl/r3_f0xx_pwm_curr_fdbk.o
                0x000000000800502c                R3_1_WriteTIMRegisters
 .text.R3_1_SetADCSampPointCalibration
                0x000000000800505a       0x20 ./Middlewares/MotorControl/r3_f0xx_pwm_curr_fdbk.o
                0x000000000800505a                R3_1_SetADCSampPointCalibration
 .text.R3_1_SetADCSampPointSectX
                0x000000000800507a       0x58 ./Middlewares/MotorControl/r3_f0xx_pwm_curr_fdbk.o
                0x000000000800507a                R3_1_SetADCSampPointSectX
 *fill*         0x00000000080050d2        0x2 
 .text.R3_1_TurnOnLowSides
                0x00000000080050d4       0x4c ./Middlewares/MotorControl/r3_f0xx_pwm_curr_fdbk.o
                0x00000000080050d4                R3_1_TurnOnLowSides
 .text.R3_1_SwitchOnPWM
                0x0000000008005120       0xe8 ./Middlewares/MotorControl/r3_f0xx_pwm_curr_fdbk.o
                0x0000000008005120                R3_1_SwitchOnPWM
 .text.R3_1_SwitchOffPWM
                0x0000000008005208       0xa4 ./Middlewares/MotorControl/r3_f0xx_pwm_curr_fdbk.o
                0x0000000008005208                R3_1_SwitchOffPWM
 .text.R3_1_CurrentReadingCalibration
                0x00000000080052ac      0x114 ./Middlewares/MotorControl/r3_f0xx_pwm_curr_fdbk.o
                0x00000000080052ac                R3_1_CurrentReadingCalibration
 .text.R3_1_TIMx_UP_IRQHandler
                0x00000000080053c0       0x80 ./Middlewares/MotorControl/r3_f0xx_pwm_curr_fdbk.o
                0x00000000080053c0                R3_1_TIMx_UP_IRQHandler
 .text.F0XX_BRK_IRQHandler
                0x0000000008005440       0x28 ./Middlewares/MotorControl/r3_f0xx_pwm_curr_fdbk.o
                0x0000000008005440                F0XX_BRK_IRQHandler
 .text.R3_1_IsOverCurrentOccurred
                0x0000000008005468       0x24 ./Middlewares/MotorControl/r3_f0xx_pwm_curr_fdbk.o
                0x0000000008005468                R3_1_IsOverCurrentOccurred
 .text.RVBS_Clear
                0x000000000800548c       0x2a ./Middlewares/MotorControl/r_divider_bus_voltage_sensor.o
                0x000000000800548c                RVBS_Clear
 .text.RVBS_Init
                0x00000000080054b6       0x16 ./Middlewares/MotorControl/r_divider_bus_voltage_sensor.o
                0x00000000080054b6                RVBS_Init
 .text.RVBS_CheckFaultState
                0x00000000080054cc       0x18 ./Middlewares/MotorControl/r_divider_bus_voltage_sensor.o
                0x00000000080054cc                RVBS_CheckFaultState
 .text.RVBS_CalcAvVbus
                0x00000000080054e4       0x64 ./Middlewares/MotorControl/r_divider_bus_voltage_sensor.o
                0x00000000080054e4                RVBS_CalcAvVbus
 .text.REMNG_Init
                0x0000000008005548       0x18 ./Middlewares/MotorControl/ramp_ext_mngr.o
                0x0000000008005548                REMNG_Init
 .text.SPD_GetElAngle
                0x0000000008005560        0x6 ./Middlewares/MotorControl/speed_pos_fdbk.o
                0x0000000008005560                SPD_GetElAngle
 .text.SPD_GetAvrgMecSpeedUnit
                0x0000000008005566        0x6 ./Middlewares/MotorControl/speed_pos_fdbk.o
                0x0000000008005566                SPD_GetAvrgMecSpeedUnit
 .text.SPD_GetInstElSpeedDpp
                0x000000000800556c        0x6 ./Middlewares/MotorControl/speed_pos_fdbk.o
                0x000000000800556c                SPD_GetInstElSpeedDpp
 .text.SPD_IsMecSpeedReliable
                0x0000000008005572       0x58 ./Middlewares/MotorControl/speed_pos_fdbk.o
                0x0000000008005572                SPD_IsMecSpeedReliable
 .text.SPD_GetS16Speed
                0x00000000080055ca       0x18 ./Middlewares/MotorControl/speed_pos_fdbk.o
                0x00000000080055ca                SPD_GetS16Speed
 .text.STC_Init
                0x00000000080055e2       0x26 ./Middlewares/MotorControl/speed_torq_ctrl.o
                0x00000000080055e2                STC_Init
 .text.STC_GetSpeedSensor
                0x0000000008005608        0x4 ./Middlewares/MotorControl/speed_torq_ctrl.o
                0x0000000008005608                STC_GetSpeedSensor
 .text.STC_Clear
                0x000000000800560c       0x12 ./Middlewares/MotorControl/speed_torq_ctrl.o
                0x000000000800560c                STC_Clear
 .text.STC_GetMecSpeedRefUnit
                0x000000000800561e        0xc ./Middlewares/MotorControl/speed_torq_ctrl.o
                0x000000000800561e                STC_GetMecSpeedRefUnit
 .text.STC_GetTorqueRef
                0x000000000800562a        0xc ./Middlewares/MotorControl/speed_torq_ctrl.o
                0x000000000800562a                STC_GetTorqueRef
 .text.STC_SetControlMode
                0x0000000008005636        0x8 ./Middlewares/MotorControl/speed_torq_ctrl.o
                0x0000000008005636                STC_SetControlMode
 .text.STC_ExecRamp
                0x000000000800563e       0x84 ./Middlewares/MotorControl/speed_torq_ctrl.o
                0x000000000800563e                STC_ExecRamp
 .text.STC_StopRamp
                0x00000000080056c2        0x8 ./Middlewares/MotorControl/speed_torq_ctrl.o
                0x00000000080056c2                STC_StopRamp
 .text.STC_CalcTorqueReference
                0x00000000080056ca       0x56 ./Middlewares/MotorControl/speed_torq_ctrl.o
                0x00000000080056ca                STC_CalcTorqueReference
 .text.STC_GetMecSpeedRefUnitDefault
                0x0000000008005720        0x6 ./Middlewares/MotorControl/speed_torq_ctrl.o
                0x0000000008005720                STC_GetMecSpeedRefUnitDefault
 .text.STC_GetMaxAppPositiveMecSpeedUnit
                0x0000000008005726        0x4 ./Middlewares/MotorControl/speed_torq_ctrl.o
                0x0000000008005726                STC_GetMaxAppPositiveMecSpeedUnit
 .text.STC_GetMinAppNegativeMecSpeedUnit
                0x000000000800572a        0x6 ./Middlewares/MotorControl/speed_torq_ctrl.o
                0x000000000800572a                STC_GetMinAppNegativeMecSpeedUnit
 .text.STC_GetDefaultIqdref
                0x0000000008005730       0x10 ./Middlewares/MotorControl/speed_torq_ctrl.o
                0x0000000008005730                STC_GetDefaultIqdref
 .text.STC_ForceSpeedReferenceToCurrentSpeed
                0x0000000008005740       0x10 ./Middlewares/MotorControl/speed_torq_ctrl.o
                0x0000000008005740                STC_ForceSpeedReferenceToCurrentSpeed
 .text.STM_Init
                0x0000000008005750        0xa ./Middlewares/MotorControl/state_machine.o
                0x0000000008005750                STM_Init
 .text.STM_FaultProcessing
                0x000000000800575a       0x2c ./Middlewares/MotorControl/state_machine.o
                0x000000000800575a                STM_FaultProcessing
 *fill*         0x0000000008005786        0x2 
 .text.STM_NextState
                0x0000000008005788       0xf0 ./Middlewares/MotorControl/state_machine.o
                0x0000000008005788                STM_NextState
 .text.STM_GetState
                0x0000000008005878        0x4 ./Middlewares/MotorControl/state_machine.o
                0x0000000008005878                STM_GetState
 .text.STM_FaultAcknowledged
                0x000000000800587c       0x14 ./Middlewares/MotorControl/state_machine.o
                0x000000000800587c                STM_FaultAcknowledged
 .text.STM_GetFaultState
                0x0000000008005890        0xa ./Middlewares/MotorControl/state_machine.o
                0x0000000008005890                STM_GetFaultState
 .text.UFCP_Init
                0x000000000800589a        0x8 ./Middlewares/MotorControl/usart_frame_communication_protocol.o
                0x000000000800589a                UFCP_Init
 .text.UFCP_TX_IRQ_Handler
                0x00000000080058a2       0x66 ./Middlewares/MotorControl/usart_frame_communication_protocol.o
                0x00000000080058a2                UFCP_TX_IRQ_Handler
 .text.UFCP_Receive
                0x0000000008005908       0x30 ./Middlewares/MotorControl/usart_frame_communication_protocol.o
                0x0000000008005908                UFCP_Receive
 .text.UFCP_Send
                0x0000000008005938       0x58 ./Middlewares/MotorControl/usart_frame_communication_protocol.o
                0x0000000008005938                UFCP_Send
 .text.UFCP_RX_IRQ_Handler
                0x0000000008005990       0xcc ./Middlewares/MotorControl/usart_frame_communication_protocol.o
                0x0000000008005990                UFCP_RX_IRQ_Handler
 .text.UFCP_OVR_IRQ_Handler
                0x0000000008005a5c       0x14 ./Middlewares/MotorControl/usart_frame_communication_protocol.o
                0x0000000008005a5c                UFCP_OVR_IRQ_Handler
 .text.UFCP_AbortReceive
                0x0000000008005a70        0x8 ./Middlewares/MotorControl/usart_frame_communication_protocol.o
                0x0000000008005a70                UFCP_AbortReceive
 .text.RUC_SetPhaseDurationms
                0x0000000008005a78        0xc ../../MCSDK_v5.4.8/MotorControl/lib\libmc-gcc_M0.lib(revup_ctrl.o)
                0x0000000008005a78                RUC_SetPhaseDurationms
 .text.RUC_SetPhaseFinalMecSpeedUnit
                0x0000000008005a84        0xc ../../MCSDK_v5.4.8/MotorControl/lib\libmc-gcc_M0.lib(revup_ctrl.o)
                0x0000000008005a84                RUC_SetPhaseFinalMecSpeedUnit
 .text.RUC_SetPhaseFinalTorque
                0x0000000008005a90        0xc ../../MCSDK_v5.4.8/MotorControl/lib\libmc-gcc_M0.lib(revup_ctrl.o)
                0x0000000008005a90                RUC_SetPhaseFinalTorque
 .text.RUC_GetPhaseDurationms
                0x0000000008005a9c        0xc ../../MCSDK_v5.4.8/MotorControl/lib\libmc-gcc_M0.lib(revup_ctrl.o)
                0x0000000008005a9c                RUC_GetPhaseDurationms
 .text.RUC_GetPhaseFinalMecSpeedUnit
                0x0000000008005aa8       0x10 ../../MCSDK_v5.4.8/MotorControl/lib\libmc-gcc_M0.lib(revup_ctrl.o)
                0x0000000008005aa8                RUC_GetPhaseFinalMecSpeedUnit
 .text.RUC_GetPhaseFinalTorque
                0x0000000008005ab8       0x10 ../../MCSDK_v5.4.8/MotorControl/lib\libmc-gcc_M0.lib(revup_ctrl.o)
                0x0000000008005ab8                RUC_GetPhaseFinalTorque
 .text.RUC_GetNumberOfPhases
                0x0000000008005ac8        0x8 ../../MCSDK_v5.4.8/MotorControl/lib\libmc-gcc_M0.lib(revup_ctrl.o)
                0x0000000008005ac8                RUC_GetNumberOfPhases
 .text.FD_Init  0x0000000008005ad0       0x24 ../../MCSDK_v5.4.8/MotorControl/lib\libmc-gcc_M0.lib(fast_div.o)
                0x0000000008005ad0                FD_Init
 .text.__errno  0x0000000008005af4        0xc c:/st/stm32cubeide_1.10.0/stm32cubeide/plugins/com.st.stm32cube.ide.mcu.externaltools.gnu-tools-for-stm32.10.3-2021.10.win32_1.0.0.202111181127/tools/bin/../lib/gcc/arm-none-eabi/10.3.1/../../../../arm-none-eabi/lib/thumb/v6-m/nofp\libc_nano.a(lib_a-errno.o)
                0x0000000008005af4                __errno
 .text.__libc_init_array
                0x0000000008005b00       0x48 c:/st/stm32cubeide_1.10.0/stm32cubeide/plugins/com.st.stm32cube.ide.mcu.externaltools.gnu-tools-for-stm32.10.3-2021.10.win32_1.0.0.202111181127/tools/bin/../lib/gcc/arm-none-eabi/10.3.1/../../../../arm-none-eabi/lib/thumb/v6-m/nofp\libc_nano.a(lib_a-init.o)
                0x0000000008005b00                __libc_init_array
 .text.memcpy   0x0000000008005b48       0x12 c:/st/stm32cubeide_1.10.0/stm32cubeide/plugins/com.st.stm32cube.ide.mcu.externaltools.gnu-tools-for-stm32.10.3-2021.10.win32_1.0.0.202111181127/tools/bin/../lib/gcc/arm-none-eabi/10.3.1/../../../../arm-none-eabi/lib/thumb/v6-m/nofp\libc_nano.a(lib_a-memcpy-stub.o)
                0x0000000008005b48                memcpy
 .text.memset   0x0000000008005b5a       0x10 c:/st/stm32cubeide_1.10.0/stm32cubeide/plugins/com.st.stm32cube.ide.mcu.externaltools.gnu-tools-for-stm32.10.3-2021.10.win32_1.0.0.202111181127/tools/bin/../lib/gcc/arm-none-eabi/10.3.1/../../../../arm-none-eabi/lib/thumb/v6-m/nofp\libc_nano.a(lib_a-memset.o)
                0x0000000008005b5a                memset
 *fill*         0x0000000008005b6a        0x2 
 .text.sprintf  0x0000000008005b6c       0x40 c:/st/stm32cubeide_1.10.0/stm32cubeide/plugins/com.st.stm32cube.ide.mcu.externaltools.gnu-tools-for-stm32.10.3-2021.10.win32_1.0.0.202111181127/tools/bin/../lib/gcc/arm-none-eabi/10.3.1/../../../../arm-none-eabi/lib/thumb/v6-m/nofp\libc_nano.a(lib_a-sprintf.o)
                0x0000000008005b6c                siprintf
                0x0000000008005b6c                sprintf
 .text.__ssputs_r
                0x0000000008005bac       0xc4 c:/st/stm32cubeide_1.10.0/stm32cubeide/plugins/com.st.stm32cube.ide.mcu.externaltools.gnu-tools-for-stm32.10.3-2021.10.win32_1.0.0.202111181127/tools/bin/../lib/gcc/arm-none-eabi/10.3.1/../../../../arm-none-eabi/lib/thumb/v6-m/nofp\libc_nano.a(lib_a-nano-svfprintf.o)
                0x0000000008005bac                __ssputs_r
 .text._svfprintf_r
                0x0000000008005c70      0x200 c:/st/stm32cubeide_1.10.0/stm32cubeide/plugins/com.st.stm32cube.ide.mcu.externaltools.gnu-tools-for-stm32.10.3-2021.10.win32_1.0.0.202111181127/tools/bin/../lib/gcc/arm-none-eabi/10.3.1/../../../../arm-none-eabi/lib/thumb/v6-m/nofp\libc_nano.a(lib_a-nano-svfprintf.o)
                0x0000000008005c70                _svfiprintf_r
                0x0000000008005c70                _svfprintf_r
 .text._printf_common
                0x0000000008005e70       0xde c:/st/stm32cubeide_1.10.0/stm32cubeide/plugins/com.st.stm32cube.ide.mcu.externaltools.gnu-tools-for-stm32.10.3-2021.10.win32_1.0.0.202111181127/tools/bin/../lib/gcc/arm-none-eabi/10.3.1/../../../../arm-none-eabi/lib/thumb/v6-m/nofp\libc_nano.a(lib_a-nano-vfprintf_i.o)
                0x0000000008005e70                _printf_common
 *fill*         0x0000000008005f4e        0x2 
 .text._printf_i
                0x0000000008005f50      0x224 c:/st/stm32cubeide_1.10.0/stm32cubeide/plugins/com.st.stm32cube.ide.mcu.externaltools.gnu-tools-for-stm32.10.3-2021.10.win32_1.0.0.202111181127/tools/bin/../lib/gcc/arm-none-eabi/10.3.1/../../../../arm-none-eabi/lib/thumb/v6-m/nofp\libc_nano.a(lib_a-nano-vfprintf_i.o)
                0x0000000008005f50                _printf_i
 .text.memchr   0x0000000008006174       0x16 c:/st/stm32cubeide_1.10.0/stm32cubeide/plugins/com.st.stm32cube.ide.mcu.externaltools.gnu-tools-for-stm32.10.3-2021.10.win32_1.0.0.202111181127/tools/bin/../lib/gcc/arm-none-eabi/10.3.1/../../../../arm-none-eabi/lib/thumb/v6-m/nofp\libc_nano.a(lib_a-memchr-stub.o)
                0x0000000008006174                memchr
 .text.memmove  0x000000000800618a       0x26 c:/st/stm32cubeide_1.10.0/stm32cubeide/plugins/com.st.stm32cube.ide.mcu.externaltools.gnu-tools-for-stm32.10.3-2021.10.win32_1.0.0.202111181127/tools/bin/../lib/gcc/arm-none-eabi/10.3.1/../../../../arm-none-eabi/lib/thumb/v6-m/nofp\libc_nano.a(lib_a-memmove.o)
                0x000000000800618a                memmove
 .text._free_r  0x00000000080061b0       0x94 c:/st/stm32cubeide_1.10.0/stm32cubeide/plugins/com.st.stm32cube.ide.mcu.externaltools.gnu-tools-for-stm32.10.3-2021.10.win32_1.0.0.202111181127/tools/bin/../lib/gcc/arm-none-eabi/10.3.1/../../../../arm-none-eabi/lib/thumb/v6-m/nofp\libc_nano.a(lib_a-nano-freer.o)
                0x00000000080061b0                _free_r
 .text.sbrk_aligned
                0x0000000008006244       0x44 c:/st/stm32cubeide_1.10.0/stm32cubeide/plugins/com.st.stm32cube.ide.mcu.externaltools.gnu-tools-for-stm32.10.3-2021.10.win32_1.0.0.202111181127/tools/bin/../lib/gcc/arm-none-eabi/10.3.1/../../../../arm-none-eabi/lib/thumb/v6-m/nofp\libc_nano.a(lib_a-nano-mallocr.o)
 .text._malloc_r
                0x0000000008006288       0xec c:/st/stm32cubeide_1.10.0/stm32cubeide/plugins/com.st.stm32cube.ide.mcu.externaltools.gnu-tools-for-stm32.10.3-2021.10.win32_1.0.0.202111181127/tools/bin/../lib/gcc/arm-none-eabi/10.3.1/../../../../arm-none-eabi/lib/thumb/v6-m/nofp\libc_nano.a(lib_a-nano-mallocr.o)
                0x0000000008006288                _malloc_r
 .text._realloc_r
                0x0000000008006374       0x5e c:/st/stm32cubeide_1.10.0/stm32cubeide/plugins/com.st.stm32cube.ide.mcu.externaltools.gnu-tools-for-stm32.10.3-2021.10.win32_1.0.0.202111181127/tools/bin/../lib/gcc/arm-none-eabi/10.3.1/../../../../arm-none-eabi/lib/thumb/v6-m/nofp\libc_nano.a(lib_a-nano-reallocr.o)
                0x0000000008006374                _realloc_r
 *fill*         0x00000000080063d2        0x2 
 .text._sbrk_r  0x00000000080063d4       0x24 c:/st/stm32cubeide_1.10.0/stm32cubeide/plugins/com.st.stm32cube.ide.mcu.externaltools.gnu-tools-for-stm32.10.3-2021.10.win32_1.0.0.202111181127/tools/bin/../lib/gcc/arm-none-eabi/10.3.1/../../../../arm-none-eabi/lib/thumb/v6-m/nofp\libc_nano.a(lib_a-sbrkr.o)
                0x00000000080063d4                _sbrk_r
 .text.__malloc_lock
                0x00000000080063f8       0x10 c:/st/stm32cubeide_1.10.0/stm32cubeide/plugins/com.st.stm32cube.ide.mcu.externaltools.gnu-tools-for-stm32.10.3-2021.10.win32_1.0.0.202111181127/tools/bin/../lib/gcc/arm-none-eabi/10.3.1/../../../../arm-none-eabi/lib/thumb/v6-m/nofp\libc_nano.a(lib_a-mlock.o)
                0x00000000080063f8                __malloc_lock
 .text.__malloc_unlock
                0x0000000008006408       0x10 c:/st/stm32cubeide_1.10.0/stm32cubeide/plugins/com.st.stm32cube.ide.mcu.externaltools.gnu-tools-for-stm32.10.3-2021.10.win32_1.0.0.202111181127/tools/bin/../lib/gcc/arm-none-eabi/10.3.1/../../../../arm-none-eabi/lib/thumb/v6-m/nofp\libc_nano.a(lib_a-mlock.o)
                0x0000000008006408                __malloc_unlock
 .text._malloc_usable_size_r
                0x0000000008006418       0x10 c:/st/stm32cubeide_1.10.0/stm32cubeide/plugins/com.st.stm32cube.ide.mcu.externaltools.gnu-tools-for-stm32.10.3-2021.10.win32_1.0.0.202111181127/tools/bin/../lib/gcc/arm-none-eabi/10.3.1/../../../../arm-none-eabi/lib/thumb/v6-m/nofp\libc_nano.a(lib_a-nano-msizer.o)
                0x0000000008006418                _malloc_usable_size_r
 .text.__retarget_lock_acquire_recursive
                0x0000000008006428        0x2 c:/st/stm32cubeide_1.10.0/stm32cubeide/plugins/com.st.stm32cube.ide.mcu.externaltools.gnu-tools-for-stm32.10.3-2021.10.win32_1.0.0.202111181127/tools/bin/../lib/gcc/arm-none-eabi/10.3.1/../../../../arm-none-eabi/lib/thumb/v6-m/nofp\libc_nano.a(lib_a-lock.o)
                0x0000000008006428                __retarget_lock_acquire_recursive
 .text.__retarget_lock_release_recursive
                0x000000000800642a        0x2 c:/st/stm32cubeide_1.10.0/stm32cubeide/plugins/com.st.stm32cube.ide.mcu.externaltools.gnu-tools-for-stm32.10.3-2021.10.win32_1.0.0.202111181127/tools/bin/../lib/gcc/arm-none-eabi/10.3.1/../../../../arm-none-eabi/lib/thumb/v6-m/nofp\libc_nano.a(lib_a-lock.o)
                0x000000000800642a                __retarget_lock_release_recursive
 *(.glue_7)
 .glue_7        0x000000000800642c        0x0 linker stubs
 *(.glue_7t)
 .glue_7t       0x000000000800642c        0x0 linker stubs
 *(.eh_frame)
 .eh_frame      0x000000000800642c        0x0 c:/st/stm32cubeide_1.10.0/stm32cubeide/plugins/com.st.stm32cube.ide.mcu.externaltools.gnu-tools-for-stm32.10.3-2021.10.win32_1.0.0.202111181127/tools/bin/../lib/gcc/arm-none-eabi/10.3.1/thumb/v6-m/nofp/crtbegin.o
 *(.init)
 .init          0x000000000800642c        0x4 c:/st/stm32cubeide_1.10.0/stm32cubeide/plugins/com.st.stm32cube.ide.mcu.externaltools.gnu-tools-for-stm32.10.3-2021.10.win32_1.0.0.202111181127/tools/bin/../lib/gcc/arm-none-eabi/10.3.1/thumb/v6-m/nofp/crti.o
                0x000000000800642c                _init
 .init          0x0000000008006430        0x8 c:/st/stm32cubeide_1.10.0/stm32cubeide/plugins/com.st.stm32cube.ide.mcu.externaltools.gnu-tools-for-stm32.10.3-2021.10.win32_1.0.0.202111181127/tools/bin/../lib/gcc/arm-none-eabi/10.3.1/thumb/v6-m/nofp/crtn.o
 *(.fini)
 .fini          0x0000000008006438        0x4 c:/st/stm32cubeide_1.10.0/stm32cubeide/plugins/com.st.stm32cube.ide.mcu.externaltools.gnu-tools-for-stm32.10.3-2021.10.win32_1.0.0.202111181127/tools/bin/../lib/gcc/arm-none-eabi/10.3.1/thumb/v6-m/nofp/crti.o
                0x0000000008006438                _fini
 .fini          0x000000000800643c        0x8 c:/st/stm32cubeide_1.10.0/stm32cubeide/plugins/com.st.stm32cube.ide.mcu.externaltools.gnu-tools-for-stm32.10.3-2021.10.win32_1.0.0.202111181127/tools/bin/../lib/gcc/arm-none-eabi/10.3.1/thumb/v6-m/nofp/crtn.o
                0x0000000008006444                . = ALIGN (0x4)
                0x0000000008006444                _etext = .

.vfp11_veneer   0x0000000008006444        0x0
 .vfp11_veneer  0x0000000008006444        0x0 linker stubs

.v4_bx          0x0000000008006444        0x0
 .v4_bx         0x0000000008006444        0x0 linker stubs

.iplt           0x0000000008006444        0x0
 .iplt          0x0000000008006444        0x0 c:/st/stm32cubeide_1.10.0/stm32cubeide/plugins/com.st.stm32cube.ide.mcu.externaltools.gnu-tools-for-stm32.10.3-2021.10.win32_1.0.0.202111181127/tools/bin/../lib/gcc/arm-none-eabi/10.3.1/thumb/v6-m/nofp/crtbegin.o

.rodata         0x0000000008006444      0x31c
                0x0000000008006444                . = ALIGN (0x4)
 *(.rodata)
 *(.rodata*)
 .rodata.main.str1.1
                0x0000000008006444        0xe ./Application/User/main.o
 .rodata.MCM_Park.cst2
                0x0000000008006452        0x2 ./Application/User/mc_math.o
 .rodata.hSin_Cos_Table
                0x0000000008006454      0x200 ./Application/User/mc_math.o
                0x0000000008006454                hSin_Cos_Table
 .rodata.R3_1_Params
                0x0000000008006654       0x74 ./Application/User/mc_parameters.o
                0x0000000008006654                R3_1_Params
 .rodata.s_fwVer
                0x00000000080066c8       0x20 ./Application/User/motorcontrol.o
                0x00000000080066c8                s_fwVer
 .rodata.AHBPrescTable
                0x00000000080066e8       0x10 ./Drivers/CMSIS/system_stm32f0xx.o
                0x00000000080066e8                AHBPrescTable
 .rodata.APBPrescTable
                0x00000000080066f8        0x8 ./Drivers/CMSIS/system_stm32f0xx.o
                0x00000000080066f8                APBPrescTable
 .rodata.HAL_RCC_GetSysClockFreq.str1.1
                0x0000000008006700       0x22 ./Drivers/STM32F0xx_HAL_Driver/stm32f0xx_hal_rcc.o
 .rodata.CSWTCH.59
                0x0000000008006722        0x3 ./Drivers/STM32F0xx_HAL_Driver/stm32f0xx_hal_uart.o
 *fill*         0x0000000008006725        0x1 
 .rodata.UFCP_Usart_Timeout_none
                0x0000000008006726        0x2 ./Middlewares/MotorControl/usart_frame_communication_protocol.o
 .rodata.UFCP_Usart_Timeout_start
                0x0000000008006728        0x2 ./Middlewares/MotorControl/usart_frame_communication_protocol.o
 .rodata.UFCP_Usart_Timeout_stop
                0x000000000800672a        0x2 ./Middlewares/MotorControl/usart_frame_communication_protocol.o
 .rodata._svfprintf_r.str1.1
                0x000000000800672c       0x11 c:/st/stm32cubeide_1.10.0/stm32cubeide/plugins/com.st.stm32cube.ide.mcu.externaltools.gnu-tools-for-stm32.10.3-2021.10.win32_1.0.0.202111181127/tools/bin/../lib/gcc/arm-none-eabi/10.3.1/../../../../arm-none-eabi/lib/thumb/v6-m/nofp\libc_nano.a(lib_a-nano-svfprintf.o)
 .rodata._printf_i.str1.1
                0x000000000800673d       0x22 c:/st/stm32cubeide_1.10.0/stm32cubeide/plugins/com.st.stm32cube.ide.mcu.externaltools.gnu-tools-for-stm32.10.3-2021.10.win32_1.0.0.202111181127/tools/bin/../lib/gcc/arm-none-eabi/10.3.1/../../../../arm-none-eabi/lib/thumb/v6-m/nofp\libc_nano.a(lib_a-nano-vfprintf_i.o)
                0x0000000008006760                . = ALIGN (0x4)
 *fill*         0x000000000800675f        0x1 

.rel.dyn        0x0000000008006760        0x0
 .rel.iplt      0x0000000008006760        0x0 c:/st/stm32cubeide_1.10.0/stm32cubeide/plugins/com.st.stm32cube.ide.mcu.externaltools.gnu-tools-for-stm32.10.3-2021.10.win32_1.0.0.202111181127/tools/bin/../lib/gcc/arm-none-eabi/10.3.1/thumb/v6-m/nofp/crtbegin.o

.ARM.extab      0x0000000008006760        0x0
                0x0000000008006760                . = ALIGN (0x4)
 *(.ARM.extab* .gnu.linkonce.armextab.*)
                0x0000000008006760                . = ALIGN (0x4)

.ARM            0x0000000008006760        0x0
                0x0000000008006760                . = ALIGN (0x4)
                0x0000000008006760                __exidx_start = .
 *(.ARM.exidx*)
                0x0000000008006760                __exidx_end = .
                0x0000000008006760                . = ALIGN (0x4)

.preinit_array  0x0000000008006760        0x0
                0x0000000008006760                . = ALIGN (0x4)
                0x0000000008006760                PROVIDE (__preinit_array_start = .)
 *(.preinit_array*)
                0x0000000008006760                PROVIDE (__preinit_array_end = .)
                0x0000000008006760                . = ALIGN (0x4)

.init_array     0x0000000008006760        0x4
                0x0000000008006760                . = ALIGN (0x4)
                0x0000000008006760                PROVIDE (__init_array_start = .)
 *(SORT_BY_NAME(.init_array.*))
 *(.init_array*)
 .init_array    0x0000000008006760        0x4 c:/st/stm32cubeide_1.10.0/stm32cubeide/plugins/com.st.stm32cube.ide.mcu.externaltools.gnu-tools-for-stm32.10.3-2021.10.win32_1.0.0.202111181127/tools/bin/../lib/gcc/arm-none-eabi/10.3.1/thumb/v6-m/nofp/crtbegin.o
                0x0000000008006764                PROVIDE (__init_array_end = .)
                0x0000000008006764                . = ALIGN (0x4)

.fini_array     0x0000000008006764        0x4
                0x0000000008006764                . = ALIGN (0x4)
                [!provide]                        PROVIDE (__fini_array_start = .)
 *(SORT_BY_NAME(.fini_array.*))
 *(.fini_array*)
 .fini_array    0x0000000008006764        0x4 c:/st/stm32cubeide_1.10.0/stm32cubeide/plugins/com.st.stm32cube.ide.mcu.externaltools.gnu-tools-for-stm32.10.3-2021.10.win32_1.0.0.202111181127/tools/bin/../lib/gcc/arm-none-eabi/10.3.1/thumb/v6-m/nofp/crtbegin.o
                [!provide]                        PROVIDE (__fini_array_end = .)
                0x0000000008006768                . = ALIGN (0x4)
                0x0000000008006768                _sidata = LOADADDR (.data)

.data           0x0000000020000000      0x68c load address 0x0000000008006768
                0x0000000020000000                . = ALIGN (0x4)
                0x0000000020000000                _sdata = .
 *(.data)
 *(.data*)
 .data.CircleLimitationM1
                0x0000000020000000       0xb4 ./Application/User/mc_config.o
                0x0000000020000000                CircleLimitationM1
 .data.DAC_UI_Params
                0x00000000200000b4       0x3c ./Application/User/mc_config.o
                0x00000000200000b4                DAC_UI_Params
 .data.HALL_M1  0x00000000200000f0       0xc8 ./Application/User/mc_config.o
                0x00000000200000f0                HALL_M1
 .data.PIDIdHandle_M1
                0x00000000200001b8       0x2c ./Application/User/mc_config.o
                0x00000000200001b8                PIDIdHandle_M1
 .data.PIDIqHandle_M1
                0x00000000200001e4       0x2c ./Application/User/mc_config.o
                0x00000000200001e4                PIDIqHandle_M1
 .data.PIDSpeedHandle_M1
                0x0000000020000210       0x2c ./Application/User/mc_config.o
                0x0000000020000210                PIDSpeedHandle_M1
 .data.PQD_MotorPowMeasM1
                0x000000002000023c      0x114 ./Application/User/mc_config.o
                0x000000002000023c                PQD_MotorPowMeasM1
 .data.PWM_Handle_M1
                0x0000000020000350       0x7c ./Application/User/mc_config.o
                0x0000000020000350                PWM_Handle_M1
 .data.RampExtMngrHFParamsM1
                0x00000000200003cc       0x58 ./Application/User/mc_config.o
                0x00000000200003cc                RampExtMngrHFParamsM1
 .data.RealBusVoltageSensorParamsM1
                0x0000000020000424       0x28 ./Application/User/mc_config.o
                0x0000000020000424                RealBusVoltageSensorParamsM1
 .data.SpeednTorqCtrlM1
                0x000000002000044c       0x34 ./Application/User/mc_config.o
                0x000000002000044c                SpeednTorqCtrlM1
 .data.TempSensorParamsM1
                0x0000000020000480       0x28 ./Application/User/mc_config.o
                0x0000000020000480                TempSensorParamsM1
 .data.UI_Params
                0x00000000200004a8       0x30 ./Application/User/mc_config.o
                0x00000000200004a8                UI_Params
 .data.pUSART   0x00000000200004d8      0x13c ./Application/User/mc_config.o
                0x00000000200004d8                pUSART
 .data.wConfig  0x0000000020000614        0x4 ./Application/User/motorcontrol.o
                0x0000000020000614                wConfig
 .data.SystickDividerCounter.0
                0x0000000020000618        0x1 ./Application/User/stm32f0xx_mc_it.o
 *fill*         0x0000000020000619        0x1 
 .data.bCOMATRTimeCounter
                0x000000002000061a        0x2 ./Application/User/ui_task.o
 .data.SystemCoreClock
                0x000000002000061c        0x4 ./Drivers/CMSIS/system_stm32f0xx.o
                0x000000002000061c                SystemCoreClock
 .data.uwTickFreq
                0x0000000020000620        0x1 ./Drivers/STM32F0xx_HAL_Driver/stm32f0xx_hal.o
                0x0000000020000620                uwTickFreq
 *fill*         0x0000000020000621        0x3 
 .data.uwTickPrio
                0x0000000020000624        0x4 ./Drivers/STM32F0xx_HAL_Driver/stm32f0xx_hal.o
                0x0000000020000624                uwTickPrio
 .data._impure_ptr
                0x0000000020000628        0x4 c:/st/stm32cubeide_1.10.0/stm32cubeide/plugins/com.st.stm32cube.ide.mcu.externaltools.gnu-tools-for-stm32.10.3-2021.10.win32_1.0.0.202111181127/tools/bin/../lib/gcc/arm-none-eabi/10.3.1/../../../../arm-none-eabi/lib/thumb/v6-m/nofp\libc_nano.a(lib_a-impure.o)
                0x0000000020000628                _impure_ptr
 .data.impure_data
                0x000000002000062c       0x60 c:/st/stm32cubeide_1.10.0/stm32cubeide/plugins/com.st.stm32cube.ide.mcu.externaltools.gnu-tools-for-stm32.10.3-2021.10.win32_1.0.0.202111181127/tools/bin/../lib/gcc/arm-none-eabi/10.3.1/../../../../arm-none-eabi/lib/thumb/v6-m/nofp\libc_nano.a(lib_a-impure.o)
 *(.RamFunc)
 *(.RamFunc*)
                0x000000002000068c                . = ALIGN (0x4)
                0x000000002000068c                _edata = .

.igot.plt       0x000000002000068c        0x0 load address 0x0000000008006df4
 .igot.plt      0x000000002000068c        0x0 c:/st/stm32cubeide_1.10.0/stm32cubeide/plugins/com.st.stm32cube.ide.mcu.externaltools.gnu-tools-for-stm32.10.3-2021.10.win32_1.0.0.202111181127/tools/bin/../lib/gcc/arm-none-eabi/10.3.1/thumb/v6-m/nofp/crtbegin.o
                0x000000002000068c                . = ALIGN (0x4)

.bss            0x000000002000068c      0x438 load address 0x0000000008006df4
                0x000000002000068c                _sbss = .
                0x000000002000068c                __bss_start__ = _sbss
 *(.bss)
 .bss           0x000000002000068c       0x1c c:/st/stm32cubeide_1.10.0/stm32cubeide/plugins/com.st.stm32cube.ide.mcu.externaltools.gnu-tools-for-stm32.10.3-2021.10.win32_1.0.0.202111181127/tools/bin/../lib/gcc/arm-none-eabi/10.3.1/thumb/v6-m/nofp/crtbegin.o
 *(.bss*)
 .bss.hadc      0x00000000200006a8       0x40 ./Application/User/main.o
                0x00000000200006a8                hadc
 .bss.hdma_adc  0x00000000200006e8       0x44 ./Application/User/main.o
                0x00000000200006e8                hdma_adc
 .bss.htim1     0x000000002000072c       0x48 ./Application/User/main.o
                0x000000002000072c                htim1
 .bss.htim14    0x0000000020000774       0x48 ./Application/User/main.o
                0x0000000020000774                htim14
 .bss.htim2     0x00000000200007bc       0x48 ./Application/User/main.o
                0x00000000200007bc                htim2
 .bss.huart1    0x0000000020000804       0x84 ./Application/User/main.o
                0x0000000020000804                huart1
 .bss.RealBusVoltageSensorFilterBufferM1
                0x0000000020000888       0x14 ./Application/User/mc_config.o
                0x0000000020000888                RealBusVoltageSensorFilterBufferM1
 .bss.FOCVars   0x000000002000089c       0x26 ./Application/User/mc_tasks.o
                0x000000002000089c                FOCVars
 *fill*         0x00000000200008c2        0x2 
 .bss.MCT       0x00000000200008c4       0x54 ./Application/User/mc_tasks.o
                0x00000000200008c4                MCT
 .bss.Mci       0x0000000020000918       0x1c ./Application/User/mc_tasks.o
                0x0000000020000918                Mci
 .bss.STM       0x0000000020000934        0x6 ./Application/User/mc_tasks.o
                0x0000000020000934                STM
 .bss.bMCBootCompleted
                0x000000002000093a        0x1 ./Application/User/mc_tasks.o
                0x000000002000093a                bMCBootCompleted
 *fill*         0x000000002000093b        0x1 
 .bss.hBootCapDelayCounterM1
                0x000000002000093c        0x2 ./Application/User/mc_tasks.o
 .bss.hMFTaskCounterM1
                0x000000002000093e        0x2 ./Application/User/mc_tasks.o
 .bss.hStopPermanencyCounterM1
                0x0000000020000940        0x2 ./Application/User/mc_tasks.o
 *fill*         0x0000000020000942        0x2 
 .bss.oMCInterface
                0x0000000020000944        0x4 ./Application/User/mc_tasks.o
                0x0000000020000944                oMCInterface
 .bss.pBusSensorM1
                0x0000000020000948        0x4 ./Application/User/mc_tasks.o
                0x0000000020000948                pBusSensorM1
 .bss.pCLM      0x000000002000094c        0x4 ./Application/User/mc_tasks.o
                0x000000002000094c                pCLM
 .bss.pMPM      0x0000000020000950        0x4 ./Application/User/mc_tasks.o
                0x0000000020000950                pMPM
 .bss.pPIDId    0x0000000020000954        0x4 ./Application/User/mc_tasks.o
                0x0000000020000954                pPIDId
 .bss.pPIDIq    0x0000000020000958        0x4 ./Application/User/mc_tasks.o
                0x0000000020000958                pPIDIq
 .bss.pPIDSpeed
                0x000000002000095c        0x4 ./Application/User/mc_tasks.o
                0x000000002000095c                pPIDSpeed
 .bss.pREMNG    0x0000000020000960        0x4 ./Application/User/mc_tasks.o
                0x0000000020000960                pREMNG
 .bss.pSTC      0x0000000020000964        0x4 ./Application/User/mc_tasks.o
                0x0000000020000964                pSTC
 .bss.pTemperatureSensor
                0x0000000020000968        0x4 ./Application/User/mc_tasks.o
                0x0000000020000968                pTemperatureSensor
 .bss.pwmcHandle
                0x000000002000096c        0x4 ./Application/User/mc_tasks.o
                0x000000002000096c                pwmcHandle
 .bss.MPInfo    0x0000000020000970        0x8 ./Application/User/motor_control_protocol.o
                0x0000000020000970                MPInfo
 .bss.pMCI      0x0000000020000978        0x4 ./Application/User/motorcontrol.o
                0x0000000020000978                pMCI
 .bss.pMCT      0x000000002000097c        0x4 ./Application/User/motorcontrol.o
                0x000000002000097c                pMCT
 .bss.RCM_CB_array
                0x0000000020000980       0x20 ./Application/User/regular_conversion_manager.o
                0x0000000020000980                RCM_CB_array
 .bss.RCM_NoInj_array
                0x00000000200009a0       0x18 ./Application/User/regular_conversion_manager.o
                0x00000000200009a0                RCM_NoInj_array
 .bss.RCM_UserConvHandle
                0x00000000200009b8        0x1 ./Application/User/regular_conversion_manager.o
                0x00000000200009b8                RCM_UserConvHandle
 .bss.RCM_UserConvState
                0x00000000200009b9        0x1 ./Application/User/regular_conversion_manager.o
                0x00000000200009b9                RCM_UserConvState
 .bss.RCM_UserConvValue
                0x00000000200009ba        0x2 ./Application/User/regular_conversion_manager.o
                0x00000000200009ba                RCM_UserConvValue
 .bss.RCM_currentHandle
                0x00000000200009bc        0x1 ./Application/User/regular_conversion_manager.o
                0x00000000200009bc                RCM_currentHandle
 *fill*         0x00000000200009bd        0x3 
 .bss.RCM_handle_array
                0x00000000200009c0       0x10 ./Application/User/regular_conversion_manager.o
                0x00000000200009c0                RCM_handle_array
 .bss.__sbrk_heap_end
                0x00000000200009d0        0x4 ./Application/User/sysmem.o
 .bss.MCP_UI_Params
                0x00000000200009d4       0xcc ./Application/User/ui_task.o
                0x00000000200009d4                MCP_UI_Params
 .bss.bCOMTimeoutCounter
                0x0000000020000aa0        0x2 ./Application/User/ui_task.o
 .bss.bUITaskCounter
                0x0000000020000aa2        0x2 ./Application/User/ui_task.o
 .bss.pDAC      0x0000000020000aa4        0x4 ./Application/User/ui_task.o
                0x0000000020000aa4                pDAC
 .bss.pMCP      0x0000000020000aa8        0x4 ./Application/User/ui_task.o
                0x0000000020000aa8                pMCP
 .bss.uwTick    0x0000000020000aac        0x4 ./Drivers/STM32F0xx_HAL_Driver/stm32f0xx_hal.o
                0x0000000020000aac                uwTick
 .bss.i         0x0000000020000ab0        0x1 ./Middlewares/MotorControl/hall_speed_pos_fdbk.o
                0x0000000020000ab0                i
 *fill*         0x0000000020000ab1        0x3 
 .bss.__malloc_free_list
                0x0000000020000ab4        0x4 c:/st/stm32cubeide_1.10.0/stm32cubeide/plugins/com.st.stm32cube.ide.mcu.externaltools.gnu-tools-for-stm32.10.3-2021.10.win32_1.0.0.202111181127/tools/bin/../lib/gcc/arm-none-eabi/10.3.1/../../../../arm-none-eabi/lib/thumb/v6-m/nofp\libc_nano.a(lib_a-nano-mallocr.o)
                0x0000000020000ab4                __malloc_free_list
 .bss.__malloc_sbrk_start
                0x0000000020000ab8        0x4 c:/st/stm32cubeide_1.10.0/stm32cubeide/plugins/com.st.stm32cube.ide.mcu.externaltools.gnu-tools-for-stm32.10.3-2021.10.win32_1.0.0.202111181127/tools/bin/../lib/gcc/arm-none-eabi/10.3.1/../../../../arm-none-eabi/lib/thumb/v6-m/nofp\libc_nano.a(lib_a-nano-mallocr.o)
                0x0000000020000ab8                __malloc_sbrk_start
 .bss.errno     0x0000000020000abc        0x4 c:/st/stm32cubeide_1.10.0/stm32cubeide/plugins/com.st.stm32cube.ide.mcu.externaltools.gnu-tools-for-stm32.10.3-2021.10.win32_1.0.0.202111181127/tools/bin/../lib/gcc/arm-none-eabi/10.3.1/../../../../arm-none-eabi/lib/thumb/v6-m/nofp\libc_nano.a(lib_a-reent.o)
                0x0000000020000abc                errno
 .bss.__lock___malloc_recursive_mutex
                0x0000000020000ac0        0x1 c:/st/stm32cubeide_1.10.0/stm32cubeide/plugins/com.st.stm32cube.ide.mcu.externaltools.gnu-tools-for-stm32.10.3-2021.10.win32_1.0.0.202111181127/tools/bin/../lib/gcc/arm-none-eabi/10.3.1/../../../../arm-none-eabi/lib/thumb/v6-m/nofp\libc_nano.a(lib_a-lock.o)
                0x0000000020000ac0                __lock___malloc_recursive_mutex
 *(COMMON)
                0x0000000020000ac4                . = ALIGN (0x4)
 *fill*         0x0000000020000ac1        0x3 
                0x0000000020000ac4                _ebss = .
                0x0000000020000ac4                __bss_end__ = _ebss

._user_heap_stack
                0x0000000020000ac4      0x484 load address 0x0000000008006df4
                0x0000000020000ac8                . = ALIGN (0x8)
 *fill*         0x0000000020000ac4        0x4 
                [!provide]                        PROVIDE (end = .)
                0x0000000020000ac8                PROVIDE (_end = .)
                0x0000000020000b48                . = (. + _Min_Heap_Size)
 *fill*         0x0000000020000ac8       0x80 
                0x0000000020000f48                . = (. + _Min_Stack_Size)
 *fill*         0x0000000020000b48      0x400 
                0x0000000020000f48                . = ALIGN (0x8)

/DISCARD/
 libc.a(*)
 libm.a(*)
 libgcc.a(*)

.ARM.attributes
                0x0000000000000000       0x28
 *(.ARM.attributes)
 .ARM.attributes
                0x0000000000000000       0x1e c:/st/stm32cubeide_1.10.0/stm32cubeide/plugins/com.st.stm32cube.ide.mcu.externaltools.gnu-tools-for-stm32.10.3-2021.10.win32_1.0.0.202111181127/tools/bin/../lib/gcc/arm-none-eabi/10.3.1/thumb/v6-m/nofp/crti.o
 .ARM.attributes
                0x000000000000001e       0x2c c:/st/stm32cubeide_1.10.0/stm32cubeide/plugins/com.st.stm32cube.ide.mcu.externaltools.gnu-tools-for-stm32.10.3-2021.10.win32_1.0.0.202111181127/tools/bin/../lib/gcc/arm-none-eabi/10.3.1/thumb/v6-m/nofp/crtbegin.o
 .ARM.attributes
                0x000000000000004a       0x21 ./Application/Startup/startup_stm32f031c6tx.o
 .ARM.attributes
                0x000000000000006b       0x2c ./Application/User/dac_rctimer_ui.o
 .ARM.attributes
                0x0000000000000097       0x2c ./Application/User/main.o
 .ARM.attributes
                0x00000000000000c3       0x2c ./Application/User/mc_api.o
 .ARM.attributes
                0x00000000000000ef       0x2c ./Application/User/mc_config.o
 .ARM.attributes
                0x000000000000011b       0x2c ./Application/User/mc_interface.o
 .ARM.attributes
                0x0000000000000147       0x2c ./Application/User/mc_math.o
 .ARM.attributes
                0x0000000000000173       0x2c ./Application/User/mc_parameters.o
 .ARM.attributes
                0x000000000000019f       0x2c ./Application/User/mc_tasks.o
 .ARM.attributes
                0x00000000000001cb       0x2c ./Application/User/motor_control_protocol.o
 .ARM.attributes
                0x00000000000001f7       0x2c ./Application/User/motorcontrol.o
 .ARM.attributes
                0x0000000000000223       0x2c ./Application/User/regular_conversion_manager.o
 .ARM.attributes
                0x000000000000024f       0x2c ./Application/User/stm32f0xx_hal_msp.o
 .ARM.attributes
                0x000000000000027b       0x2c ./Application/User/stm32f0xx_mc_it.o
 .ARM.attributes
                0x00000000000002a7       0x2c ./Application/User/sysmem.o
 .ARM.attributes
                0x00000000000002d3       0x2c ./Application/User/ui_task.o
 .ARM.attributes
                0x00000000000002ff       0x2c ./Application/User/user_interface.o
 .ARM.attributes
                0x000000000000032b       0x2c ./Drivers/CMSIS/system_stm32f0xx.o
 .ARM.attributes
                0x0000000000000357       0x2c ./Drivers/STM32F0xx_HAL_Driver/stm32f0xx_hal.o
 .ARM.attributes
                0x0000000000000383       0x2c ./Drivers/STM32F0xx_HAL_Driver/stm32f0xx_hal_adc.o
 .ARM.attributes
                0x00000000000003af       0x2c ./Drivers/STM32F0xx_HAL_Driver/stm32f0xx_hal_cortex.o
 .ARM.attributes
                0x00000000000003db       0x2c ./Drivers/STM32F0xx_HAL_Driver/stm32f0xx_hal_dma.o
 .ARM.attributes
                0x0000000000000407       0x2c ./Drivers/STM32F0xx_HAL_Driver/stm32f0xx_hal_gpio.o
 .ARM.attributes
                0x0000000000000433       0x2c ./Drivers/STM32F0xx_HAL_Driver/stm32f0xx_hal_rcc.o
 .ARM.attributes
                0x000000000000045f       0x2c ./Drivers/STM32F0xx_HAL_Driver/stm32f0xx_hal_rcc_ex.o
 .ARM.attributes
                0x000000000000048b       0x2c ./Drivers/STM32F0xx_HAL_Driver/stm32f0xx_hal_tim.o
 .ARM.attributes
                0x00000000000004b7       0x2c ./Drivers/STM32F0xx_HAL_Driver/stm32f0xx_hal_tim_ex.o
 .ARM.attributes
                0x00000000000004e3       0x2c ./Drivers/STM32F0xx_HAL_Driver/stm32f0xx_hal_uart.o
 .ARM.attributes
                0x000000000000050f       0x2c ./Middlewares/MotorControl/bus_voltage_sensor.o
 .ARM.attributes
                0x000000000000053b       0x2c ./Middlewares/MotorControl/circle_limitation.o
 .ARM.attributes
                0x0000000000000567       0x2c ./Middlewares/MotorControl/dac_common_ui.o
 .ARM.attributes
                0x0000000000000593       0x2c ./Middlewares/MotorControl/frame_communication_protocol.o
 .ARM.attributes
                0x00000000000005bf       0x2c ./Middlewares/MotorControl/hall_speed_pos_fdbk.o
 .ARM.attributes
                0x00000000000005eb       0x2c ./Middlewares/MotorControl/motor_power_measurement.o
 .ARM.attributes
                0x0000000000000617       0x2c ./Middlewares/MotorControl/ntc_temperature_sensor.o
 .ARM.attributes
                0x0000000000000643       0x2c ./Middlewares/MotorControl/pid_regulator.o
 .ARM.attributes
                0x000000000000066f       0x2c ./Middlewares/MotorControl/pqd_motor_power_measurement.o
 .ARM.attributes
                0x000000000000069b       0x2c ./Middlewares/MotorControl/pwm_common.o
 .ARM.attributes
                0x00000000000006c7       0x2c ./Middlewares/MotorControl/pwm_curr_fdbk.o
 .ARM.attributes
                0x00000000000006f3       0x2c ./Middlewares/MotorControl/r3_f0xx_pwm_curr_fdbk.o
 .ARM.attributes
                0x000000000000071f       0x2c ./Middlewares/MotorControl/r_divider_bus_voltage_sensor.o
 .ARM.attributes
                0x000000000000074b       0x2c ./Middlewares/MotorControl/ramp_ext_mngr.o
 .ARM.attributes
                0x0000000000000777       0x2c ./Middlewares/MotorControl/speed_pos_fdbk.o
 .ARM.attributes
                0x00000000000007a3       0x2c ./Middlewares/MotorControl/speed_torq_ctrl.o
 .ARM.attributes
                0x00000000000007cf       0x2c ./Middlewares/MotorControl/state_machine.o
 .ARM.attributes
                0x00000000000007fb       0x2c ./Middlewares/MotorControl/usart_frame_communication_protocol.o
 .ARM.attributes
                0x0000000000000827       0x2d ../../MCSDK_v5.4.8/MotorControl/lib\libmc-gcc_M0.lib(revup_ctrl.o)
 .ARM.attributes
                0x0000000000000854       0x2d ../../MCSDK_v5.4.8/MotorControl/lib\libmc-gcc_M0.lib(fast_div.o)
 .ARM.attributes
                0x0000000000000881       0x2c c:/st/stm32cubeide_1.10.0/stm32cubeide/plugins/com.st.stm32cube.ide.mcu.externaltools.gnu-tools-for-stm32.10.3-2021.10.win32_1.0.0.202111181127/tools/bin/../lib/gcc/arm-none-eabi/10.3.1/../../../../arm-none-eabi/lib/thumb/v6-m/nofp\libc_nano.a(lib_a-errno.o)
 .ARM.attributes
                0x00000000000008ad       0x2c c:/st/stm32cubeide_1.10.0/stm32cubeide/plugins/com.st.stm32cube.ide.mcu.externaltools.gnu-tools-for-stm32.10.3-2021.10.win32_1.0.0.202111181127/tools/bin/../lib/gcc/arm-none-eabi/10.3.1/../../../../arm-none-eabi/lib/thumb/v6-m/nofp\libc_nano.a(lib_a-impure.o)
 .ARM.attributes