E:/Consulting/VEOL/ArthroscopicShaver/Hardware/BLDC-Motor/STSpin3201Hall-Test1/Drivers/STM32F0xx_HAL_Driver/Src/stm32f0xx_hal_dma.c:138:19:HAL_DMA_Init	16	static
E:/Consulting/VEOL/ArthroscopicShaver/Hardware/BLDC-Motor/STSpin3201Hall-Test1/Drivers/STM32F0xx_HAL_Driver/Src/stm32f0xx_hal_dma.c:200:19:HAL_DMA_DeInit	16	static
E:/Consulting/VEOL/ArthroscopicShaver/Hardware/BLDC-Motor/STSpin3201Hall-Test1/Drivers/STM32F0xx_HAL_Driver/Src/stm32f0xx_hal_dma.c:282:19:HAL_DMA_Start	20	static
E:/Consulting/VEOL/ArthroscopicShaver/Hardware/BLDC-Motor/STSpin3201Hall-Test1/Drivers/STM32F0xx_HAL_Driver/Src/stm32f0xx_hal_dma.c:329:19:HAL_DMA_Start_IT	20	static
E:/Consulting/VEOL/ArthroscopicShaver/Hardware/BLDC-Motor/STSpin3201Hall-Test1/Drivers/STM32F0xx_HAL_Driver/Src/stm32f0xx_hal_dma.c:385:19:HAL_DMA_Abort	12	static
E:/Consulting/VEOL/ArthroscopicShaver/Hardware/BLDC-Motor/STSpin3201Hall-Test1/Drivers/STM32F0xx_HAL_Driver/Src/stm32f0xx_hal_dma.c:423:19:HAL_DMA_Abort_IT	16	static
E:/Consulting/VEOL/ArthroscopicShaver/Hardware/BLDC-Motor/STSpin3201Hall-Test1/Drivers/STM32F0xx_HAL_Driver/Src/stm32f0xx_hal_dma.c:469:19:HAL_DMA_PollForTransfer	32	static
E:/Consulting/VEOL/ArthroscopicShaver/Hardware/BLDC-Motor/STSpin3201Hall-Test1/Drivers/STM32F0xx_HAL_Driver/Src/stm32f0xx_hal_dma.c:570:6:HAL_DMA_IRQHandler	24	static
E:/Consulting/VEOL/ArthroscopicShaver/Hardware/BLDC-Motor/STSpin3201Hall-Test1/Drivers/STM32F0xx_HAL_Driver/Src/stm32f0xx_hal_dma.c:662:19:HAL_DMA_RegisterCallback	8	static
E:/Consulting/VEOL/ArthroscopicShaver/Hardware/BLDC-Motor/STSpin3201Hall-Test1/Drivers/STM32F0xx_HAL_Driver/Src/stm32f0xx_hal_dma.c:713:19:HAL_DMA_UnRegisterCallback	0	static
E:/Consulting/VEOL/ArthroscopicShaver/Hardware/BLDC-Motor/STSpin3201Hall-Test1/Drivers/STM32F0xx_HAL_Driver/Src/stm32f0xx_hal_dma.c:789:22:HAL_DMA_GetState	0	static
E:/Consulting/VEOL/ArthroscopicShaver/Hardware/BLDC-Motor/STSpin3201Hall-Test1/Drivers/STM32F0xx_HAL_Driver/Src/stm32f0xx_hal_dma.c:800:10:HAL_DMA_GetError	0	static
