E:/Consulting/VEOL/ArthroscopicShaver/Hardware/BLDC-Motor/STSpin3201Hall-Test1/Src/stm32f0xx_hal_msp.c:66:6:HAL_MspInit	8	static
E:/Consulting/VEOL/ArthroscopicShaver/Hardware/BLDC-Motor/STSpin3201Hall-Test1/Src/stm32f0xx_hal_msp.c:88:6:HAL_ADC_MspInit	56	static
E:/Consulting/VEOL/ArthroscopicShaver/Hardware/BLDC-Motor/STSpin3201Hall-Test1/Src/stm32f0xx_hal_msp.c:147:6:HAL_ADC_MspDeInit	8	static
E:/Consulting/VEOL/ArthroscopicShaver/Hardware/BLDC-Motor/STSpin3201Hall-Test1/Src/stm32f0xx_hal_msp.c:182:6:HAL_TIM_PWM_MspInit	40	static
E:/Consulting/VEOL/ArthroscopicShaver/Hardware/BLDC-Motor/STSpin3201Hall-Test1/Src/stm32f0xx_hal_msp.c:217:6:HAL_TIM_Base_MspInit	48	static
E:/Consulting/VEOL/ArthroscopicShaver/Hardware/BLDC-Motor/STSpin3201Hall-Test1/Src/stm32f0xx_hal_msp.c:259:6:HAL_TIM_MspPostInit	56	static
E:/Consulting/VEOL/ArthroscopicShaver/Hardware/BLDC-Motor/STSpin3201Hall-Test1/Src/stm32f0xx_hal_msp.c:324:6:HAL_TIM_PWM_MspDeInit	8	static
E:/Consulting/VEOL/ArthroscopicShaver/Hardware/BLDC-Motor/STSpin3201Hall-Test1/Src/stm32f0xx_hal_msp.c:362:6:HAL_TIM_Base_MspDeInit	8	static
E:/Consulting/VEOL/ArthroscopicShaver/Hardware/BLDC-Motor/STSpin3201Hall-Test1/Src/stm32f0xx_hal_msp.c:405:6:HAL_UART_MspInit	40	static
E:/Consulting/VEOL/ArthroscopicShaver/Hardware/BLDC-Motor/STSpin3201Hall-Test1/Src/stm32f0xx_hal_msp.c:441:6:HAL_UART_MspDeInit	8	static
