Archive member included to satisfy reference by file (symbol)

../../MCSDK_v5.4.8/MotorControl/lib\libmc-gcc_M0.lib(revup_ctrl.o)
                              ./Application/User/user_interface.o (RUC_SetPhaseDurationms)
../../MCSDK_v5.4.8/MotorControl/lib\libmc-gcc_M0.lib(fast_div.o)
                              ./Middlewares/MotorControl/ramp_ext_mngr.o (FD_Init)
d:/st/stm32cubeide_1.9.0/stm32cubeide/plugins/com.st.stm32cube.ide.mcu.externaltools.gnu-tools-for-stm32.10.3-2021.10.win32_1.0.0.202111181127/tools/bin/../lib/gcc/arm-none-eabi/10.3.1/../../../../arm-none-eabi/lib/thumb/v6-m/nofp\libc_nano.a(lib_a-errno.o)
                              ./Application/User/syscalls.o (__errno)
d:/st/stm32cubeide_1.9.0/stm32cubeide/plugins/com.st.stm32cube.ide.mcu.externaltools.gnu-tools-for-stm32.10.3-2021.10.win32_1.0.0.202111181127/tools/bin/../lib/gcc/arm-none-eabi/10.3.1/../../../../arm-none-eabi/lib/thumb/v6-m/nofp\libc_nano.a(lib_a-exit.o)
                              d:/st/stm32cubeide_1.9.0/stm32cubeide/plugins/com.st.stm32cube.ide.mcu.externaltools.gnu-tools-for-stm32.10.3-2021.10.win32_1.0.0.202111181127/tools/bin/../lib/gcc/arm-none-eabi/10.3.1/../../../../arm-none-eabi/lib/thumb/v6-m/nofp/crt0.o (exit)
d:/st/stm32cubeide_1.9.0/stm32cubeide/plugins/com.st.stm32cube.ide.mcu.externaltools.gnu-tools-for-stm32.10.3-2021.10.win32_1.0.0.202111181127/tools/bin/../lib/gcc/arm-none-eabi/10.3.1/../../../../arm-none-eabi/lib/thumb/v6-m/nofp\libc_nano.a(lib_a-impure.o)
                              d:/st/stm32cubeide_1.9.0/stm32cubeide/plugins/com.st.stm32cube.ide.mcu.externaltools.gnu-tools-for-stm32.10.3-2021.10.win32_1.0.0.202111181127/tools/bin/../lib/gcc/arm-none-eabi/10.3.1/../../../../arm-none-eabi/lib/thumb/v6-m/nofp\libc_nano.a(lib_a-exit.o) (_global_impure_ptr)
d:/st/stm32cubeide_1.9.0/stm32cubeide/plugins/com.st.stm32cube.ide.mcu.externaltools.gnu-tools-for-stm32.10.3-2021.10.win32_1.0.0.202111181127/tools/bin/../lib/gcc/arm-none-eabi/10.3.1/../../../../arm-none-eabi/lib/thumb/v6-m/nofp\libc_nano.a(lib_a-init.o)
                              d:/st/stm32cubeide_1.9.0/stm32cubeide/plugins/com.st.stm32cube.ide.mcu.externaltools.gnu-tools-for-stm32.10.3-2021.10.win32_1.0.0.202111181127/tools/bin/../lib/gcc/arm-none-eabi/10.3.1/../../../../arm-none-eabi/lib/thumb/v6-m/nofp/crt0.o (__libc_init_array)
d:/st/stm32cubeide_1.9.0/stm32cubeide/plugins/com.st.stm32cube.ide.mcu.externaltools.gnu-tools-for-stm32.10.3-2021.10.win32_1.0.0.202111181127/tools/bin/../lib/gcc/arm-none-eabi/10.3.1/../../../../arm-none-eabi/lib/thumb/v6-m/nofp\libc_nano.a(lib_a-memcpy-stub.o)
                              ./Application/User/mc_interface.o (memcpy)
d:/st/stm32cubeide_1.9.0/stm32cubeide/plugins/com.st.stm32cube.ide.mcu.externaltools.gnu-tools-for-stm32.10.3-2021.10.win32_1.0.0.202111181127/tools/bin/../lib/gcc/arm-none-eabi/10.3.1/../../../../arm-none-eabi/lib/thumb/v6-m/nofp\libc_nano.a(lib_a-memset.o)
                              d:/st/stm32cubeide_1.9.0/stm32cubeide/plugins/com.st.stm32cube.ide.mcu.externaltools.gnu-tools-for-stm32.10.3-2021.10.win32_1.0.0.202111181127/tools/bin/../lib/gcc/arm-none-eabi/10.3.1/../../../../arm-none-eabi/lib/thumb/v6-m/nofp/crt0.o (memset)
d:/st/stm32cubeide_1.9.0/stm32cubeide/plugins/com.st.stm32cube.ide.mcu.externaltools.gnu-tools-for-stm32.10.3-2021.10.win32_1.0.0.202111181127/tools/bin/../lib/gcc/arm-none-eabi/10.3.1/../../../../arm-none-eabi/lib/thumb/v6-m/nofp\libc_nano.a(lib_a-printf.o)
                              ./Application/User/main.o (printf)
d:/st/stm32cubeide_1.9.0/stm32cubeide/plugins/com.st.stm32cube.ide.mcu.externaltools.gnu-tools-for-stm32.10.3-2021.10.win32_1.0.0.202111181127/tools/bin/../lib/gcc/arm-none-eabi/10.3.1/../../../../arm-none-eabi/lib/thumb/v6-m/nofp\libc_nano.a(lib_a-findfp.o)
                              d:/st/stm32cubeide_1.9.0/stm32cubeide/plugins/com.st.stm32cube.ide.mcu.externaltools.gnu-tools-for-stm32.10.3-2021.10.win32_1.0.0.202111181127/tools/bin/../lib/gcc/arm-none-eabi/10.3.1/../../../../arm-none-eabi/lib/thumb/v6-m/nofp\libc_nano.a(lib_a-printf.o) (__sinit)
d:/st/stm32cubeide_1.9.0/stm32cubeide/plugins/com.st.stm32cube.ide.mcu.externaltools.gnu-tools-for-stm32.10.3-2021.10.win32_1.0.0.202111181127/tools/bin/../lib/gcc/arm-none-eabi/10.3.1/../../../../arm-none-eabi/lib/thumb/v6-m/nofp\libc_nano.a(lib_a-fwalk.o)
                              d:/st/stm32cubeide_1.9.0/stm32cubeide/plugins/com.st.stm32cube.ide.mcu.externaltools.gnu-tools-for-stm32.10.3-2021.10.win32_1.0.0.202111181127/tools/bin/../lib/gcc/arm-none-eabi/10.3.1/../../../../arm-none-eabi/lib/thumb/v6-m/nofp\libc_nano.a(lib_a-findfp.o) (_fwalk)
d:/st/stm32cubeide_1.9.0/stm32cubeide/plugins/com.st.stm32cube.ide.mcu.externaltools.gnu-tools-for-stm32.10.3-2021.10.win32_1.0.0.202111181127/tools/bin/../lib/gcc/arm-none-eabi/10.3.1/../../../../arm-none-eabi/lib/thumb/v6-m/nofp\libc_nano.a(lib_a-lock.o)
[...]
Memory Configuration

Name             Origin             Length             Attributes
RAM              0x0000000020000000 0x0000000000001000 xrw
FLASH            0x0000000008000000 0x0000000000008000 xr
*default*        0x0000000000000000 0xffffffffffffffff

Linker script and memory map

LOAD d:/st/stm32cubeide_1.9.0/stm32cubeide/plugins/com.st.stm32cube.ide.mcu.externaltools.gnu-tools-for-stm32.10.3-2021.10.win32_1.0.0.202111181127/tools/bin/../lib/gcc/arm-none-eabi/10.3.1/thumb/v6-m/nofp/crti.o
LOAD d:/st/stm32cubeide_1.9.0/stm32cubeide/plugins/com.st.stm32cube.ide.mcu.externaltools.gnu-tools-for-stm32.10.3-2021.10.win32_1.0.0.202111181127/tools/bin/../lib/gcc/arm-none-eabi/10.3.1/thumb/v6-m/nofp/crtbegin.o
LOAD d:/st/stm32cubeide_1.9.0/stm32cubeide/plugins/com.st.stm32cube.ide.mcu.externaltools.gnu-tools-for-stm32.10.3-2021.10.win32_1.0.0.202111181127/tools/bin/../lib/gcc/arm-none-eabi/10.3.1/../../../../arm-none-eabi/lib/thumb/v6-m/nofp/crt0.o
LOAD ./Application/Startup/startup_stm32f031c6tx.o
LOAD ./Application/User/dac_rctimer_ui.o
LOAD ./Application/User/main.o
LOAD ./Application/User/mc_api.o
LOAD ./Application/User/mc_config.o
LOAD ./Application/User/mc_interface.o
LOAD ./Application/User/mc_math.o
LOAD ./Application/User/mc_parameters.o
LOAD ./Application/User/mc_tasks.o
LOAD ./Application/User/motor_control_protocol.o
LOAD ./Application/User/motorcontrol.o
LOAD ./Application/User/regular_conversion_manager.o
LOAD ./Application/User/stm32f0xx_hal_msp.o
LOAD ./Application/User/stm32f0xx_it.o
LOAD ./Application/User/stm32f0xx_mc_it.o
LOAD ./Application/User/syscalls.o
LOAD ./Application/User/sysmem.o
LOAD ./Application/User/ui_task.o
LOAD ./Application/User/user_interface.o
LOAD ./Drivers/CMSIS/system_stm32f0xx.o
LOAD ./Drivers/STM32F0xx_HAL_Driver/stm32f0xx_hal.o
LOAD ./Drivers/STM32F0xx_HAL_Driver/stm32f0xx_hal_adc.o
LOAD ./Drivers/STM32F0xx_HAL_Driver/stm32f0xx_hal_adc_ex.o
LOAD ./Drivers/STM32F0xx_HAL_Driver/stm32f0xx_hal_cortex.o
LOAD ./Drivers/STM32F0xx_HAL_Driver/stm32f0xx_hal_dma.o
LOAD ./Drivers/STM32F0xx_HAL_Driver/stm32f0xx_hal_exti.o
LOAD ./Drivers/STM32F0xx_HAL_Driver/stm32f0xx_hal_flash.o
LOAD ./Drivers/STM32F0xx_HAL_Driver/stm32f0xx_hal_flash_ex.o
LOAD ./Drivers/STM32F0xx_HAL_Driver/stm32f0xx_hal_gpio.o
LOAD ./Drivers/STM32F0xx_HAL_Driver/stm32f0xx_hal_i2c.o
LOAD ./Drivers/STM32F0xx_HAL_Driver/stm32f0xx_hal_i2c_ex.o
LOAD ./Drivers/STM32F0xx_HAL_Driver/stm32f0xx_hal_pwr.o
LOAD ./Drivers/STM32F0xx_HAL_Driver/stm32f0xx_hal_pwr_ex.o
LOAD ./Drivers/STM32F0xx_HAL_Driver/stm32f0xx_hal_rcc.o
LOAD ./Drivers/STM32F0xx_HAL_Driver/stm32f0xx_hal_rcc_ex.o
LOAD ./Drivers/STM32F0xx_HAL_Driver/stm32f0xx_hal_tim.o
LOAD ./Drivers/STM32F0xx_HAL_Driver/stm32f0xx_hal_tim_ex.o
LOAD ./Drivers/STM32F0xx_HAL_Driver/stm32f0xx_hal_uart.o
LOAD ./Drivers/STM32F0xx_HAL_Driver/stm32f0xx_hal_uart_ex.o
LOAD ./Middlewares/MotorControl/bus_voltage_sensor.o
LOAD ./Middlewares/MotorControl/circle_limitation.o
LOAD ./Middlewares/MotorControl/dac_common_ui.o
LOAD ./Middlewares/MotorControl/digital_output.o
LOAD ./Middlewares/MotorControl/frame_communication_protocol.o
LOAD ./Middlewares/MotorControl/hall_speed_pos_fdbk.o
LOAD ./Middlewares/MotorControl/motor_power_measurement.o
LOAD ./Middlewares/MotorControl/ntc_temperature_sensor.o
LOAD ./Middlewares/MotorControl/open_loop.o
LOAD ./Middlewares/MotorControl/pid_regulator.o
LOAD ./Middlewares/MotorControl/pqd_motor_power_measurement.o
LOAD ./Middlewares/MotorControl/pwm_common.o
LOAD ./Middlewares/MotorControl/pwm_curr_fdbk.o
LOAD ./Middlewares/MotorControl/r3_f0xx_pwm_curr_fdbk.o
LOAD ./Middlewares/MotorControl/r_divider_bus_voltage_sensor.o
LOAD ./Middlewares/MotorControl/ramp_ext_mngr.o
LOAD ./Middlewares/MotorControl/speed_pos_fdbk.o
LOAD ./Middlewares/MotorControl/speed_torq_ctrl.o
LOAD ./Middlewares/MotorControl/state_machine.o
LOAD ./Middlewares/MotorControl/ui_irq_handler.o
LOAD ./Middlewares/MotorControl/usart_frame_communication_protocol.o
LOAD ./Middlewares/MotorControl/virtual_speed_sensor.o
LOAD ../../MCSDK_v5.4.8/MotorControl/lib\libmc-gcc_M0.lib
START GROUP
LOAD d:/st/stm32cubeide_1.9.0/stm32cubeide/plugins/com.st.stm32cube.ide.mcu.externaltools.gnu-tools-for-stm32.10.3-2021.10.win32_1.0.0.202111181127/tools/bin/../lib/gcc/arm-none-eabi/10.3.1/../../../../arm-none-eabi/lib/thumb/v6-m/nofp\libc_nano.a
LOAD d:/st/stm32cubeide_1.9.0/stm32cubeide/plugins/com.st.stm32cube.ide.mcu.externaltools.gnu-tools-for-stm32.10.3-2021.10.win32_1.0.0.202111181127/tools/bin/../lib/gcc/arm-none-eabi/10.3.1/../../../../arm-none-eabi/lib/thumb/v6-m/nofp\libm.a
END GROUP
START GROUP
LOAD d:/st/stm32cubeide_1.9.0/stm32cubeide/plugins/com.st.stm32cube.ide.mcu.externaltools.gnu-tools-for-stm32.10.3-2021.10.win32_1.0.0.202111181127/tools/bin/../lib/gcc/arm-none-eabi/10.3.1/thumb/v6-m/nofp\libgcc.a
LOAD d:/st/stm32cubeide_1.9.0/stm32cubeide/plugins/com.st.stm32cube.ide.mcu.externaltools.gnu-tools-for-stm32.10.3-2021.10.win32_1.0.0.202111181127/tools/bin/../lib/gcc/arm-none-eabi/10.3.1/../../../../arm-none-eabi/lib/thumb/v6-m/nofp\libc_nano.a
END GROUP
START GROUP
LOAD d:/st/stm32cubeide_1.9.0/stm32cubeide/plugins/com.st.stm32cube.ide.mcu.externaltools.gnu-tools-for-stm32.10.3-2021.10.win32_1.0.0.202111181127/tools/bin/../lib/gcc/arm-none-eabi/10.3.1/thumb/v6-m/nofp\libgcc.a
LOAD d:/st/stm32cubeide_1.9.0/stm32cubeide/plugins/com.st.stm32cube.ide.mcu.externaltools.gnu-tools-for-stm32.10.3-2021.10.win32_1.0.0.202111181127/tools/bin/../lib/gcc/arm-none-eabi/10.3.1/../../../../arm-none-eabi/lib/thumb/v6-m/nofp\libc_nano.a
LOAD d:/st/stm32cubeide_1.9.0/stm32cubeide/plugins/com.st.stm32cube.ide.mcu.externaltools.gnu-tools-for-stm32.10.3-2021.10.win32_1.0.0.202111181127/tools/bin/../lib/gcc/arm-none-eabi/10.3.1/../../../../arm-none-eabi/lib/thumb/v6-m/nofp\libnosys.a
END GROUP
START GROUP
LOAD d:/st/stm32cubeide_1.9.0/stm32cubeide/plugins/com.st.stm32cube.ide.mcu.externaltools.gnu-tools-for-stm32.10.3-2021.10.win32_1.0.0.202111181127/tools/bin/../lib/gcc/arm-none-eabi/10.3.1/thumb/v6-m/nofp\libgcc.a
LOAD d:/st/stm32cubeide_1.9.0/stm32cubeide/plugins/com.st.stm32cube.ide.mcu.externaltools.gnu-tools-for-stm32.10.3-2021.10.win32_1.0.0.202111181127/tools/bin/../lib/gcc/arm-none-eabi/10.3.1/../../../../arm-none-eabi/lib/thumb/v6-m/nofp\libc_nano.a
LOAD d:/st/stm32cubeide_1.9.0/stm32cubeide/plugins/com.st.stm32cube.ide.mcu.externaltools.gnu-tools-for-stm32.10.3-2021.10.win32_1.0.0.202111181127/tools/bin/../lib/gcc/arm-none-eabi/10.3.1/../../../../arm-none-eabi/lib/thumb/v6-m/nofp\libnosys.a
END GROUP
LOAD d:/st/stm32cubeide_1.9.0/stm32cubeide/plugins/com.st.stm32cube.ide.mcu.externaltools.gnu-tools-for-stm32.10.3-2021.10.win32_1.0.0.202111181127/tools/bin/../lib/gcc/arm-none-eabi/10.3.1/thumb/v6-m/nofp/crtend.o
LOAD d:/st/stm32cubeide_1.9.0/stm32cubeide/plugins/com.st.stm32cube.ide.mcu.externaltools.gnu-tools-for-stm32.10.3-2021.10.win32_1.0.0.202111181127/tools/bin/../lib/gcc/arm-none-eabi/10.3.1/thumb/v6-m/nofp/crtn.o
                0x0000000020001000                _estack = (ORIGIN (RAM) + LENGTH (RAM))
                0x0000000000000080                _Min_Heap_Size = 0x80
                0x0000000000000400                _Min_Stack_Size = 0x400

.isr_vector     0x0000000008000000       0xc0
                0x0000000008000000                . = ALIGN (0x4)
 *(.isr_vector)
 .isr_vector    0x0000000008000000       0xc0 ./Application/Startup/startup_stm32f031c6tx.o
                0x0000000008000000                g_pfnVectors
                0x00000000080000c0                . = ALIGN (0x4)

.text           0x00000000080000c0     0x7024
                0x00000000080000c0                . = ALIGN (0x4)
 *(.text)
 .text          0x00000000080000c0       0x48 d:/st/stm32cubeide_1.9.0/stm32cubeide/plugins/com.st.stm32cube.ide.mcu.externaltools.gnu-tools-for-stm32.10.3-2021.10.win32_1.0.0.202111181127/tools/bin/../lib/gcc/arm-none-eabi/10.3.1/thumb/v6-m/nofp/crtbegin.o
 .text          0x0000000008000108       0x14 d:/st/stm32cubeide_1.9.0/stm32cubeide/plugins/com.st.stm32cube.ide.mcu.externaltools.gnu-tools-for-stm32.10.3-2021.10.win32_1.0.0.202111181127/tools/bin/../lib/gcc/arm-none-eabi/10.3.1/thumb/v6-m/nofp\libgcc.a(_thumb1_case_shi.o)
                0x0000000008000108                __gnu_thumb1_case_shi
 .text          0x000000000800011c      0x114 d:/st/stm32cubeide_1.9.0/stm32cubeide/plugins/com.st.stm32cube.ide.mcu.externaltools.gnu-tools-for-stm32.10.3-2021.10.win32_1.0.0.202111181127/tools/bin/../lib/gcc/arm-none-eabi/10.3.1/thumb/v6-m/nofp\libgcc.a(_udivsi3.o)
                0x000000000800011c                __aeabi_uidiv
                0x000000000800011c                __udivsi3
                0x0000000008000228                __aeabi_uidivmod
 .text          0x0000000008000230      0x1d4 d:/st/stm32cubeide_1.9.0/stm32cubeide/plugins/com.st.stm32cube.ide.mcu.externaltools.gnu-tools-for-stm32.10.3-2021.10.win32_1.0.0.202111181127/tools/bin/../lib/gcc/arm-none-eabi/10.3.1/thumb/v6-m/nofp\libgcc.a(_divsi3.o)
                0x0000000008000230                __divsi3
                0x0000000008000230                __aeabi_idiv
                0x00000000080003fc                __aeabi_idivmod
 .text          0x0000000008000404        0x4 d:/st/stm32cubeide_1.9.0/stm32cubeide/plugins/com.st.stm32cube.ide.mcu.externaltools.gnu-tools-for-stm32.10.3-2021.10.win32_1.0.0.202111181127/tools/bin/../lib/gcc/arm-none-eabi/10.3.1/thumb/v6-m/nofp\libgcc.a(_dvmd_tls.o)
                0x0000000008000404                __aeabi_idiv0
                0x0000000008000404                __aeabi_ldiv0
 *(.text*)
 .text.Reset_Handler
                0x0000000008000408       0x50 ./Application/Startup/startup_stm32f031c6tx.o
                0x0000000008000408                Reset_Handler
 .text.Default_Handler
                0x0000000008000458        0x2 ./Application/Startup/startup_stm32f031c6tx.o
                0x0000000008000458                TIM1_CC_IRQHandler
                0x0000000008000458                PVD_IRQHandler
                0x0000000008000458                PendSV_Handler
                0x0000000008000458                NMI_Handler
                0x0000000008000458                I2C1_IRQHandler
                0x0000000008000458                SPI1_IRQHandler
                0x0000000008000458                EXTI2_3_IRQHandler
                0x0000000008000458                ADC1_IRQHandler
                0x0000000008000458                TIM17_IRQHandler
                0x0000000008000458                RTC_IRQHandler
                0x0000000008000458                TIM16_IRQHandler
                0x0000000008000458                TIM3_IRQHandler
                0x0000000008000458                EXTI4_15_IRQHandler
                0x0000000008000458                RCC_IRQHandler
                0x0000000008000458                Default_Handler
                0x0000000008000458                TIM14_IRQHandler
                0x0000000008000458                SVC_Handler
                0x0000000008000458                WWDG_IRQHandler
                0x0000000008000458                DMA1_Channel2_3_IRQHandler
                0x0000000008000458                FLASH_IRQHandler
 *fill*         0x000000000800045a        0x2 
 .text.DACT_Init
                0x000000000800045c       0x20 ./Application/User/dac_rctimer_ui.o
                0x000000000800045c                DACT_Init
 .text.DACT_Exec
                0x000000000800047c       0x24 ./Application/User/dac_rctimer_ui.o
                0x000000000800047c                DACT_Exec
 .text.SystemClock_Config
                0x00000000080004a0       0x84 ./Application/User/main.o
                0x00000000080004a0                SystemClock_Config
 .text.startup.main
                0x0000000008000524      0x428 ./Application/User/main.o
                0x0000000008000524                main
 .text.Error_Handler
                0x000000000800094c        0x4 ./Application/User/main.o
                0x000000000800094c                Error_Handler
 .text.MC_StartMotor1
                0x0000000008000950       0x10 ./Application/User/mc_api.o
                0x0000000008000950                MC_StartMotor1
 .text.MC_StopMotor1
                0x0000000008000960       0x10 ./Application/User/mc_api.o
                0x0000000008000960                MC_StopMotor1
 .text.MC_GetSTMStateMotor1
                0x0000000008000970       0x10 ./Application/User/mc_api.o
                0x0000000008000970                MC_GetSTMStateMotor1
 .text.MCI_Init
                0x0000000008000980       0x14 ./Application/User/mc_interface.o
                0x0000000008000980                MCI_Init
 .text.MCI_ExecSpeedRamp
                0x0000000008000994       0x10 ./Application/User/mc_interface.o
                0x0000000008000994                MCI_ExecSpeedRamp
 .text.MCI_ExecTorqueRamp
                0x00000000080009a4       0x10 ./Application/User/mc_interface.o
                0x00000000080009a4                MCI_ExecTorqueRamp
 .text.MCI_SetCurrentReferences
                0x00000000080009b4       0x14 ./Application/User/mc_interface.o
                0x00000000080009b4                MCI_SetCurrentReferences
 .text.MCI_StartMotor
                0x00000000080009c8       0x18 ./Application/User/mc_interface.o
                0x00000000080009c8                MCI_StartMotor
 .text.MCI_StopMotor
                0x00000000080009e0        0xc ./Application/User/mc_interface.o
                0x00000000080009e0                MCI_StopMotor
 .text.MCI_FaultAcknowledged
                0x00000000080009ec        0xc ./Application/User/mc_interface.o
                0x00000000080009ec                MCI_FaultAcknowledged
 .text.MCI_EncoderAlign
                0x00000000080009f8        0xc ./Application/User/mc_interface.o
                0x00000000080009f8                MCI_EncoderAlign
 .text.MCI_ExecBufferedCommands
                0x0000000008000a04       0x7c ./Application/User/mc_interface.o
                0x0000000008000a04                MCI_ExecBufferedCommands
 .text.MCI_GetSTMState
                0x0000000008000a80        0xc ./Application/User/mc_interface.o
                0x0000000008000a80                MCI_GetSTMState
 .text.MCI_GetControlMode
                0x0000000008000a8c        0x4 ./Application/User/mc_interface.o
                0x0000000008000a8c                MCI_GetControlMode
 .text.MCI_GetLastRampFinalSpeed
                0x0000000008000a90       0x10 ./Application/User/mc_interface.o
                0x0000000008000a90                MCI_GetLastRampFinalSpeed
 .text.MCI_StopRamp
                0x0000000008000aa0        0xc ./Application/User/mc_interface.o
                0x0000000008000aa0                MCI_StopRamp
 .text.MCI_GetAvrgMecSpeedUnit
                0x0000000008000aac       0x10 ./Application/User/mc_interface.o
                0x0000000008000aac                MCI_GetAvrgMecSpeedUnit
 .text.MCI_GetMecSpeedRefUnit
                0x0000000008000abc        0xc ./Application/User/mc_interface.o
                0x0000000008000abc                MCI_GetMecSpeedRefUnit
 .text.MCI_GetIab
                0x0000000008000ac8       0x20 ./Application/User/mc_interface.o
                0x0000000008000ac8                MCI_GetIab
 .text.MCI_GetIalphabeta
                0x0000000008000ae8       0x20 ./Application/User/mc_interface.o
                0x0000000008000ae8                MCI_GetIalphabeta
 .text.MCI_GetIqd
                0x0000000008000b08       0x20 ./Application/User/mc_interface.o
                0x0000000008000b08                MCI_GetIqd
 .text.MCI_GetIqdref
                0x0000000008000b28       0x20 ./Application/User/mc_interface.o
                0x0000000008000b28                MCI_GetIqdref
 .text.MCI_GetVqd
                0x0000000008000b48       0x20 ./Application/User/mc_interface.o
                0x0000000008000b48                MCI_GetVqd
 .text.MCI_GetValphabeta
                0x0000000008000b68       0x20 ./Application/User/mc_interface.o
                0x0000000008000b68                MCI_GetValphabeta
 .text.MCI_GetTeref
                0x0000000008000b88        0x8 ./Application/User/mc_interface.o
                0x0000000008000b88                MCI_GetTeref
 .text.MCI_SetIdref
                0x0000000008000b90        0x8 ./Application/User/mc_interface.o
                0x0000000008000b90                MCI_SetIdref
 .text.MCI_Clear_Iqdref
                0x0000000008000b98       0x14 ./Application/User/mc_interface.o
                0x0000000008000b98                MCI_Clear_Iqdref
 .text.MCM_Clarke
                0x0000000008000bac       0x58 ./Application/User/mc_math.o
                0x0000000008000bac                MCM_Clarke
 .text.MCM_Trig_Functions
                0x0000000008000c04       0x9c ./Application/User/mc_math.o
                0x0000000008000c04                MCM_Trig_Functions
 .text.MCM_Park
                0x0000000008000ca0       0xa0 ./Application/User/mc_math.o
                0x0000000008000ca0                MCM_Park
 .text.MCM_Rev_Park
                0x0000000008000d40       0x34 ./Application/User/mc_math.o
                0x0000000008000d40                MCM_Rev_Park
 .text.FOC_Clear
                0x0000000008000d74       0x64 ./Application/User/mc_tasks.o
                0x0000000008000d74                FOC_Clear
 .text.MCboot   0x0000000008000dd8      0x1cc ./Application/User/mc_tasks.o
                0x0000000008000dd8                MCboot
 .text.FOC_InitAdditionalMethods
                0x0000000008000fa4        0x4 ./Application/User/mc_tasks.o
                0x0000000008000fa4                FOC_InitAdditionalMethods
 .text.FOC_CalcCurrRef
                0x0000000008000fa8       0x30 ./Application/User/mc_tasks.o
                0x0000000008000fa8                FOC_CalcCurrRef
 .text.TSK_SetChargeBootCapDelayM1
                0x0000000008000fd8        0xc ./Application/User/mc_tasks.o
                0x0000000008000fd8                TSK_SetChargeBootCapDelayM1
 .text.TSK_ChargeBootCapDelayHasElapsedM1
                0x0000000008000fe4       0x10 ./Application/User/mc_tasks.o
                0x0000000008000fe4                TSK_ChargeBootCapDelayHasElapsedM1
 .text.TSK_SetStopPermanencyTimeM1
                0x0000000008000ff4        0xc ./Application/User/mc_tasks.o
                0x0000000008000ff4                TSK_SetStopPermanencyTimeM1
 .text.TSK_StopPermanencyTimeHasElapsedM1
                0x0000000008001000       0x10 ./Application/User/mc_tasks.o
                0x0000000008001000                TSK_StopPermanencyTimeHasElapsedM1
 .text.TSK_MediumFrequencyTaskM1
                0x0000000008001010      0x154 ./Application/User/mc_tasks.o
                0x0000000008001010                TSK_MediumFrequencyTaskM1
 .text.MC_Scheduler
                0x0000000008001164       0x58 ./Application/User/mc_tasks.o
                0x0000000008001164                MC_Scheduler
 .text.TSK_HighFrequencyTask
                0x00000000080011bc      0x100 ./Application/User/mc_tasks.o
                0x00000000080011bc                TSK_HighFrequencyTask
 .text.TSK_SafetyTask_PWMOFF
                0x00000000080012bc       0xa0 ./Application/User/mc_tasks.o
                0x00000000080012bc                TSK_SafetyTask_PWMOFF
 .text.TSK_SafetyTask
                0x000000000800135c       0x1c ./Application/User/mc_tasks.o
                0x000000000800135c                TSK_SafetyTask
 .text.MC_RunMotorControlTasks
                0x0000000008001378       0x20 ./Application/User/mc_tasks.o
                0x0000000008001378                MC_RunMotorControlTasks
 .text.TSK_HardwareFaultTask
                0x0000000008001398       0x20 ./Application/User/mc_tasks.o
                0x0000000008001398                TSK_HardwareFaultTask
 .text.mc_lock_pins
                0x00000000080013b8      0x124 ./Application/User/mc_tasks.o
                0x00000000080013b8                mc_lock_pins
 .text.MCP_ReceivedFrame
                0x00000000080014dc      0x3ec ./Application/User/motor_control_protocol.o
                0x00000000080014dc                MCP_ReceivedFrame
 .text.MCP_WaitNextFrame
                0x00000000080018c8       0x18 ./Application/User/motor_control_protocol.o
                0x00000000080018c8                MCP_WaitNextFrame
 .text.MCP_Init
                0x00000000080018e0       0x48 ./Application/User/motor_control_protocol.o
                0x00000000080018e0                MCP_Init
 .text.MCP_OnTimeOut
                0x0000000008001928        0x8 ./Application/User/motor_control_protocol.o
                0x0000000008001928                MCP_OnTimeOut
 .text.MCP_SentFrame
                0x0000000008001930        0x8 ./Application/User/motor_control_protocol.o
                0x0000000008001930                MCP_SentFrame
 .text.MX_MotorControl_Init
                0x0000000008001938       0x48 ./Application/User/motorcontrol.o
                0x0000000008001938                MX_MotorControl_Init
 .text.RCM_RegisterRegConv
                0x0000000008001980      0x134 ./Application/User/regular_conversion_manager.o
                0x0000000008001980                RCM_RegisterRegConv
 .text.RCM_ExecRegularConv
                0x0000000008001ab4      0x180 ./Application/User/regular_conversion_manager.o
                0x0000000008001ab4                RCM_ExecRegularConv
 .text.RCM_ExecUserConv
                0x0000000008001c34       0x5c ./Application/User/regular_conversion_manager.o
                0x0000000008001c34                RCM_ExecUserConv
 .text.RCM_ExecNextConv
                0x0000000008001c90       0x7c ./Application/User/regular_conversion_manager.o
                0x0000000008001c90                RCM_ExecNextConv
 .text.RCM_ReadOngoingConv
                0x0000000008001d0c       0x50 ./Application/User/regular_conversion_manager.o
                0x0000000008001d0c                RCM_ReadOngoingConv
 .text.HAL_MspInit
                0x0000000008001d5c       0x30 ./Application/User/stm32f0xx_hal_msp.o
                0x0000000008001d5c                HAL_MspInit
 .text.HAL_ADC_MspInit
                0x0000000008001d8c       0xc8 ./Application/User/stm32f0xx_hal_msp.o
                0x0000000008001d8c                HAL_ADC_MspInit
 .text.HAL_TIM_PWM_MspInit
                0x0000000008001e54       0x68 ./Application/User/stm32f0xx_hal_msp.o
                0x0000000008001e54                HAL_TIM_PWM_MspInit
 .text.HAL_TIM_Base_MspInit
                0x0000000008001ebc       0x84 ./Application/User/stm32f0xx_hal_msp.o
                0x0000000008001ebc                HAL_TIM_Base_MspInit
 .text.HAL_TIM_MspPostInit
                0x0000000008001f40       0xc0 ./Application/User/stm32f0xx_hal_msp.o
                0x0000000008001f40                HAL_TIM_MspPostInit
 .text.HAL_UART_MspInit
                0x0000000008002000       0x60 ./Application/User/stm32f0xx_hal_msp.o
                0x0000000008002000                HAL_UART_MspInit
 .text.DMA1_Channel1_IRQHandler
                0x0000000008002060       0x18 ./Application/User/stm32f0xx_mc_it.o
                0x0000000008002060                DMA1_Channel1_IRQHandler
 .text.TIM1_BRK_UP_TRG_COM_IRQHandler
                0x0000000008002078       0x48 ./Application/User/stm32f0xx_mc_it.o
                0x0000000008002078                TIM1_BRK_UP_TRG_COM_IRQHandler
 .text.DMA1_Channel4_5_IRQHandler
                0x00000000080020c0       0x14 ./Application/User/stm32f0xx_mc_it.o
                0x00000000080020c0                DMA1_Channel4_5_IRQHandler
 .text.TIM2_IRQHandler
                0x00000000080020d4       0x34 ./Application/User/stm32f0xx_mc_it.o
                0x00000000080020d4                TIM2_IRQHandler
 .text.USART1_IRQHandler
                0x0000000008002108       0x6c ./Application/User/stm32f0xx_mc_it.o
                0x0000000008002108                USART1_IRQHandler
 .text.HardFault_Handler
                0x0000000008002174       0x6c ./Application/User/stm32f0xx_mc_it.o
                0x0000000008002174                HardFault_Handler
 .text.SysTick_Handler
                0x00000000080021e0       0x28 ./Application/User/stm32f0xx_mc_it.o
                0x00000000080021e0                SysTick_Handler
 .text.EXTI0_1_IRQHandler
                0x0000000008002208       0x1c ./Application/User/stm32f0xx_mc_it.o
                0x0000000008002208                EXTI0_1_IRQHandler
 .text._read    0x0000000008002224       0x1c ./Application/User/syscalls.o
                0x0000000008002224                _read
 .text._write   0x0000000008002240       0x1c ./Application/User/syscalls.o
                0x0000000008002240                _write
 .text._close   0x000000000800225c        0x8 ./Application/User/syscalls.o
                0x000000000800225c                _close
 .text._fstat   0x0000000008002264        0xc ./Application/User/syscalls.o
                0x0000000008002264                _fstat
 .text._isatty  0x0000000008002270        0x4 ./Application/User/syscalls.o
                0x0000000008002270                _isatty
 .text._lseek   0x0000000008002274        0x4 ./Application/User/syscalls.o
                0x0000000008002274                _lseek
 .text._sbrk    0x0000000008002278       0x44 ./Application/User/sysmem.o
                0x0000000008002278                _sbrk
 .text.UI_TaskInit
                0x00000000080022bc       0xe4 ./Application/User/ui_task.o
                0x00000000080022bc                UI_TaskInit
 .text.UI_Scheduler
                0x00000000080023a0       0x40 ./Application/User/ui_task.o
                0x00000000080023a0                UI_Scheduler
 .text.UI_DACUpdate
                0x00000000080023e0       0x20 ./Application/User/ui_task.o
                0x00000000080023e0                UI_DACUpdate
 .text.UI_SerialCommunicationTimeOutStop
                0x0000000008002400        0xc ./Application/User/ui_task.o
                0x0000000008002400                UI_SerialCommunicationTimeOutStop
 .text.UI_SerialCommunicationTimeOutStart
                0x000000000800240c        0xc ./Application/User/ui_task.o
                0x000000000800240c                UI_SerialCommunicationTimeOutStart
 .text.UI_HandleStartStopButton_cb
                0x0000000008002418       0x18 ./Application/User/ui_task.o
                0x0000000008002418                UI_HandleStartStopButton_cb
 .text.UI_Init  0x0000000008002430       0x14 ./Application/User/user_interface.o
                0x0000000008002430                UI_Init
 .text.UI_SelectMC
                0x0000000008002444       0x14 ./Application/User/user_interface.o
                0x0000000008002444                UI_SelectMC
 .text.UI_GetSelectedMC
                0x0000000008002458        0x8 ./Application/User/user_interface.o
                0x0000000008002458                UI_GetSelectedMC
 .text.UI_SetReg
                0x0000000008002460      0x128 ./Application/User/user_interface.o
                0x0000000008002460                UI_SetReg
 .text.UI_ExecCmd
                0x0000000008002588       0x78 ./Application/User/user_interface.o
                0x0000000008002588                UI_ExecCmd
 .text.UI_ExecSpeedRamp
                0x0000000008002600       0x24 ./Application/User/user_interface.o
                0x0000000008002600                UI_ExecSpeedRamp
 .text.UI_ExecTorqueRamp
                0x0000000008002624       0x14 ./Application/User/user_interface.o
                0x0000000008002624                UI_ExecTorqueRamp
 .text.UI_GetRevupData
                0x0000000008002638       0x40 ./Application/User/user_interface.o
                0x0000000008002638                UI_GetRevupData
 .text.UI_SetRevupData
                0x0000000008002678       0x38 ./Application/User/user_interface.o
                0x0000000008002678                UI_SetRevupData
 .text.UI_SetCurrentReferences
                0x00000000080026b0       0x20 ./Application/User/user_interface.o
                0x00000000080026b0                UI_SetCurrentReferences
 .text.UI_GetMPInfo
                0x00000000080026d0        0x4 ./Application/User/user_interface.o
                0x00000000080026d0                UI_GetMPInfo
 .text.UI_DACInit
                0x00000000080026d4        0xc ./Application/User/user_interface.o
                0x00000000080026d4                UI_DACInit
 .text.UI_DACExec
                0x00000000080026e0        0xc ./Application/User/user_interface.o
                0x00000000080026e0                UI_DACExec
 .text.UI_SetDAC
                0x00000000080026ec        0xc ./Application/User/user_interface.o
                0x00000000080026ec                UI_SetDAC
 .text.UI_GetDAC
                0x00000000080026f8       0x10 ./Application/User/user_interface.o
                0x00000000080026f8                UI_GetDAC
 .text.UI_GetReg
                0x0000000008002708      0x24c ./Application/User/user_interface.o
                0x0000000008002708                UI_GetReg
 .text.SystemInit
                0x0000000008002954        0x4 ./Drivers/CMSIS/system_stm32f0xx.o
                0x0000000008002954                SystemInit
 .text.HAL_InitTick
                0x0000000008002958       0x4c ./Drivers/STM32F0xx_HAL_Driver/stm32f0xx_hal.o
                0x0000000008002958                HAL_InitTick
 .text.HAL_Init
                0x00000000080029a4       0x20 ./Drivers/STM32F0xx_HAL_Driver/stm32f0xx_hal.o
                0x00000000080029a4                HAL_Init
 .text.HAL_IncTick
                0x00000000080029c4       0x18 ./Drivers/STM32F0xx_HAL_Driver/stm32f0xx_hal.o
                0x00000000080029c4                HAL_IncTick
 .text.HAL_GetTick
                0x00000000080029dc        0xc ./Drivers/STM32F0xx_HAL_Driver/stm32f0xx_hal.o
                0x00000000080029dc                HAL_GetTick
 .text.HAL_Delay
                0x00000000080029e8       0x24 ./Drivers/STM32F0xx_HAL_Driver/stm32f0xx_hal.o
                0x00000000080029e8                HAL_Delay
 .text.HAL_ADC_Init
                0x0000000008002a0c      0x154 ./Drivers/STM32F0xx_HAL_Driver/stm32f0xx_hal_adc.o
                0x0000000008002a0c                HAL_ADC_Init
 .text.HAL_ADC_ConfigChannel
                0x0000000008002b60      0x124 ./Drivers/STM32F0xx_HAL_Driver/stm32f0xx_hal_adc.o
                0x0000000008002b60                HAL_ADC_ConfigChannel
 .text.HAL_NVIC_SetPriority
                0x0000000008002c84       0x64 ./Drivers/STM32F0xx_HAL_Driver/stm32f0xx_hal_cortex.o
                0x0000000008002c84                HAL_NVIC_SetPriority
 .text.HAL_NVIC_EnableIRQ
                0x0000000008002ce8       0x18 ./Drivers/STM32F0xx_HAL_Driver/stm32f0xx_hal_cortex.o
                0x0000000008002ce8                HAL_NVIC_EnableIRQ
 .text.HAL_SYSTICK_Config
                0x0000000008002d00       0x34 ./Drivers/STM32F0xx_HAL_Driver/stm32f0xx_hal_cortex.o
                0x0000000008002d00                HAL_SYSTICK_Config
 .text.HAL_SYSTICK_Callback
                0x0000000008002d34        0x4 ./Drivers/STM32F0xx_HAL_Driver/stm32f0xx_hal_cortex.o
                0x0000000008002d34                HAL_SYSTICK_Callback
 .text.HAL_SYSTICK_IRQHandler
                0x0000000008002d38        0x8 ./Drivers/STM32F0xx_HAL_Driver/stm32f0xx_hal_cortex.o
                0x0000000008002d38                HAL_SYSTICK_IRQHandler
 .text.HAL_DMA_Init
                0x0000000008002d40       0x68 ./Drivers/STM32F0xx_HAL_Driver/stm32f0xx_hal_dma.o
                0x0000000008002d40                HAL_DMA_Init
 .text.HAL_GPIO_Init
                0x0000000008002da8      0x218 ./Drivers/STM32F0xx_HAL_Driver/stm32f0xx_hal_gpio.o
                0x0000000008002da8                HAL_GPIO_Init
 .text.HAL_GPIO_WritePin
                0x0000000008002fc0        0xc ./Drivers/STM32F0xx_HAL_Driver/stm32f0xx_hal_gpio.o
                0x0000000008002fc0                HAL_GPIO_WritePin
 .text.HAL_RCC_OscConfig
                0x0000000008002fcc      0x4b4 ./Drivers/STM32F0xx_HAL_Driver/stm32f0xx_hal_rcc.o
                0x0000000008002fcc                HAL_RCC_OscConfig
 .text.HAL_RCC_ClockConfig
                0x0000000008003480      0x17c ./Drivers/STM32F0xx_HAL_Driver/stm32f0xx_hal_rcc.o
                0x0000000008003480                HAL_RCC_ClockConfig
 .text.HAL_RCC_EnableCSS
                0x00000000080035fc       0x14 ./Drivers/STM32F0xx_HAL_Driver/stm32f0xx_hal_rcc.o
                0x00000000080035fc                HAL_RCC_EnableCSS
 .text.HAL_RCC_GetSysClockFreq
                0x0000000008003610       0x70 ./Drivers/STM32F0xx_HAL_Driver/stm32f0xx_hal_rcc.o
                0x0000000008003610                HAL_RCC_GetSysClockFreq
 .text.HAL_RCC_GetHCLKFreq
                0x0000000008003680        0xc ./Drivers/STM32F0xx_HAL_Driver/stm32f0xx_hal_rcc.o
                0x0000000008003680                HAL_RCC_GetHCLKFreq
 .text.HAL_RCC_GetPCLK1Freq
                0x000000000800368c       0x20 ./Drivers/STM32F0xx_HAL_Driver/stm32f0xx_hal_rcc.o
                0x000000000800368c                HAL_RCC_GetPCLK1Freq
 .text.HAL_RCCEx_PeriphCLKConfig
                0x00000000080036ac      0x13c ./Drivers/STM32F0xx_HAL_Driver/stm32f0xx_hal_rcc_ex.o
                0x00000000080036ac                HAL_RCCEx_PeriphCLKConfig
 .text.HAL_TIM_Base_Init
                0x00000000080037e8       0xf0 ./Drivers/STM32F0xx_HAL_Driver/stm32f0xx_hal_tim.o
                0x00000000080037e8                HAL_TIM_Base_Init
 .text.HAL_TIM_PWM_Init
                0x00000000080038d8       0xf0 ./Drivers/STM32F0xx_HAL_Driver/stm32f0xx_hal_tim.o
                0x00000000080038d8                HAL_TIM_PWM_Init
 .text.HAL_TIM_PWM_ConfigChannel
                0x00000000080039c8      0x244 ./Drivers/STM32F0xx_HAL_Driver/stm32f0xx_hal_tim.o
                0x00000000080039c8                HAL_TIM_PWM_ConfigChannel
 .text.HAL_TIM_ConfigClockSource
                0x0000000008003c0c      0x178 ./Drivers/STM32F0xx_HAL_Driver/stm32f0xx_hal_tim.o
                0x0000000008003c0c                HAL_TIM_ConfigClockSource
 .text.TIM_Base_SetConfig
                0x0000000008003d84       0x94 ./Drivers/STM32F0xx_HAL_Driver/stm32f0xx_hal_tim.o
                0x0000000008003d84                TIM_Base_SetConfig
 .text.TIM_OC2_SetConfig
                0x0000000008003e18       0x78 ./Drivers/STM32F0xx_HAL_Driver/stm32f0xx_hal_tim.o
                0x0000000008003e18                TIM_OC2_SetConfig
 .text.TIM_TI1_SetConfig
                0x0000000008003e90       0x54 ./Drivers/STM32F0xx_HAL_Driver/stm32f0xx_hal_tim.o
                0x0000000008003e90                TIM_TI1_SetConfig
 .text.HAL_TIMEx_HallSensor_MspInit
                0x0000000008003ee4        0x4 ./Drivers/STM32F0xx_HAL_Driver/stm32f0xx_hal_tim_ex.o
                0x0000000008003ee4                HAL_TIMEx_HallSensor_MspInit
 .text.HAL_TIMEx_HallSensor_Init
                0x0000000008003ee8       0xc0 ./Drivers/STM32F0xx_HAL_Driver/stm32f0xx_hal_tim_ex.o
                0x0000000008003ee8                HAL_TIMEx_HallSensor_Init
 .text.HAL_TIMEx_MasterConfigSynchronization
                0x0000000008003fa8       0x5c ./Drivers/STM32F0xx_HAL_Driver/stm32f0xx_hal_tim_ex.o
                0x0000000008003fa8                HAL_TIMEx_MasterConfigSynchronization
 .text.HAL_TIMEx_ConfigBreakDeadTime
                0x0000000008004004       0x64 ./Drivers/STM32F0xx_HAL_Driver/stm32f0xx_hal_tim_ex.o
                0x0000000008004004                HAL_TIMEx_ConfigBreakDeadTime
 .text.UART_AdvFeatureConfig
                0x0000000008004068       0xd0 ./Drivers/STM32F0xx_HAL_Driver/stm32f0xx_hal_uart.o
                0x0000000008004068                UART_AdvFeatureConfig
 .text.UART_WaitOnFlagUntilTimeout
                0x0000000008004138       0xf0 ./Drivers/STM32F0xx_HAL_Driver/stm32f0xx_hal_uart.o
                0x0000000008004138                UART_WaitOnFlagUntilTimeout
 .text.HAL_UART_Init
                0x0000000008004228      0x200 ./Drivers/STM32F0xx_HAL_Driver/stm32f0xx_hal_uart.o
                0x0000000008004228                HAL_UART_Init
 .text.VBS_GetAvBusVoltage_V
                0x0000000008004428        0xc ./Middlewares/MotorControl/bus_voltage_sensor.o
                0x0000000008004428                VBS_GetAvBusVoltage_V
 .text.Circle_Limitation
                0x0000000008004434       0x58 ./Middlewares/MotorControl/circle_limitation.o
                0x0000000008004434                Circle_Limitation
 .text.DAC_SetChannelConfig
                0x000000000800448c        0x8 ./Middlewares/MotorControl/dac_common_ui.o
                0x000000000800448c                DAC_SetChannelConfig
 .text.DAC_GetChannelConfig
                0x0000000008004494        0x8 ./Middlewares/MotorControl/dac_common_ui.o
                0x0000000008004494                DAC_GetChannelConfig
 .text.DAC_SetUserChannelValue
                0x000000000800449c        0xc ./Middlewares/MotorControl/dac_common_ui.o
                0x000000000800449c                DAC_SetUserChannelValue
 .text.DAC_GetUserChannelValue
                0x00000000080044a8        0xc ./Middlewares/MotorControl/dac_common_ui.o
                0x00000000080044a8                DAC_GetUserChannelValue
 .text.FCP_Init
                0x00000000080044b4       0x24 ./Middlewares/MotorControl/frame_communication_protocol.o
                0x00000000080044b4                FCP_Init
 .text.FCP_SetClient
                0x00000000080044d8       0x10 ./Middlewares/MotorControl/frame_communication_protocol.o
                0x00000000080044d8                FCP_SetClient
 .text.FCP_CalcCRC
                0x00000000080044e8       0x30 ./Middlewares/MotorControl/frame_communication_protocol.o
                0x00000000080044e8                FCP_CalcCRC
 .text.HALL_Init
                0x0000000008004518      0x118 ./Middlewares/MotorControl/hall_speed_pos_fdbk.o
                0x0000000008004518                HALL_Init
 .text.HALL_Clear
                0x0000000008004630      0x154 ./Middlewares/MotorControl/hall_speed_pos_fdbk.o
                0x0000000008004630                HALL_Clear
 .text.HALL_CalcElAngle
                0x0000000008004784       0x3c ./Middlewares/MotorControl/hall_speed_pos_fdbk.o
                0x0000000008004784                HALL_CalcElAngle
 .text.HALL_CalcAvrgMecSpeedUnit
                0x00000000080047c0       0x9c ./Middlewares/MotorControl/hall_speed_pos_fdbk.o
                0x00000000080047c0                HALL_CalcAvrgMecSpeedUnit
 .text.HALL_TIMx_CC_IRQHandler
                0x000000000800485c      0x314 ./Middlewares/MotorControl/hall_speed_pos_fdbk.o
                0x000000000800485c                HALL_TIMx_CC_IRQHandler
 .text.HALL_TIMx_UP_IRQHandler
                0x0000000008004b70      0x18c ./Middlewares/MotorControl/hall_speed_pos_fdbk.o
                0x0000000008004b70                HALL_TIMx_UP_IRQHandler
 .text.MPM_Clear
                0x0000000008004cfc       0x1c ./Middlewares/MotorControl/motor_power_measurement.o
                0x0000000008004cfc                MPM_Clear
 .text.MPM_CalcElMotorPower
                0x0000000008004d18       0x48 ./Middlewares/MotorControl/motor_power_measurement.o
                0x0000000008004d18                MPM_CalcElMotorPower
 .text.MPM_GetAvrgElMotorPowerW
                0x0000000008004d60        0x8 ./Middlewares/MotorControl/motor_power_measurement.o
                0x0000000008004d60                MPM_GetAvrgElMotorPowerW
 .text.NTC_SetFaultState
                0x0000000008004d68       0x1c ./Middlewares/MotorControl/ntc_temperature_sensor.o
                0x0000000008004d68                NTC_SetFaultState
 .text.NTC_Clear
                0x0000000008004d84        0x8 ./Middlewares/MotorControl/ntc_temperature_sensor.o
                0x0000000008004d84                NTC_Clear
 .text.NTC_Init
                0x0000000008004d8c       0x28 ./Middlewares/MotorControl/ntc_temperature_sensor.o
                0x0000000008004d8c                NTC_Init
 .text.NTC_CalcAvTemp
                0x0000000008004db4       0x40 ./Middlewares/MotorControl/ntc_temperature_sensor.o
                0x0000000008004db4                NTC_CalcAvTemp
 .text.NTC_GetAvTemp_C
                0x0000000008004df4       0x28 ./Middlewares/MotorControl/ntc_temperature_sensor.o
                0x0000000008004df4                NTC_GetAvTemp_C
 .text.PID_HandleInit
                0x0000000008004e1c       0x10 ./Middlewares/MotorControl/pid_regulator.o
                0x0000000008004e1c                PID_HandleInit
 .text.PID_SetKP
                0x0000000008004e2c        0x4 ./Middlewares/MotorControl/pid_regulator.o
                0x0000000008004e2c                PID_SetKP
 .text.PID_SetKI
                0x0000000008004e30        0x4 ./Middlewares/MotorControl/pid_regulator.o
                0x0000000008004e30                PID_SetKI
 .text.PID_GetKP
                0x0000000008004e34        0x8 ./Middlewares/MotorControl/pid_regulator.o
                0x0000000008004e34                PID_GetKP
 .text.PID_GetKI
                0x0000000008004e3c        0x8 ./Middlewares/MotorControl/pid_regulator.o
                0x0000000008004e3c                PID_GetKI
 .text.PID_SetIntegralTerm
                0x0000000008004e44        0x4 ./Middlewares/MotorControl/pid_regulator.o
                0x0000000008004e44                PID_SetIntegralTerm
 .text.PID_GetKPDivisor
                0x0000000008004e48        0x4 ./Middlewares/MotorControl/pid_regulator.o
                0x0000000008004e48                PID_GetKPDivisor
 .text.PID_GetKIDivisor
                0x0000000008004e4c        0x4 ./Middlewares/MotorControl/pid_regulator.o
                0x0000000008004e4c                PID_GetKIDivisor
 .text.PID_SetKD
                0x0000000008004e50        0x4 ./Middlewares/MotorControl/pid_regulator.o
                0x0000000008004e50                PID_SetKD
 .text.PID_GetKD
                0x0000000008004e54        0x8 ./Middlewares/MotorControl/pid_regulator.o
                0x0000000008004e54                PID_GetKD
 .text.PI_Controller
                0x0000000008004e5c       0x84 ./Middlewares/MotorControl/pid_regulator.o
                0x0000000008004e5c                PI_Controller
 .text.PQD_CalcElMotorPower
                0x0000000008004ee0       0x5c ./Middlewares/MotorControl/pqd_motor_power_measurement.o
                0x0000000008004ee0                PQD_CalcElMotorPower
 .text.waitForPolarizationEnd
                0x0000000008004f3c       0x4c ./Middlewares/MotorControl/pwm_common.o
                0x0000000008004f3c                waitForPolarizationEnd
 .text.PWMC_GetPhaseCurrents
                0x0000000008004f88        0x8 ./Middlewares/MotorControl/pwm_curr_fdbk.o
                0x0000000008004f88                PWMC_GetPhaseCurrents
 .text.PWMC_SetPhaseVoltage
                0x0000000008004f90      0x1f4 ./Middlewares/MotorControl/pwm_curr_fdbk.o
                0x0000000008004f90                PWMC_SetPhaseVoltage
 .text.PWMC_SwitchOffPWM
                0x0000000008005184        0x8 ./Middlewares/MotorControl/pwm_curr_fdbk.o
                0x0000000008005184                PWMC_SwitchOffPWM
 .text.PWMC_CurrentReadingCalibr
                0x000000000800518c       0x48 ./Middlewares/MotorControl/pwm_curr_fdbk.o
                0x000000000800518c                PWMC_CurrentReadingCalibr
 .text.PWMC_CheckOverCurrent
                0x00000000080051d4        0x8 ./Middlewares/MotorControl/pwm_curr_fdbk.o
                0x00000000080051d4                PWMC_CheckOverCurrent
 .text.R3_1_GetPhaseCurrents
                0x00000000080051dc      0x180 ./Middlewares/MotorControl/r3_f0xx_pwm_curr_fdbk.o
                0x00000000080051dc                R3_1_GetPhaseCurrents
 .text.R3_1_HFCurrentsCalibrationAB
                0x000000000800535c       0x4c ./Middlewares/MotorControl/r3_f0xx_pwm_curr_fdbk.o
                0x000000000800535c                R3_1_HFCurrentsCalibrationAB
 .text.R3_1_HFCurrentsCalibrationC
                0x00000000080053a8       0x48 ./Middlewares/MotorControl/r3_f0xx_pwm_curr_fdbk.o
                0x00000000080053a8                R3_1_HFCurrentsCalibrationC
 .text.R3_1_Init
                0x00000000080053f0      0x110 ./Middlewares/MotorControl/r3_f0xx_pwm_curr_fdbk.o
                0x00000000080053f0                R3_1_Init
 .text.R3_1_WriteTIMRegisters
                0x0000000008005500       0x30 ./Middlewares/MotorControl/r3_f0xx_pwm_curr_fdbk.o
                0x0000000008005500                R3_1_WriteTIMRegisters
 .text.R3_1_SetADCSampPointCalibration
                0x0000000008005530       0x20 ./Middlewares/MotorControl/r3_f0xx_pwm_curr_fdbk.o
                0x0000000008005530                R3_1_SetADCSampPointCalibration
 .text.R3_1_SetADCSampPointSectX
                0x0000000008005550       0x54 ./Middlewares/MotorControl/r3_f0xx_pwm_curr_fdbk.o
                0x0000000008005550                R3_1_SetADCSampPointSectX
 .text.R3_1_TurnOnLowSides
                0x00000000080055a4       0x48 ./Middlewares/MotorControl/r3_f0xx_pwm_curr_fdbk.o
                0x00000000080055a4                R3_1_TurnOnLowSides
 .text.R3_1_SwitchOnPWM
                0x00000000080055ec       0xec ./Middlewares/MotorControl/r3_f0xx_pwm_curr_fdbk.o
                0x00000000080055ec                R3_1_SwitchOnPWM
 .text.R3_1_SwitchOffPWM
                0x00000000080056d8       0xa8 ./Middlewares/MotorControl/r3_f0xx_pwm_curr_fdbk.o
                0x00000000080056d8                R3_1_SwitchOffPWM
 .text.R3_1_CurrentReadingCalibration
                0x0000000008005780      0x124 ./Middlewares/MotorControl/r3_f0xx_pwm_curr_fdbk.o
                0x0000000008005780                R3_1_CurrentReadingCalibration
 .text.R3_1_TIMx_UP_IRQHandler
                0x00000000080058a4       0x7c ./Middlewares/MotorControl/r3_f0xx_pwm_curr_fdbk.o
                0x00000000080058a4                R3_1_TIMx_UP_IRQHandler
 .text.F0XX_BRK_IRQHandler
                0x0000000008005920       0x28 ./Middlewares/MotorControl/r3_f0xx_pwm_curr_fdbk.o
                0x0000000008005920                F0XX_BRK_IRQHandler
 .text.R3_1_IsOverCurrentOccurred
                0x0000000008005948       0x2c ./Middlewares/MotorControl/r3_f0xx_pwm_curr_fdbk.o
                0x0000000008005948                R3_1_IsOverCurrentOccurred
 .text.RVBS_Clear
                0x0000000008005974       0x30 ./Middlewares/MotorControl/r_divider_bus_voltage_sensor.o
                0x0000000008005974                RVBS_Clear
 .text.RVBS_Init
                0x00000000080059a4       0x18 ./Middlewares/MotorControl/r_divider_bus_voltage_sensor.o
                0x00000000080059a4                RVBS_Init
 .text.RVBS_CheckFaultState
                0x00000000080059bc       0x18 ./Middlewares/MotorControl/r_divider_bus_voltage_sensor.o
                0x00000000080059bc                RVBS_CheckFaultState
 .text.RVBS_CalcAvVbus
                0x00000000080059d4       0x68 ./Middlewares/MotorControl/r_divider_bus_voltage_sensor.o
                0x00000000080059d4                RVBS_CalcAvVbus
 .text.REMNG_Init
                0x0000000008005a3c       0x18 ./Middlewares/MotorControl/ramp_ext_mngr.o
                0x0000000008005a3c                REMNG_Init
 .text.SPD_GetElAngle
                0x0000000008005a54        0x8 ./Middlewares/MotorControl/speed_pos_fdbk.o
                0x0000000008005a54                SPD_GetElAngle
 .text.SPD_GetAvrgMecSpeedUnit
                0x0000000008005a5c        0x8 ./Middlewares/MotorControl/speed_pos_fdbk.o
                0x0000000008005a5c                SPD_GetAvrgMecSpeedUnit
 .text.SPD_GetInstElSpeedDpp
                0x0000000008005a64        0x8 ./Middlewares/MotorControl/speed_pos_fdbk.o
                0x0000000008005a64                SPD_GetInstElSpeedDpp
 .text.SPD_IsMecSpeedReliable
                0x0000000008005a6c       0x60 ./Middlewares/MotorControl/speed_pos_fdbk.o
                0x0000000008005a6c                SPD_IsMecSpeedReliable
 .text.SPD_GetS16Speed
                0x0000000008005acc       0x18 ./Middlewares/MotorControl/speed_pos_fdbk.o
                0x0000000008005acc                SPD_GetS16Speed
 .text.STC_Init
                0x0000000008005ae4       0x24 ./Middlewares/MotorControl/speed_torq_ctrl.o
                0x0000000008005ae4                STC_Init
 .text.STC_GetSpeedSensor
                0x0000000008005b08        0x4 ./Middlewares/MotorControl/speed_torq_ctrl.o
                0x0000000008005b08                STC_GetSpeedSensor
 .text.STC_Clear
                0x0000000008005b0c       0x14 ./Middlewares/MotorControl/speed_torq_ctrl.o
                0x0000000008005b0c                STC_Clear
 .text.STC_GetMecSpeedRefUnit
                0x0000000008005b20       0x10 ./Middlewares/MotorControl/speed_torq_ctrl.o
                0x0000000008005b20                STC_GetMecSpeedRefUnit
 .text.STC_GetTorqueRef
                0x0000000008005b30       0x10 ./Middlewares/MotorControl/speed_torq_ctrl.o
                0x0000000008005b30                STC_GetTorqueRef
 .text.STC_SetControlMode
                0x0000000008005b40        0x8 ./Middlewares/MotorControl/speed_torq_ctrl.o
                0x0000000008005b40                STC_SetControlMode
 .text.STC_ExecRamp
                0x0000000008005b48       0x8c ./Middlewares/MotorControl/speed_torq_ctrl.o
                0x0000000008005b48                STC_ExecRamp
 .text.STC_StopRamp
                0x0000000008005bd4        0x8 ./Middlewares/MotorControl/speed_torq_ctrl.o
                0x0000000008005bd4                STC_StopRamp
 .text.STC_CalcTorqueReference
                0x0000000008005bdc       0x70 ./Middlewares/MotorControl/speed_torq_ctrl.o
                0x0000000008005bdc                STC_CalcTorqueReference
 .text.STC_GetMecSpeedRefUnitDefault
                0x0000000008005c4c        0x8 ./Middlewares/MotorControl/speed_torq_ctrl.o
                0x0000000008005c4c                STC_GetMecSpeedRefUnitDefault
 .text.STC_GetMaxAppPositiveMecSpeedUnit
                0x0000000008005c54        0x4 ./Middlewares/MotorControl/speed_torq_ctrl.o
                0x0000000008005c54                STC_GetMaxAppPositiveMecSpeedUnit
 .text.STC_GetMinAppNegativeMecSpeedUnit
                0x0000000008005c58        0x8 ./Middlewares/MotorControl/speed_torq_ctrl.o
                0x0000000008005c58                STC_GetMinAppNegativeMecSpeedUnit
 .text.STC_GetDefaultIqdref
                0x0000000008005c60       0x10 ./Middlewares/MotorControl/speed_torq_ctrl.o
                0x0000000008005c60                STC_GetDefaultIqdref
 .text.STC_ForceSpeedReferenceToCurrentSpeed
                0x0000000008005c70       0x10 ./Middlewares/MotorControl/speed_torq_ctrl.o
                0x0000000008005c70                STC_ForceSpeedReferenceToCurrentSpeed
 .text.STM_Init
                0x0000000008005c80        0xc ./Middlewares/MotorControl/state_machine.o
                0x0000000008005c80                STM_Init
 .text.STM_FaultProcessing
                0x0000000008005c8c       0x34 ./Middlewares/MotorControl/state_machine.o
                0x0000000008005c8c                STM_FaultProcessing
 .text.STM_NextState
                0x0000000008005cc0       0xe8 ./Middlewares/MotorControl/state_machine.o
                0x0000000008005cc0                STM_NextState
 .text.STM_GetState
                0x0000000008005da8        0x4 ./Middlewares/MotorControl/state_machine.o
                0x0000000008005da8                STM_GetState
 .text.STM_FaultAcknowledged
                0x0000000008005dac       0x14 ./Middlewares/MotorControl/state_machine.o
                0x0000000008005dac                STM_FaultAcknowledged
 .text.STM_GetFaultState
                0x0000000008005dc0        0xc ./Middlewares/MotorControl/state_machine.o
                0x0000000008005dc0                STM_GetFaultState
 .text.UFCP_Init
                0x0000000008005dcc        0x8 ./Middlewares/MotorControl/usart_frame_communication_protocol.o
                0x0000000008005dcc                UFCP_Init
 .text.UFCP_TX_IRQ_Handler
                0x0000000008005dd4       0x70 ./Middlewares/MotorControl/usart_frame_communication_protocol.o
                0x0000000008005dd4                UFCP_TX_IRQ_Handler
 .text.UFCP_Receive
                0x0000000008005e44       0x2c ./Middlewares/MotorControl/usart_frame_communication_protocol.o
                0x0000000008005e44                UFCP_Receive
 .text.UFCP_Send
                0x0000000008005e70       0xc4 ./Middlewares/MotorControl/usart_frame_communication_protocol.o
                0x0000000008005e70                UFCP_Send
 .text.UFCP_RX_IRQ_Handler
                0x0000000008005f34       0xd0 ./Middlewares/MotorControl/usart_frame_communication_protocol.o
                0x0000000008005f34                UFCP_RX_IRQ_Handler
 .text.UFCP_OVR_IRQ_Handler
                0x0000000008006004       0x18 ./Middlewares/MotorControl/usart_frame_communication_protocol.o
                0x0000000008006004                UFCP_OVR_IRQ_Handler
 .text.UFCP_AbortReceive
                0x000000000800601c        0xc ./Middlewares/MotorControl/usart_frame_communication_protocol.o
                0x000000000800601c                UFCP_AbortReceive
 .text.RUC_SetPhaseDurationms
                0x0000000008006028        0xc ../../MCSDK_v5.4.8/MotorControl/lib\libmc-gcc_M0.lib(revup_ctrl.o)
                0x0000000008006028                RUC_SetPhaseDurationms
 .text.RUC_SetPhaseFinalMecSpeedUnit
                0x0000000008006034        0xc ../../MCSDK_v5.4.8/MotorControl/lib\libmc-gcc_M0.lib(revup_ctrl.o)
                0x0000000008006034                RUC_SetPhaseFinalMecSpeedUnit
 .text.RUC_SetPhaseFinalTorque
                0x0000000008006040        0xc ../../MCSDK_v5.4.8/MotorControl/lib\libmc-gcc_M0.lib(revup_ctrl.o)
                0x0000000008006040                RUC_SetPhaseFinalTorque
 .text.RUC_GetPhaseDurationms
                0x000000000800604c        0xc ../../MCSDK_v5.4.8/MotorControl/lib\libmc-gcc_M0.lib(revup_ctrl.o)
                0x000000000800604c                RUC_GetPhaseDurationms
 .text.RUC_GetPhaseFinalMecSpeedUnit
                0x0000000008006058       0x10 ../../MCSDK_v5.4.8/MotorControl/lib\libmc-gcc_M0.lib(revup_ctrl.o)
                0x0000000008006058                RUC_GetPhaseFinalMecSpeedUnit
 .text.RUC_GetPhaseFinalTorque
                0x0000000008006068       0x10 ../../MCSDK_v5.4.8/MotorControl/lib\libmc-gcc_M0.lib(revup_ctrl.o)
                0x0000000008006068                RUC_GetPhaseFinalTorque
 .text.RUC_GetNumberOfPhases
                0x0000000008006078        0x8 ../../MCSDK_v5.4.8/MotorControl/lib\libmc-gcc_M0.lib(revup_ctrl.o)
                0x0000000008006078                RUC_GetNumberOfPhases
 .text.FD_Init  0x0000000008006080       0x24 ../../MCSDK_v5.4.8/MotorControl/lib\libmc-gcc_M0.lib(fast_div.o)
                0x0000000008006080                FD_Init
 .text.__errno  0x00000000080060a4        0xc d:/st/stm32cubeide_1.9.0/stm32cubeide/plugins/com.st.stm32cube.ide.mcu.externaltools.gnu-tools-for-stm32.10.3-2021.10.win32_1.0.0.202111181127/tools/bin/../lib/gcc/arm-none-eabi/10.3.1/../../../../arm-none-eabi/lib/thumb/v6-m/nofp\libc_nano.a(lib_a-errno.o)
                0x00000000080060a4                __errno
 .text.__libc_init_array
                0x00000000080060b0       0x48 d:/st/stm32cubeide_1.9.0/stm32cubeide/plugins/com.st.stm32cube.ide.mcu.externaltools.gnu-tools-for-stm32.10.3-2021.10.win32_1.0.0.202111181127/tools/bin/../lib/gcc/arm-none-eabi/10.3.1/../../../../arm-none-eabi/lib/thumb/v6-m/nofp\libc_nano.a(lib_a-init.o)
                0x00000000080060b0                __libc_init_array
 .text.memcpy   0x00000000080060f8       0x12 d:/st/stm32cubeide_1.9.0/stm32cubeide/plugins/com.st.stm32cube.ide.mcu.externaltools.gnu-tools-for-stm32.10.3-2021.10.win32_1.0.0.202111181127/tools/bin/../lib/gcc/arm-none-eabi/10.3.1/../../../../arm-none-eabi/lib/thumb/v6-m/nofp\libc_nano.a(lib_a-memcpy-stub.o)
                0x00000000080060f8                memcpy
 .text.memset   0x000000000800610a       0x10 d:/st/stm32cubeide_1.9.0/stm32cubeide/plugins/com.st.stm32cube.ide.mcu.externaltools.gnu-tools-for-stm32.10.3-2021.10.win32_1.0.0.202111181127/tools/bin/../lib/gcc/arm-none-eabi/10.3.1/../../../../arm-none-eabi/lib/thumb/v6-m/nofp\libc_nano.a(lib_a-memset.o)
                0x000000000800610a                memset
 *fill*         0x000000000800611a        0x2 
 .text.printf   0x000000000800611c       0x34 d:/st/stm32cubeide_1.9.0/stm32cubeide/plugins/com.st.stm32cube.ide.mcu.externaltools.gnu-tools-for-stm32.10.3-2021.10.win32_1.0.0.202111181127/tools/bin/../lib/gcc/arm-none-eabi/10.3.1/../../../../arm-none-eabi/lib/thumb/v6-m/nofp\libc_nano.a(lib_a-printf.o)
                0x000000000800611c                iprintf
                0x000000000800611c                printf
 .text.std      0x0000000008006150       0x48 d:/st/stm32cubeide_1.9.0/stm32cubeide/plugins/com.st.stm32cube.ide.mcu.externaltools.gnu-tools-for-stm32.10.3-2021.10.win32_1.0.0.202111181127/tools/bin/../lib/gcc/arm-none-eabi/10.3.1/../../../../arm-none-eabi/lib/thumb/v6-m/nofp\libc_nano.a(lib_a-findfp.o)
 .text._cleanup_r
                0x0000000008006198       0x10 d:/st/stm32cubeide_1.9.0/stm32cubeide/plugins/com.st.stm32cube.ide.mcu.externaltools.gnu-tools-for-stm32.10.3-2021.10.win32_1.0.0.202111181127/tools/bin/../lib/gcc/arm-none-eabi/10.3.1/../../../../arm-none-eabi/lib/thumb/v6-m/nofp\libc_nano.a(lib_a-findfp.o)
                0x0000000008006198                _cleanup_r
 .text.__sfmoreglue
                0x00000000080061a8       0x2c d:/st/stm32cubeide_1.9.0/stm32cubeide/plugins/com.st.stm32cube.ide.mcu.externaltools.gnu-tools-for-stm32.10.3-2021.10.win32_1.0.0.202111181127/tools/bin/../lib/gcc/arm-none-eabi/10.3.1/../../../../arm-none-eabi/lib/thumb/v6-m/nofp\libc_nano.a(lib_a-findfp.o)
                0x00000000080061a8                __sfmoreglue
 .text.__sfp_lock_acquire
                0x00000000080061d4       0x10 d:/st/stm32cubeide_1.9.0/stm32cubeide/plugins/com.st.stm32cube.ide.mcu.externaltools.gnu-tools-for-stm32.10.3-2021.10.win32_1.0.0.202111181127/tools/bin/../lib/gcc/arm-none-eabi/10.3.1/../../../../arm-none-eabi/lib/thumb/v6-m/nofp\libc_nano.a(lib_a-findfp.o)
                0x00000000080061d4                __sfp_lock_acquire
 .text.__sfp_lock_release
                0x00000000080061e4       0x10 d:/st/stm32cubeide_1.9.0/stm32cubeide/plugins/com.st.stm32cube.ide.mcu.externaltools.gnu-tools-for-stm32.10.3-2021.10.win32_1.0.0.202111181127/tools/bin/../lib/gcc/arm-none-eabi/10.3.1/../../../../arm-none-eabi/lib/thumb/v6-m/nofp\libc_nano.a(lib_a-findfp.o)
                0x00000000080061e4                __sfp_lock_release
 .text.__sinit_lock_acquire
                0x00000000080061f4       0x10 d:/st/stm32cubeide_1.9.0/stm32cubeide/plugins/com.st.stm32cube.ide.mcu.externaltools.gnu-tools-for-stm32.10.3-2021.10.win32_1.0.0.202111181127/tools/bin/../lib/gcc/arm-none-eabi/10.3.1/../../../../arm-none-eabi/lib/thumb/v6-m/nofp\libc_nano.a(lib_a-findfp.o)
                0x00000000080061f4                __sinit_lock_acquire
 .text.__sinit_lock_release
                0x0000000008006204       0x10 d:/st/stm32cubeide_1.9.0/stm32cubeide/plugins/com.st.stm32cube.ide.mcu.externaltools.gnu-tools-for-stm32.10.3-2021.10.win32_1.0.0.202111181127/tools/bin/../lib/gcc/arm-none-eabi/10.3.1/../../../../arm-none-eabi/lib/thumb/v6-m/nofp\libc_nano.a(lib_a-findfp.o)
                0x0000000008006204                __sinit_lock_release
 .text.__sinit  0x0000000008006214       0x70 d:/st/stm32cubeide_1.9.0/stm32cubeide/plugins/com.st.stm32cube.ide.mcu.externaltools.gnu-tools-for-stm32.10.3-2021.10.win32_1.0.0.202111181127/tools/bin/../lib/gcc/arm-none-eabi/10.3.1/../../../../arm-none-eabi/lib/thumb/v6-m/nofp\libc_nano.a(lib_a-findfp.o)
                0x0000000008006214                __sinit
 .text.__sfp    0x0000000008006284       0x90 d:/st/stm32cubeide_1.9.0/stm32cubeide/plugins/com.st.stm32cube.ide.mcu.externaltools.gnu-tools-for-stm32.10.3-2021.10.win32_1.0.0.202111181127/tools/bin/../lib/gcc/arm-none-eabi/10.3.1/../../../../arm-none-eabi/lib/thumb/v6-m/nofp\libc_nano.a(lib_a-findfp.o)
                0x0000000008006284                __sfp
 .text._fwalk_reent
                0x0000000008006314       0x40 d:/st/stm32cubeide_1.9.0/stm32cubeide/plugins/com.st.stm32cube.ide.mcu.externaltools.gnu-tools-for-stm32.10.3-2021.10.win32_1.0.0.202111181127/tools/bin/../lib/gcc/arm-none-eabi/10.3.1/../../../../arm-none-eabi/lib/thumb/v6-m/nofp\libc_nano.a(lib_a-fwalk.o)
                0x0000000008006314                _fwalk_reent
 .text.__retarget_lock_init_recursive
                0x0000000008006354        0x2 d:/st/stm32cubeide_1.9.0/stm32cubeide/plugins/com.st.stm32cube.ide.mcu.externaltools.gnu-tools-for-stm32.10.3-2021.10.win32_1.0.0.202111181127/tools/bin/../lib/gcc/arm-none-eabi/10.3.1/../../../../arm-none-eabi/lib/thumb/v6-m/nofp\libc_nano.a(lib_a-lock.o)
                0x0000000008006354                __retarget_lock_init_recursive
 .text.__retarget_lock_acquire_recursive
                0x0000000008006356        0x2 d:/st/stm32cubeide_1.9.0/stm32cubeide/plugins/com.st.stm32cube.ide.mcu.externaltools.gnu-tools-for-stm32.10.3-2021.10.win32_1.0.0.202111181127/tools/bin/../lib/gcc/arm-none-eabi/10.3.1/../../../../arm-none-eabi/lib/thumb/v6-m/nofp\libc_nano.a(lib_a-lock.o)
                0x0000000008006356                __retarget_lock_acquire_recursive
 .text.__retarget_lock_release_recursive
                0x0000000008006358        0x2 d:/st/stm32cubeide_1.9.0/stm32cubeide/plugins/com.st.stm32cube.ide.mcu.externaltools.gnu-tools-for-stm32.10.3-2021.10.win32_1.0.0.202111181127/tools/bin/../lib/gcc/arm-none-eabi/10.3.1/../../../../arm-none-eabi/lib/thumb/v6-m/nofp\libc_nano.a(lib_a-lock.o)
                0x0000000008006358                __retarget_lock_release_recursive
 *fill*         0x000000000800635a        0x2 
 .text.sbrk_aligned
                0x000000000800635c       0x44 d:/st/stm32cubeide_1.9.0/stm32cubeide/plugins/com.st.stm32cube.ide.mcu.externaltools.gnu-tools-for-stm32.10.3-2021.10.win32_1.0.0.202111181127/tools/bin/../lib/gcc/arm-none-eabi/10.3.1/../../../../arm-none-eabi/lib/thumb/v6-m/nofp\libc_nano.a(lib_a-nano-mallocr.o)
 .text._malloc_r
                0x00000000080063a0       0xec d:/st/stm32cubeide_1.9.0/stm32cubeide/plugins/com.st.stm32cube.ide.mcu.externaltools.gnu-tools-for-stm32.10.3-2021.10.win32_1.0.0.202111181127/tools/bin/../lib/gcc/arm-none-eabi/10.3.1/../../../../arm-none-eabi/lib/thumb/v6-m/nofp\libc_nano.a(lib_a-nano-mallocr.o)
                0x00000000080063a0                _malloc_r
 .text.__sfputc_r
                0x000000000800648c       0x2a d:/st/stm32cubeide_1.9.0/stm32cubeide/plugins/com.st.stm32cube.ide.mcu.externaltools.gnu-tools-for-stm32.10.3-2021.10.win32_1.0.0.202111181127/tools/bin/../lib/gcc/arm-none-eabi/10.3.1/../../../../arm-none-eabi/lib/thumb/v6-m/nofp\libc_nano.a(lib_a-nano-vfprintf.o)
 .text.__sfputs_r
                0x00000000080064b6       0x24 d:/st/stm32cubeide_1.9.0/stm32cubeide/plugins/com.st.stm32cube.ide.mcu.externaltools.gnu-tools-for-stm32.10.3-2021.10.win32_1.0.0.202111181127/tools/bin/../lib/gcc/arm-none-eabi/10.3.1/../../../../arm-none-eabi/lib/thumb/v6-m/nofp\libc_nano.a(lib_a-nano-vfprintf.o)
                0x00000000080064b6                __sfputs_r
 *fill*         0x00000000080064da        0x2 
 .text._vfprintf_r
                0x00000000080064dc      0x274 d:/st/stm32cubeide_1.9.0/stm32cubeide/plugins/com.st.stm32cube.ide.mcu.externaltools.gnu-tools-for-stm32.10.3-2021.10.win32_1.0.0.202111181127/tools/bin/../lib/gcc/arm-none-eabi/10.3.1/../../../../arm-none-eabi/lib/thumb/v6-m/nofp\libc_nano.a(lib_a-nano-vfprintf.o)
                0x00000000080064dc                _vfprintf_r
                0x00000000080064dc                _vfiprintf_r
 .text._printf_common
                0x0000000008006750       0xde d:/st/stm32cubeide_1.9.0/stm32cubeide/plugins/com.st.stm32cube.ide.mcu.externaltools.gnu-tools-for-stm32.10.3-2021.10.win32_1.0.0.202111181127/tools/bin/../lib/gcc/arm-none-eabi/10.3.1/../../../../arm-none-eabi/lib/thumb/v6-m/nofp\libc_nano.a(lib_a-nano-vfprintf_i.o)
                0x0000000008006750                _printf_common
 *fill*         0x000000000800682e        0x2 
 .text._printf_i
                0x0000000008006830      0x224 d:/st/stm32cubeide_1.9.0/stm32cubeide/plugins/com.st.stm32cube.ide.mcu.externaltools.gnu-tools-for-stm32.10.3-2021.10.win32_1.0.0.202111181127/tools/bin/../lib/gcc/arm-none-eabi/10.3.1/../../../../arm-none-eabi/lib/thumb/v6-m/nofp\libc_nano.a(lib_a-nano-vfprintf_i.o)
                0x0000000008006830                _printf_i
 .text._sbrk_r  0x0000000008006a54       0x24 d:/st/stm32cubeide_1.9.0/stm32cubeide/plugins/com.st.stm32cube.ide.mcu.externaltools.gnu-tools-for-stm32.10.3-2021.10.win32_1.0.0.202111181127/tools/bin/../lib/gcc/arm-none-eabi/10.3.1/../../../../arm-none-eabi/lib/thumb/v6-m/nofp\libc_nano.a(lib_a-sbrkr.o)
                0x0000000008006a54                _sbrk_r
 .text.__sread  0x0000000008006a78       0x28 d:/st/stm32cubeide_1.9.0/stm32cubeide/plugins/com.st.stm32cube.ide.mcu.externaltools.gnu-tools-for-stm32.10.3-2021.10.win32_1.0.0.202111181127/tools/bin/../lib/gcc/arm-none-eabi/10.3.1/../../../../arm-none-eabi/lib/thumb/v6-m/nofp\libc_nano.a(lib_a-stdio.o)
                0x0000000008006a78                __sread
 .text.__swrite
                0x0000000008006aa0       0x38 d:/st/stm32cubeide_1.9.0/stm32cubeide/plugins/com.st.stm32cube.ide.mcu.externaltools.gnu-tools-for-stm32.10.3-2021.10.win32_1.0.0.202111181127/tools/bin/../lib/gcc/arm-none-eabi/10.3.1/../../../../arm-none-eabi/lib/thumb/v6-m/nofp\libc_nano.a(lib_a-stdio.o)
                0x0000000008006aa0                __swrite
 .text.__sseek  0x0000000008006ad8       0x2c d:/st/stm32cubeide_1.9.0/stm32cubeide/plugins/com.st.stm32cube.ide.mcu.externaltools.gnu-tools-for-stm32.10.3-2021.10.win32_1.0.0.202111181127/tools/bin/../lib/gcc/arm-none-eabi/10.3.1/../../../../arm-none-eabi/lib/thumb/v6-m/nofp\libc_nano.a(lib_a-stdio.o)
                0x0000000008006ad8                __sseek
 .text.__sclose
                0x0000000008006b04        0xc d:/st/stm32cubeide_1.9.0/stm32cubeide/plugins/com.st.stm32cube.ide.mcu.externaltools.gnu-tools-for-stm32.10.3-2021.10.win32_1.0.0.202111181127/tools/bin/../lib/gcc/arm-none-eabi/10.3.1/../../../../arm-none-eabi/lib/thumb/v6-m/nofp\libc_nano.a(lib_a-stdio.o)
                0x0000000008006b04                __sclose
 .text.__swbuf_r
                0x0000000008006b10       0xac d:/st/stm32cubeide_1.9.0/stm32cubeide/plugins/com.st.stm32cube.ide.mcu.externaltools.gnu-tools-for-stm32.10.3-2021.10.win32_1.0.0.202111181127/tools/bin/../lib/gcc/arm-none-eabi/10.3.1/../../../../arm-none-eabi/lib/thumb/v6-m/nofp\libc_nano.a(lib_a-wbuf.o)
                0x0000000008006b10                __swbuf_r
 .text._write_r
                0x0000000008006bbc       0x28 d:/st/stm32cubeide_1.9.0/stm32cubeide/plugins/com.st.stm32cube.ide.mcu.externaltools.gnu-tools-for-stm32.10.3-2021.10.win32_1.0.0.202111181127/tools/bin/../lib/gcc/arm-none-eabi/10.3.1/../../../../arm-none-eabi/lib/thumb/v6-m/nofp\libc_nano.a(lib_a-writer.o)
                0x0000000008006bbc                _write_r
 .text.__swsetup_r
                0x0000000008006be4       0xf0 d:/st/stm32cubeide_1.9.0/stm32cubeide/plugins/com.st.stm32cube.ide.mcu.externaltools.gnu-tools-for-stm32.10.3-2021.10.win32_1.0.0.202111181127/tools/bin/../lib/gcc/arm-none-eabi/10.3.1/../../../../arm-none-eabi/lib/thumb/v6-m/nofp\libc_nano.a(lib_a-wsetup.o)
                0x0000000008006be4                __swsetup_r
 .text._close_r
                0x0000000008006cd4       0x24 d:/st/stm32cubeide_1.9.0/stm32cubeide/plugins/com.st.stm32cube.ide.mcu.externaltools.gnu-tools-for-stm32.10.3-2021.10.win32_1.0.0.202111181127/tools/bin/../lib/gcc/arm-none-eabi/10.3.1/../../../../arm-none-eabi/lib/thumb/v6-m/nofp\libc_nano.a(lib_a-closer.o)
                0x0000000008006cd4                _close_r
 .text.__sflush_r
                0x0000000008006cf8      0x118 d:/st/stm32cubeide_1.9.0/stm32cubeide/plugins/com.st.stm32cube.ide.mcu.externaltools.gnu-tools-for-stm32.10.3-2021.10.win32_1.0.0.202111181127/tools/bin/../lib/gcc/arm-none-eabi/10.3.1/../../../../arm-none-eabi/lib/thumb/v6-m/nofp\libc_nano.a(lib_a-fflush.o)
                0x0000000008006cf8                __sflush_r
 .text._fflush_r
                0x0000000008006e10       0x80 d:/st/stm32cubeide_1.9.0/stm32cubeide/plugins/com.st.stm32cube.ide.mcu.externaltools.gnu-tools-for-stm32.10.3-2021.10.win32_1.0.0.202111181127/tools/bin/../lib/gcc/arm-none-eabi/10.3.1/../../../../arm-none-eabi/lib/thumb/v6-m/nofp\libc_nano.a(lib_a-fflush.o)
                0x0000000008006e10                _fflush_r
 .text._lseek_r
                0x0000000008006e90       0x28 d:/st/stm32cubeide_1.9.0/stm32cubeide/plugins/com.st.stm32cube.ide.mcu.externaltools.gnu-tools-for-stm32.10.3-2021.10.win32_1.0.0.202111181127/tools/bin/../lib/gcc/arm-none-eabi/10.3.1/../../../../arm-none-eabi/lib/thumb/v6-m/nofp\libc_nano.a(lib_a-lseekr.o)
                0x0000000008006e90                _lseek_r
 .text.__swhatbuf_r
                0x0000000008006eb8       0x50 d:/st/stm32cubeide_1.9.0/stm32cubeide/plugins/com.st.stm32cube.ide.mcu.externaltools.gnu-tools-for-stm32.10.3-2021.10.win32_1.0.0.202111181127/tools/bin/../lib/gcc/arm-none-eabi/10.3.1/../../../../arm-none-eabi/lib/thumb/v6-m/nofp\libc_nano.a(lib_a-makebuf.o)
                0x0000000008006eb8                __swhatbuf_r
 .text.__smakebuf_r
                0x0000000008006f08       0x88 d:/st/stm32cubeide_1.9.0/stm32cubeide/plugins/com.st.stm32cube.ide.mcu.externaltools.gnu-tools-for-stm32.10.3-2021.10.win32_1.0.0.202111181127/tools/bin/../lib/gcc/arm-none-eabi/10.3.1/../../../../arm-none-eabi/lib/thumb/v6-m/nofp\libc_nano.a(lib_a-makebuf.o)
                0x0000000008006f08                __smakebuf_r
 .text.memchr   0x0000000008006f90       0x16 d:/st/stm32cubeide_1.9.0/stm32cubeide/plugins/com.st.stm32cube.ide.mcu.externaltools.gnu-tools-for-stm32.10.3-2021.10.win32_1.0.0.202111181127/tools/bin/../lib/gcc/arm-none-eabi/10.3.1/../../../../arm-none-eabi/lib/thumb/v6-m/nofp\libc_nano.a(lib_a-memchr-stub.o)
                0x0000000008006f90                memchr
 *fill*         0x0000000008006fa6        0x2 
 .text.__malloc_lock
                0x0000000008006fa8       0x10 d:/st/stm32cubeide_1.9.0/stm32cubeide/plugins/com.st.stm32cube.ide.mcu.externaltools.gnu-tools-for-stm32.10.3-2021.10.win32_1.0.0.202111181127/tools/bin/../lib/gcc/arm-none-eabi/10.3.1/../../../../arm-none-eabi/lib/thumb/v6-m/nofp\libc_nano.a(lib_a-mlock.o)
                0x0000000008006fa8                __malloc_lock
 .text.__malloc_unlock
                0x0000000008006fb8       0x10 d:/st/stm32cubeide_1.9.0/stm32cubeide/plugins/com.st.stm32cube.ide.mcu.externaltools.gnu-tools-for-stm32.10.3-2021.10.win32_1.0.0.202111181127/tools/bin/../lib/gcc/arm-none-eabi/10.3.1/../../../../arm-none-eabi/lib/thumb/v6-m/nofp\libc_nano.a(lib_a-mlock.o)
                0x0000000008006fb8                __malloc_unlock
 .text._free_r  0x0000000008006fc8       0x94 d:/st/stm32cubeide_1.9.0/stm32cubeide/plugins/com.st.stm32cube.ide.mcu.externaltools.gnu-tools-for-stm32.10.3-2021.10.win32_1.0.0.202111181127/tools/bin/../lib/gcc/arm-none-eabi/10.3.1/../../../../arm-none-eabi/lib/thumb/v6-m/nofp\libc_nano.a(lib_a-nano-freer.o)
                0x0000000008006fc8                _free_r
 .text._read_r  0x000000000800705c       0x28 d:/st/stm32cubeide_1.9.0/stm32cubeide/plugins/com.st.stm32cube.ide.mcu.externaltools.gnu-tools-for-stm32.10.3-2021.10.win32_1.0.0.202111181127/tools/bin/../lib/gcc/arm-none-eabi/10.3.1/../../../../arm-none-eabi/lib/thumb/v6-m/nofp\libc_nano.a(lib_a-readr.o)
                0x000000000800705c                _read_r
 .text._fstat_r
                0x0000000008007084       0x24 d:/st/stm32cubeide_1.9.0/stm32cubeide/plugins/com.st.stm32cube.ide.mcu.externaltools.gnu-tools-for-stm32.10.3-2021.10.win32_1.0.0.202111181127/tools/bin/../lib/gcc/arm-none-eabi/10.3.1/../../../../arm-none-eabi/lib/thumb/v6-m/nofp\libc_nano.a(lib_a-fstatr.o)
                0x0000000008007084                _fstat_r
 .text._isatty_r
                0x00000000080070a8       0x24 d:/st/stm32cubeide_1.9.0/stm32cubeide/plugins/com.st.stm32cube.ide.mcu.externaltools.gnu-tools-for-stm32.10.3-2021.10.win32_1.0.0.202111181127/tools/bin/../lib/gcc/arm-none-eabi/10.3.1/../../../../arm-none-eabi/lib/thumb/v6-m/nofp\libc_nano.a(lib_a-isattyr.o)
                0x00000000080070a8                _isatty_r
 *(.glue_7)
 .glue_7        0x00000000080070cc        0x0 linker stubs
 *(.glue_7t)
 .glue_7t       0x00000000080070cc        0x0 linker stubs
 *(.eh_frame)
 .eh_frame      0x00000000080070cc        0x0 d:/st/stm32cubeide_1.9.0/stm32cubeide/plugins/com.st.stm32cube.ide.mcu.externaltools.gnu-tools-for-stm32.10.3-2021.10.win32_1.0.0.202111181127/tools/bin/../lib/gcc/arm-none-eabi/10.3.1/thumb/v6-m/nofp/crtbegin.o
 *(.init)
 .init          0x00000000080070cc        0x4 d:/st/stm32cubeide_1.9.0/stm32cubeide/plugins/com.st.stm32cube.ide.mcu.externaltools.gnu-tools-for-stm32.10.3-2021.10.win32_1.0.0.202111181127/tools/bin/../lib/gcc/arm-none-eabi/10.3.1/thumb/v6-m/nofp/crti.o
                0x00000000080070cc                _init
 .init          0x00000000080070d0        0x8 d:/st/stm32cubeide_1.9.0/stm32cubeide/plugins/com.st.stm32cube.ide.mcu.externaltools.gnu-tools-for-stm32.10.3-2021.10.win32_1.0.0.202111181127/tools/bin/../lib/gcc/arm-none-eabi/10.3.1/thumb/v6-m/nofp/crtn.o
 *(.fini)
 .fini          0x00000000080070d8        0x4 d:/st/stm32cubeide_1.9.0/stm32cubeide/plugins/com.st.stm32cube.ide.mcu.externaltools.gnu-tools-for-stm32.10.3-2021.10.win32_1.0.0.202111181127/tools/bin/../lib/gcc/arm-none-eabi/10.3.1/thumb/v6-m/nofp/crti.o
                0x00000000080070d8                _fini
 .fini          0x00000000080070dc        0x8 d:/st/stm32cubeide_1.9.0/stm32cubeide/plugins/com.st.stm32cube.ide.mcu.externaltools.gnu-tools-for-stm32.10.3-2021.10.win32_1.0.0.202111181127/tools/bin/../lib/gcc/arm-none-eabi/10.3.1/thumb/v6-m/nofp/crtn.o
                0x00000000080070e4                . = ALIGN (0x4)
                0x00000000080070e4                _etext = .

.vfp11_veneer   0x00000000080070e4        0x0
 .vfp11_veneer  0x00000000080070e4        0x0 linker stubs

.v4_bx          0x00000000080070e4        0x0
 .v4_bx         0x00000000080070e4        0x0 linker stubs

.iplt           0x00000000080070e4        0x0
 .iplt          0x00000000080070e4        0x0 d:/st/stm32cubeide_1.9.0/stm32cubeide/plugins/com.st.stm32cube.ide.mcu.externaltools.gnu-tools-for-stm32.10.3-2021.10.win32_1.0.0.202111181127/tools/bin/../lib/gcc/arm-none-eabi/10.3.1/thumb/v6-m/nofp/crtbegin.o

.rodata         0x00000000080070e4      0xecc
                0x00000000080070e4                . = ALIGN (0x4)
 *(.rodata)
 *(.rodata*)
 .rodata.main.str1.4
                0x00000000080070e4        0x5 ./Application/User/main.o
 *fill*         0x00000000080070e9        0x3 
 .rodata.hSin_Cos_Table
                0x00000000080070ec      0x200 ./Application/User/mc_math.o
                0x00000000080070ec                hSin_Cos_Table
 .rodata.R3_1_Params
                0x00000000080072ec       0x74 ./Application/User/mc_parameters.o
                0x00000000080072ec                R3_1_Params
 .rodata.TSK_MediumFrequencyTaskM1
                0x0000000008007360       0x40 ./Application/User/mc_tasks.o
 .rodata.MCP_ReceivedFrame
                0x00000000080073a0      0x4e0 ./Application/User/motor_control_protocol.o
 .rodata.s_fwVer
                0x0000000008007880       0x20 ./Application/User/motorcontrol.o
                0x0000000008007880                s_fwVer
 .rodata.UI_SetReg
                0x00000000080078a0      0x170 ./Application/User/user_interface.o
 .rodata.UI_ExecCmd
                0x0000000008007a10       0x3c ./Application/User/user_interface.o
 .rodata.UI_GetReg
                0x0000000008007a4c      0x3d8 ./Application/User/user_interface.o
 .rodata.AHBPrescTable
                0x0000000008007e24       0x10 ./Drivers/CMSIS/system_stm32f0xx.o
                0x0000000008007e24                AHBPrescTable
 .rodata.APBPrescTable
                0x0000000008007e34        0x8 ./Drivers/CMSIS/system_stm32f0xx.o
                0x0000000008007e34                APBPrescTable
 .rodata.HAL_RCC_ClockConfig.str1.4
                0x0000000008007e3c       0x25 ./Drivers/STM32F0xx_HAL_Driver/stm32f0xx_hal_rcc.o
 *fill*         0x0000000008007e61        0x3 
 .rodata.CSWTCH.59
                0x0000000008007e64        0x3 ./Drivers/STM32F0xx_HAL_Driver/stm32f0xx_hal_uart.o
 *fill*         0x0000000008007e67        0x1 
 .rodata.HALL_Clear
                0x0000000008007e68       0x1c ./Middlewares/MotorControl/hall_speed_pos_fdbk.o
 .rodata.HALL_TIMx_CC_IRQHandler
                0x0000000008007e84       0x1c ./Middlewares/MotorControl/hall_speed_pos_fdbk.o
 .rodata.HALL_TIMx_UP_IRQHandler
                0x0000000008007ea0       0x1c ./Middlewares/MotorControl/hall_speed_pos_fdbk.o
 .rodata.STM_NextState
                0x0000000008007ebc       0x54 ./Middlewares/MotorControl/state_machine.o
 .rodata.UFCP_Usart_Timeout_none
                0x0000000008007f10        0x2 ./Middlewares/MotorControl/usart_frame_communication_protocol.o
 .rodata.UFCP_Usart_Timeout_start
                0x0000000008007f12        0x2 ./Middlewares/MotorControl/usart_frame_communication_protocol.o
 .rodata.UFCP_Usart_Timeout_stop
                0x0000000008007f14        0x2 ./Middlewares/MotorControl/usart_frame_communication_protocol.o
 *fill*         0x0000000008007f16        0x2 
 .rodata._global_impure_ptr
                0x0000000008007f18        0x4 d:/st/stm32cubeide_1.9.0/stm32cubeide/plugins/com.st.stm32cube.ide.mcu.externaltools.gnu-tools-for-stm32.10.3-2021.10.win32_1.0.0.202111181127/tools/bin/../lib/gcc/arm-none-eabi/10.3.1/../../../../arm-none-eabi/lib/thumb/v6-m/nofp\libc_nano.a(lib_a-impure.o)
                0x0000000008007f18                _global_impure_ptr
 .rodata.__sf_fake_stderr
                0x0000000008007f1c       0x20 d:/st/stm32cubeide_1.9.0/stm32cubeide/plugins/com.st.stm32cube.ide.mcu.externaltools.gnu-tools-for-stm32.10.3-2021.10.win32_1.0.0.202111181127/tools/bin/../lib/gcc/arm-none-eabi/10.3.1/../../../../arm-none-eabi/lib/thumb/v6-m/nofp\libc_nano.a(lib_a-findfp.o)
                0x0000000008007f1c                __sf_fake_stderr
 .rodata.__sf_fake_stdin
                0x0000000008007f3c       0x20 d:/st/stm32cubeide_1.9.0/stm32cubeide/plugins/com.st.stm32cube.ide.mcu.externaltools.gnu-tools-for-stm32.10.3-2021.10.win32_1.0.0.202111181127/tools/bin/../lib/gcc/arm-none-eabi/10.3.1/../../../../arm-none-eabi/lib/thumb/v6-m/nofp\libc_nano.a(lib_a-findfp.o)
                0x0000000008007f3c                __sf_fake_stdin
 .rodata.__sf_fake_stdout
                0x0000000008007f5c       0x20 d:/st/stm32cubeide_1.9.0/stm32cubeide/plugins/com.st.stm32cube.ide.mcu.externaltools.gnu-tools-for-stm32.10.3-2021.10.win32_1.0.0.202111181127/tools/bin/../lib/gcc/arm-none-eabi/10.3.1/../../../../arm-none-eabi/lib/thumb/v6-m/nofp\libc_nano.a(lib_a-findfp.o)
                0x0000000008007f5c                __sf_fake_stdout
 .rodata._vfprintf_r.str1.1
                0x0000000008007f7c       0x11 d:/st/stm32cubeide_1.9.0/stm32cubeide/plugins/com.st.stm32cube.ide.mcu.externaltools.gnu-tools-for-stm32.10.3-2021.10.win32_1.0.0.202111181127/tools/bin/../lib/gcc/arm-none-eabi/10.3.1/../../../../arm-none-eabi/lib/thumb/v6-m/nofp\libc_nano.a(lib_a-nano-vfprintf.o)
 .rodata._printf_i.str1.1
                0x0000000008007f8d       0x22 d:/st/stm32cubeide_1.9.0/stm32cubeide/plugins/com.st.stm32cube.ide.mcu.externaltools.gnu-tools-for-stm32.10.3-2021.10.win32_1.0.0.202111181127/tools/bin/../lib/gcc/arm-none-eabi/10.3.1/../../../../arm-none-eabi/lib/thumb/v6-m/nofp\libc_nano.a(lib_a-nano-vfprintf_i.o)
                0x0000000008007fb0                . = ALIGN (0x4)
 *fill*         0x0000000008007faf        0x1 

.rel.dyn        0x0000000008007fb0        0x0
 .rel.iplt      0x0000000008007fb0        0x0 d:/st/stm32cubeide_1.9.0/stm32cubeide/plugins/com.st.stm32cube.ide.mcu.externaltools.gnu-tools-for-stm32.10.3-2021.10.win32_1.0.0.202111181127/tools/bin/../lib/gcc/arm-none-eabi/10.3.1/thumb/v6-m/nofp/crtbegin.o

.ARM.extab      0x0000000008007fb0        0x0
                0x0000000008007fb0                . = ALIGN (0x4)
 *(.ARM.extab* .gnu.linkonce.armextab.*)
                0x0000000008007fb0                . = ALIGN (0x4)

.ARM            0x0000000008007fb0        0x0
                0x0000000008007fb0                . = ALIGN (0x4)
                0x0000000008007fb0                __exidx_start = .
 *(.ARM.exidx*)
                0x0000000008007fb0                __exidx_end = .
                0x0000000008007fb0                . = ALIGN (0x4)

.preinit_array  0x0000000008007fb0        0x0
                0x0000000008007fb0                . = ALIGN (0x4)
                0x0000000008007fb0                PROVIDE (__preinit_array_start = .)
 *(.preinit_array*)
                0x0000000008007fb0                PROVIDE (__preinit_array_end = .)
                0x0000000008007fb0                . = ALIGN (0x4)

.init_array     0x0000000008007fb0        0x4
                0x0000000008007fb0                . = ALIGN (0x4)
                0x0000000008007fb0                PROVIDE (__init_array_start = .)
 *(SORT_BY_NAME(.init_array.*))
 *(.init_array*)
 .init_array    0x0000000008007fb0        0x4 d:/st/stm32cubeide_1.9.0/stm32cubeide/plugins/com.st.stm32cube.ide.mcu.externaltools.gnu-tools-for-stm32.10.3-2021.10.win32_1.0.0.202111181127/tools/bin/../lib/gcc/arm-none-eabi/10.3.1/thumb/v6-m/nofp/crtbegin.o
                0x0000000008007fb4                PROVIDE (__init_array_end = .)
                0x0000000008007fb4                . = ALIGN (0x4)

.fini_array     0x0000000008007fb4        0x4
                0x0000000008007fb4                . = ALIGN (0x4)
                [!provide]                        PROVIDE (__fini_array_start = .)
 *(SORT_BY_NAME(.fini_array.*))
 *(.fini_array*)
 .fini_array    0x0000000008007fb4        0x4 d:/st/stm32cubeide_1.9.0/stm32cubeide/plugins/com.st.stm32cube.ide.mcu.externaltools.gnu-tools-for-stm32.10.3-2021.10.win32_1.0.0.202111181127/tools/bin/../lib/gcc/arm-none-eabi/10.3.1/thumb/v6-m/nofp/crtbegin.o
                [!provide]                        PROVIDE (__fini_array_end = .)
                0x0000000008007fb8                . = ALIGN (0x4)
                0x0000000008007fb8                _sidata = LOADADDR (.data)

.data           0x0000000020000000      0x68c load address 0x0000000008007fb8
                0x0000000020000000                . = ALIGN (0x4)
                0x0000000020000000                _sdata = .
 *(.data)
 *(.data*)
 .data.CircleLimitationM1
                0x0000000020000000       0xb4 ./Application/User/mc_config.o
                0x0000000020000000                CircleLimitationM1
 .data.DAC_UI_Params
                0x00000000200000b4       0x3c ./Application/User/mc_config.o
                0x00000000200000b4                DAC_UI_Params
 .data.HALL_M1  0x00000000200000f0       0xc8 ./Application/User/mc_config.o
                0x00000000200000f0                HALL_M1
 .data.PIDIdHandle_M1
                0x00000000200001b8       0x2c ./Application/User/mc_config.o
                0x00000000200001b8                PIDIdHandle_M1
 .data.PIDIqHandle_M1
                0x00000000200001e4       0x2c ./Application/User/mc_config.o
                0x00000000200001e4                PIDIqHandle_M1
 .data.PIDSpeedHandle_M1
                0x0000000020000210       0x2c ./Application/User/mc_config.o
                0x0000000020000210                PIDSpeedHandle_M1
 .data.PQD_MotorPowMeasM1
                0x000000002000023c      0x114 ./Application/User/mc_config.o
                0x000000002000023c                PQD_MotorPowMeasM1
 .data.PWM_Handle_M1
                0x0000000020000350       0x7c ./Application/User/mc_config.o
                0x0000000020000350                PWM_Handle_M1
 .data.RampExtMngrHFParamsM1
                0x00000000200003cc       0x58 ./Application/User/mc_config.o
                0x00000000200003cc                RampExtMngrHFParamsM1
 .data.RealBusVoltageSensorParamsM1
                0x0000000020000424       0x28 ./Application/User/mc_config.o
                0x0000000020000424                RealBusVoltageSensorParamsM1
 .data.SpeednTorqCtrlM1
                0x000000002000044c       0x34 ./Application/User/mc_config.o
                0x000000002000044c                SpeednTorqCtrlM1
 .data.TempSensorParamsM1
                0x0000000020000480       0x28 ./Application/User/mc_config.o
                0x0000000020000480                TempSensorParamsM1
 .data.UI_Params
                0x00000000200004a8       0x30 ./Application/User/mc_config.o
                0x00000000200004a8                UI_Params
 .data.pUSART   0x00000000200004d8      0x13c ./Application/User/mc_config.o
                0x00000000200004d8                pUSART
 .data.wConfig  0x0000000020000614        0x4 ./Application/User/motorcontrol.o
                0x0000000020000614                wConfig
 .data.SystickDividerCounter.0
                0x0000000020000618        0x1 ./Application/User/stm32f0xx_mc_it.o
 *fill*         0x0000000020000619        0x1 
 .data.bCOMATRTimeCounter
                0x000000002000061a        0x2 ./Application/User/ui_task.o
 .data.SystemCoreClock
                0x000000002000061c        0x4 ./Drivers/CMSIS/system_stm32f0xx.o
                0x000000002000061c                SystemCoreClock
 .data.uwTickFreq
                0x0000000020000620        0x1 ./Drivers/STM32F0xx_HAL_Driver/stm32f0xx_hal.o
                0x0000000020000620                uwTickFreq
 *fill*         0x0000000020000621        0x3 
 .data.uwTickPrio
                0x0000000020000624        0x4 ./Drivers/STM32F0xx_HAL_Driver/stm32f0xx_hal.o
                0x0000000020000624                uwTickPrio
 .data._impure_ptr
                0x0000000020000628        0x4 d:/st/stm32cubeide_1.9.0/stm32cubeide/plugins/com.st.stm32cube.ide.mcu.externaltools.gnu-tools-for-stm32.10.3-2021.10.win32_1.0.0.202111181127/tools/bin/../lib/gcc/arm-none-eabi/10.3.1/../../../../arm-none-eabi/lib/thumb/v6-m/nofp\libc_nano.a(lib_a-impure.o)
                0x0000000020000628                _impure_ptr
 .data.impure_data
                0x000000002000062c       0x60 d:/st/stm32cubeide_1.9.0/stm32cubeide/plugins/com.st.stm32cube.ide.mcu.externaltools.gnu-tools-for-stm32.10.3-2021.10.win32_1.0.0.202111181127/tools/bin/../lib/gcc/arm-none-eabi/10.3.1/../../../../arm-none-eabi/lib/thumb/v6-m/nofp\libc_nano.a(lib_a-impure.o)
 *(.RamFunc)
 *(.RamFunc*)
                0x000000002000068c                . = ALIGN (0x4)
                0x000000002000068c                _edata = .

.igot.plt       0x000000002000068c        0x0 load address 0x0000000008008644
 .igot.plt      0x000000002000068c        0x0 d:/st/stm32cubeide_1.9.0/stm32cubeide/plugins/com.st.stm32cube.ide.mcu.externaltools.gnu-tools-for-stm32.10.3-2021.10.win32_1.0.0.202111181127/tools/bin/../lib/gcc/arm-none-eabi/10.3.1/thumb/v6-m/nofp/crtbegin.o
                0x000000002000068c                . = ALIGN (0x4)

.bss            0x000000002000068c      0x438 load address 0x0000000008008644
                0x000000002000068c                _sbss = .
                0x000000002000068c                __bss_start__ = _sbss
 *(.bss)
 .bss           0x000000002000068c       0x1c d:/st/stm32cubeide_1.9.0/stm32cubeide/plugins/com.st.stm32cube.ide.mcu.externaltools.gnu-tools-for-stm32.10.3-2021.10.win32_1.0.0.202111181127/tools/bin/../lib/gcc/arm-none-eabi/10.3.1/thumb/v6-m/nofp/crtbegin.o
 *(.bss*)
 .bss.hadc      0x00000000200006a8       0x40 ./Application/User/main.o
                0x00000000200006a8                hadc
 .bss.hdma_adc  0x00000000200006e8       0x44 ./Application/User/main.o
                0x00000000200006e8                hdma_adc
 .bss.htim1     0x000000002000072c       0x48 ./Application/User/main.o
                0x000000002000072c                htim1
 .bss.htim14    0x0000000020000774       0x48 ./Application/User/main.o
                0x0000000020000774                htim14
 .bss.htim2     0x00000000200007bc       0x48 ./Application/User/main.o
                0x00000000200007bc                htim2
 .bss.huart1    0x0000000020000804       0x84 ./Application/User/main.o
                0x0000000020000804                huart1
 .bss.testVar   0x0000000020000888        0x1 ./Application/User/main.o
                0x0000000020000888                testVar
 *fill*         0x0000000020000889        0x3 
 .bss.RealBusVoltageSensorFilterBufferM1
                0x000000002000088c       0x14 ./Application/User/mc_config.o
                0x000000002000088c                RealBusVoltageSensorFilterBufferM1
 .bss.FOCVars   0x00000000200008a0       0x26 ./Application/User/mc_tasks.o
                0x00000000200008a0                FOCVars
 *fill*         0x00000000200008c6        0x2 
 .bss.MCT       0x00000000200008c8       0x54 ./Application/User/mc_tasks.o
                0x00000000200008c8                MCT
 .bss.Mci       0x000000002000091c       0x1c ./Application/User/mc_tasks.o
                0x000000002000091c                Mci
 .bss.STM       0x0000000020000938        0x6 ./Application/User/mc_tasks.o
                0x0000000020000938                STM
 .bss.bMCBootCompleted
                0x000000002000093e        0x1 ./Application/User/mc_tasks.o
                0x000000002000093e                bMCBootCompleted
 *fill*         0x000000002000093f        0x1 
 .bss.hBootCapDelayCounterM1
                0x0000000020000940        0x2 ./Application/User/mc_tasks.o
 .bss.hMFTaskCounterM1
                0x0000000020000942        0x2 ./Application/User/mc_tasks.o
 .bss.hStopPermanencyCounterM1
                0x0000000020000944        0x2 ./Application/User/mc_tasks.o
 *fill*         0x0000000020000946        0x2 
 .bss.oMCInterface
                0x0000000020000948        0x4 ./Application/User/mc_tasks.o
                0x0000000020000948                oMCInterface
 .bss.pBusSensorM1
                0x000000002000094c        0x4 ./Application/User/mc_tasks.o
                0x000000002000094c                pBusSensorM1
 .bss.pCLM      0x0000000020000950        0x4 ./Application/User/mc_tasks.o
                0x0000000020000950                pCLM
 .bss.pMPM      0x0000000020000954        0x4 ./Application/User/mc_tasks.o
                0x0000000020000954                pMPM
 .bss.pPIDId    0x0000000020000958        0x4 ./Application/User/mc_tasks.o
                0x0000000020000958                pPIDId
 .bss.pPIDIq    0x000000002000095c        0x4 ./Application/User/mc_tasks.o
                0x000000002000095c                pPIDIq
 .bss.pPIDSpeed
                0x0000000020000960        0x4 ./Application/User/mc_tasks.o
                0x0000000020000960                pPIDSpeed
 .bss.pREMNG    0x0000000020000964        0x4 ./Application/User/mc_tasks.o
                0x0000000020000964                pREMNG
 .bss.pSTC      0x0000000020000968        0x4 ./Application/User/mc_tasks.o
                0x0000000020000968                pSTC
 .bss.pTemperatureSensor
                0x000000002000096c        0x4 ./Application/User/mc_tasks.o
                0x000000002000096c                pTemperatureSensor
 .bss.pwmcHandle
                0x0000000020000970        0x4 ./Application/User/mc_tasks.o
                0x0000000020000970                pwmcHandle
 .bss.MPInfo    0x0000000020000974        0x8 ./Application/User/motor_control_protocol.o
                0x0000000020000974                MPInfo
 .bss.pMCI      0x000000002000097c        0x4 ./Application/User/motorcontrol.o
                0x000000002000097c                pMCI
 .bss.pMCT      0x0000000020000980        0x4 ./Application/User/motorcontrol.o
                0x0000000020000980                pMCT
 .bss.RCM_CB_array
                0x0000000020000984       0x20 ./Application/User/regular_conversion_manager.o
                0x0000000020000984                RCM_CB_array
 .bss.RCM_NoInj_array
                0x00000000200009a4       0x18 ./Application/User/regular_conversion_manager.o
                0x00000000200009a4                RCM_NoInj_array
 .bss.RCM_UserConvHandle
                0x00000000200009bc        0x1 ./Application/User/regular_conversion_manager.o
                0x00000000200009bc                RCM_UserConvHandle
 .bss.RCM_UserConvState
                0x00000000200009bd        0x1 ./Application/User/regular_conversion_manager.o
                0x00000000200009bd                RCM_UserConvState
 .bss.RCM_UserConvValue
                0x00000000200009be        0x2 ./Application/User/regular_conversion_manager.o
                0x00000000200009be                RCM_UserConvValue
 .bss.RCM_currentHandle
                0x00000000200009c0        0x1 ./Application/User/regular_conversion_manager.o
                0x00000000200009c0                RCM_currentHandle
 *fill*         0x00000000200009c1        0x3 
 .bss.RCM_handle_array
                0x00000000200009c4       0x10 ./Application/User/regular_conversion_manager.o
                0x00000000200009c4                RCM_handle_array
 .bss.__sbrk_heap_end
                0x00000000200009d4        0x4 ./Application/User/sysmem.o
 .bss.MCP_UI_Params
                0x00000000200009d8       0xcc ./Application/User/ui_task.o
                0x00000000200009d8                MCP_UI_Params
 .bss.bCOMTimeoutCounter
                0x0000000020000aa4        0x2 ./Application/User/ui_task.o
 .bss.bUITaskCounter
                0x0000000020000aa6        0x2 ./Application/User/ui_task.o
 .bss.pDAC      0x0000000020000aa8        0x4 ./Application/User/ui_task.o
                0x0000000020000aa8                pDAC
 .bss.pMCP      0x0000000020000aac        0x4 ./Application/User/ui_task.o