C:/Users/UL/Desktop/Ankit/STSpin3201Hall-Test1/MCSDK_v5.4.8/MotorControl/MCSDK/MCLib/Any/Src/state_machine.c:48:13:STM_Init	0	static
C:/Users/UL/Desktop/Ankit/STSpin3201Hall-Test1/MCSDK_v5.4.8/MotorControl/MCSDK/MCLib/Any/Src/state_machine.c:275:16:STM_FaultProcessing	8	static
C:/Users/UL/Desktop/Ankit/STSpin3201Hall-Test1/MCSDK_v5.4.8/MotorControl/MCSDK/MCLib/Any/Src/state_machine.c:72:13:STM_NextState	8	static
C:/Users/UL/Desktop/Ankit/STSpin3201Hall-Test1/MCSDK_v5.4.8/MotorControl/MCSDK/MCLib/Any/Src/state_machine.c:316:16:STM_GetState	0	static
C:/Users/UL/Desktop/Ankit/STSpin3201Hall-Test1/MCSDK_v5.4.8/MotorControl/MCSDK/MCLib/Any/Src/state_machine.c:332:13:STM_FaultAcknowledged	0	static
C:/Users/UL/Desktop/Ankit/STSpin3201Hall-Test1/MCSDK_v5.4.8/MotorControl/MCSDK/MCLib/Any/Src/state_machine.c:358:17:STM_GetFaultState	0	static
