C:/Users/UL/Desktop/Ankit/STSpin3201Hall-Test1/Src/mc_interface.c:64:13:MCI_Init	0	static
C:/Users/UL/Desktop/Ankit/STSpin3201Hall-Test1/Src/mc_interface.c:91:13:MCI_ExecSpeedRamp	0	static
C:/Users/UL/Desktop/Ankit/STSpin3201Hall-Test1/Src/mc_interface.c:117:13:MCI_ExecTorqueRamp	0	static
C:/Users/UL/Desktop/Ankit/STSpin3201Hall-Test1/Src/mc_interface.c:137:13:MCI_SetCurrentReferences	8	static
C:/Users/UL/Desktop/Ankit/STSpin3201Hall-Test1/Src/mc_interface.c:167:13:MCI_StartMotor	8	static
C:/Users/UL/Desktop/Ankit/STSpin3201Hall-Test1/Src/mc_interface.c:195:13:MCI_StopMotor	8	static
C:/Users/UL/Desktop/Ankit/STSpin3201Hall-Test1/Src/mc_interface.c:201:13:MCI_OSC_HOME	8	static
C:/Users/UL/Desktop/Ankit/STSpin3201Hall-Test1/Src/mc_interface.c:226:13:MCI_FaultAcknowledged	8	static
C:/Users/UL/Desktop/Ankit/STSpin3201Hall-Test1/Src/mc_interface.c:246:13:MCI_EncoderAlign	8	static
C:/Users/UL/Desktop/Ankit/STSpin3201Hall-Test1/Src/mc_interface.c:259:13:MCI_ExecBufferedCommands	8	static
C:/Users/UL/Desktop/Ankit/STSpin3201Hall-Test1/Src/mc_interface.c:319:28:MCI_IsCommandAcknowledged	0	static
C:/Users/UL/Desktop/Ankit/STSpin3201Hall-Test1/Src/mc_interface.c:336:17:MCI_GetSTMState	8	static
C:/Users/UL/Desktop/Ankit/STSpin3201Hall-Test1/Src/mc_interface.c:352:17:MCI_GetOccurredFaults	8	static
C:/Users/UL/Desktop/Ankit/STSpin3201Hall-Test1/Src/mc_interface.c:366:17:MCI_GetCurrentFaults	8	static
C:/Users/UL/Desktop/Ankit/STSpin3201Hall-Test1/Src/mc_interface.c:377:23:MCI_GetControlMode	0	static
C:/Users/UL/Desktop/Ankit/STSpin3201Hall-Test1/Src/mc_interface.c:389:16:MCI_GetImposedMotorDirection	0	static
C:/Users/UL/Desktop/Ankit/STSpin3201Hall-Test1/Src/mc_interface.c:426:16:MCI_GetLastRampFinalSpeed	0	static
C:/Users/UL/Desktop/Ankit/STSpin3201Hall-Test1/Src/mc_interface.c:443:13:MCI_RampCompleted	8	static
C:/Users/UL/Desktop/Ankit/STSpin3201Hall-Test1/Src/mc_interface.c:463:13:MCI_StopSpeedRamp	8	static
C:/Users/UL/Desktop/Ankit/STSpin3201Hall-Test1/Src/mc_interface.c:472:13:MCI_StopRamp	8	static
C:/Users/UL/Desktop/Ankit/STSpin3201Hall-Test1/Src/mc_interface.c:485:13:MCI_GetSpdSensorReliability	8	static
C:/Users/UL/Desktop/Ankit/STSpin3201Hall-Test1/Src/mc_interface.c:498:16:MCI_GetAvrgMecSpeedUnit	8	static
C:/Users/UL/Desktop/Ankit/STSpin3201Hall-Test1/Src/mc_interface.c:511:16:MCI_GetMecSpeedRefUnit	8	static
C:/Users/UL/Desktop/Ankit/STSpin3201Hall-Test1/Src/mc_interface.c:521:13:MCI_GetIab	16	static
C:/Users/UL/Desktop/Ankit/STSpin3201Hall-Test1/Src/mc_interface.c:531:20:MCI_GetIalphabeta	16	static
C:/Users/UL/Desktop/Ankit/STSpin3201Hall-Test1/Src/mc_interface.c:541:13:MCI_GetIqd	16	static
C:/Users/UL/Desktop/Ankit/STSpin3201Hall-Test1/Src/mc_interface.c:552:13:MCI_GetIqdHF	16	static
C:/Users/UL/Desktop/Ankit/STSpin3201Hall-Test1/Src/mc_interface.c:562:13:MCI_GetIqdref	16	static
C:/Users/UL/Desktop/Ankit/STSpin3201Hall-Test1/Src/mc_interface.c:572:13:MCI_GetVqd	16	static
C:/Users/UL/Desktop/Ankit/STSpin3201Hall-Test1/Src/mc_interface.c:582:20:MCI_GetValphabeta	16	static
C:/Users/UL/Desktop/Ankit/STSpin3201Hall-Test1/Src/mc_interface.c:593:16:MCI_GetElAngledpp	0	static
C:/Users/UL/Desktop/Ankit/STSpin3201Hall-Test1/Src/mc_interface.c:604:16:MCI_GetTeref	0	static
C:/Users/UL/Desktop/Ankit/STSpin3201Hall-Test1/Src/mc_interface.c:616:16:MCI_GetPhaseCurrentAmplitude	8	static
C:/Users/UL/Desktop/Ankit/STSpin3201Hall-Test1/Src/mc_interface.c:643:16:MCI_GetPhaseVoltageAmplitude	8	static
C:/Users/UL/Desktop/Ankit/STSpin3201Hall-Test1/Src/mc_interface.c:672:13:MCI_SetIdref	0	static
C:/Users/UL/Desktop/Ankit/STSpin3201Hall-Test1/Src/mc_interface.c:683:13:MCI_Clear_Iqdref	8	static
