C:/Users/UL/Desktop/Ankit/STSpin3201Hall-Test1/Src/user_interface.c:61:13:UI_Init	0	static
C:/Users/UL/Desktop/Ankit/STSpin3201Hall-Test1/Src/user_interface.c:76:13:UI_SelectMC	0	static
C:/Users/UL/Desktop/Ankit/STSpin3201Hall-Test1/Src/user_interface.c:95:16:UI_GetSelectedMC	0	static
C:/Users/UL/Desktop/Ankit/STSpin3201Hall-Test1/Src/user_interface.c:107:17:UI_GetSelectedMCConfig	0	static
C:/Users/UL/Desktop/Ankit/STSpin3201Hall-Test1/Src/user_interface.c:120:13:UI_SetReg	24	static
C:/Users/UL/Desktop/Ankit/STSpin3201Hall-Test1/Src/user_interface.c:635:13:UI_ExecCmd	16	static
C:/Users/UL/Desktop/Ankit/STSpin3201Hall-Test1/Src/user_interface.c:728:13:UI_ExecSpeedRamp	16	static
C:/Users/UL/Desktop/Ankit/STSpin3201Hall-Test1/Src/user_interface.c:745:13:UI_ExecTorqueRamp	8	static
C:/Users/UL/Desktop/Ankit/STSpin3201Hall-Test1/Src/user_interface.c:771:13:UI_GetRevupData	24	static
C:/Users/UL/Desktop/Ankit/STSpin3201Hall-Test1/Src/user_interface.c:802:13:UI_SetRevupData	24	static
C:/Users/UL/Desktop/Ankit/STSpin3201Hall-Test1/Src/user_interface.c:823:13:UI_SetCurrentReferences	16	static
C:/Users/UL/Desktop/Ankit/STSpin3201Hall-Test1/Src/user_interface.c:842:13:UI_GetMPInfo	0	static
C:/Users/UL/Desktop/Ankit/STSpin3201Hall-Test1/Src/user_interface.c:852:13:UI_DACInit	8	static
C:/Users/UL/Desktop/Ankit/STSpin3201Hall-Test1/Src/user_interface.c:865:6:UI_DACExec	8	static
C:/Users/UL/Desktop/Ankit/STSpin3201Hall-Test1/Src/user_interface.c:883:6:UI_SetDAC	8	static
C:/Users/UL/Desktop/Ankit/STSpin3201Hall-Test1/Src/user_interface.c:900:26:UI_GetDAC	8	static
C:/Users/UL/Desktop/Ankit/STSpin3201Hall-Test1/Src/user_interface.c:240:16:UI_GetReg	64	static
C:/Users/UL/Desktop/Ankit/STSpin3201Hall-Test1/Src/user_interface.c:917:13:UI_SetUserDAC	8	static
