E:/Consulting/VEOL/ArthroscopicShaver/Hardware/BLDC-Motor/STSpin3201Hall-Test1/MCSDK_v5.4.8/MotorControl/MCSDK/MCLib/Any/Src/hall_speed_pos_fdbk.c:86:13:HALL_Init	32	static
E:/Consulting/VEOL/ArthroscopicShaver/Hardware/BLDC-Motor/STSpin3201Hall-Test1/MCSDK_v5.4.8/MotorControl/MCSDK/MCLib/Any/Src/hall_speed_pos_fdbk.c:182:13:HALL_Clear	16	static
E:/Consulting/VEOL/ArthroscopicShaver/Hardware/BLDC-Motor/STSpin3201Hall-Test1/MCSDK_v5.4.8/MotorControl/MCSDK/MCLib/Any/Src/hall_speed_pos_fdbk.c:238:16:HALL_CalcElAngle	8	static
E:/Consulting/VEOL/ArthroscopicShaver/Hardware/BLDC-Motor/STSpin3201Hall-Test1/MCSDK_v5.4.8/MotorControl/MCSDK/MCLib/Any/Src/hall_speed_pos_fdbk.c:276:13:HALL_CalcAvrgMecSpeedUnit	16	static
E:/Consulting/VEOL/ArthroscopicShaver/Hardware/BLDC-Motor/STSpin3201Hall-Test1/MCSDK_v5.4.8/MotorControl/MCSDK/MCLib/Any/Src/hall_speed_pos_fdbk.c:356:15:HALL_TIMx_CC_IRQHandler	24	static
E:/Consulting/VEOL/ArthroscopicShaver/Hardware/BLDC-Motor/STSpin3201Hall-Test1/MCSDK_v5.4.8/MotorControl/MCSDK/MCLib/Any/Src/hall_speed_pos_fdbk.c:648:15:HALL_TIMx_UP_IRQHandler	16	static
E:/Consulting/VEOL/ArthroscopicShaver/Hardware/BLDC-Motor/STSpin3201Hall-Test1/MCSDK_v5.4.8/MotorControl/MCSDK/MCLib/Any/Src/hall_speed_pos_fdbk.c:757:13:HALL_SetMecAngle	0	static
