E:/Consulting/VEOL/ArthroscopicShaver/Hardware/BLDC-Motor/STSpin3201Hall-Test1/MCSDK_v5.4.8/MotorControl/MCSDK/MCLib/Any/Src/virtual_speed_sensor.c:68:13:VSS_Clear	16	static
E:/Consulting/VEOL/ArthroscopicShaver/Hardware/BLDC-Motor/STSpin3201Hall-Test1/MCSDK_v5.4.8/MotorControl/MCSDK/MCLib/Any/Src/virtual_speed_sensor.c:53:13:VSS_Init	8	static
E:/Consulting/VEOL/ArthroscopicShaver/Hardware/BLDC-Motor/STSpin3201Hall-Test1/MCSDK_v5.4.8/MotorControl/MCSDK/MCLib/Any/Src/virtual_speed_sensor.c:112:16:VSS_CalcElAngle	24	static
E:/Consulting/VEOL/ArthroscopicShaver/Hardware/BLDC-Motor/STSpin3201Hall-Test1/MCSDK_v5.4.8/MotorControl/MCSDK/MCLib/Any/Src/virtual_speed_sensor.c:216:13:VSS_CalcAvrgMecSpeedUnit	16	static
E:/Consulting/VEOL/ArthroscopicShaver/Hardware/BLDC-Motor/STSpin3201Hall-Test1/MCSDK_v5.4.8/MotorControl/MCSDK/MCLib/Any/Src/virtual_speed_sensor.c:273:13:VSS_SetMecAngle	16	static
E:/Consulting/VEOL/ArthroscopicShaver/Hardware/BLDC-Motor/STSpin3201Hall-Test1/MCSDK_v5.4.8/MotorControl/MCSDK/MCLib/Any/Src/virtual_speed_sensor.c:293:14:VSS_SetMecAcceleration	32	static
E:/Consulting/VEOL/ArthroscopicShaver/Hardware/BLDC-Motor/STSpin3201Hall-Test1/MCSDK_v5.4.8/MotorControl/MCSDK/MCLib/Any/Src/virtual_speed_sensor.c:352:13:VSS_RampCompleted	0	static
E:/Consulting/VEOL/ArthroscopicShaver/Hardware/BLDC-Motor/STSpin3201Hall-Test1/MCSDK_v5.4.8/MotorControl/MCSDK/MCLib/Any/Src/virtual_speed_sensor.c:368:17:VSS_GetLastRampFinalSpeed	0	static
E:/Consulting/VEOL/ArthroscopicShaver/Hardware/BLDC-Motor/STSpin3201Hall-Test1/MCSDK_v5.4.8/MotorControl/MCSDK/MCLib/Any/Src/virtual_speed_sensor.c:384:13:VSS_SetStartTransition	0	static
E:/Consulting/VEOL/ArthroscopicShaver/Hardware/BLDC-Motor/STSpin3201Hall-Test1/MCSDK_v5.4.8/MotorControl/MCSDK/MCLib/Any/Src/virtual_speed_sensor.c:406:13:VSS_IsTransitionOngoing	0	static
E:/Consulting/VEOL/ArthroscopicShaver/Hardware/BLDC-Motor/STSpin3201Hall-Test1/MCSDK_v5.4.8/MotorControl/MCSDK/MCLib/Any/Src/virtual_speed_sensor.c:426:13:VSS_TransitionEnded	0	static
E:/Consulting/VEOL/ArthroscopicShaver/Hardware/BLDC-Motor/STSpin3201Hall-Test1/MCSDK_v5.4.8/MotorControl/MCSDK/MCLib/Any/Src/virtual_speed_sensor.c:436:13:VSS_SetCopyObserver	0	static
E:/Consulting/VEOL/ArthroscopicShaver/Hardware/BLDC-Motor/STSpin3201Hall-Test1/MCSDK_v5.4.8/MotorControl/MCSDK/MCLib/Any/Src/virtual_speed_sensor.c:447:13:VSS_SetElAngle	0	static
